******************************************************************************
                  TI ARM Linker PC v18.1.4                     
******************************************************************************
>> Linked Tue Dec 18 18:33:12 2018

OUTPUT FILE NAME:   <motor_front_switch.out>
ENTRY POINT SYMBOL: "_c_int00_noargs"  address: 00000e71


MEMORY CONFIGURATION

         name            origin    length      used     unused   attr    fill
----------------------  --------  ---------  --------  --------  ----  --------
  MAIN                  00000000   00040000  00000f3a  0003f0c6  R  X
  INFO                  00200000   00004000  00000000  00004000  R  X
  SRAM_CODE             01000000   00010000  00000224  0000fddc  RW X
  SRAM_DATA             20000000   00010000  00000224  0000fddc  RW  


SEGMENT ALLOCATION MAP

run origin  load origin   length   init length attrs members
----------  ----------- ---------- ----------- ----- -------
00000000    00000000    00000f40   00000f40    r-x
  00000000    00000000    000000e4   000000e4    r-- .intvecs
  000000e4    000000e4    00000e1e   00000e1e    r-x .text
  00000f08    00000f08    00000038   00000038    r-- .cinit
20000000    20000000    00000024   00000000    rw-
  20000000    20000000    00000020   00000000    rw- .data
  20000020    20000020    00000004   00000000    rw- .bss
2000fe00    2000fe00    00000200   00000000    rw-
  2000fe00    2000fe00    00000200   00000000    rw- .stack


SECTION ALLOCATION MAP

 output                                  attributes/
section   page    origin      length       input sections
--------  ----  ----------  ----------   ----------------
.intvecs   0    00000000    000000e4     
                  00000000    000000e4     startup_msp432p401r_ccs.obj (.intvecs:retain)

.text      0    000000e4    00000e1e     
                  000000e4    00000334     system_msp432p401r.obj (.text)
                  00000418    000002d4     main.obj (.text)
                  000006ec    00000228     PWM.obj (.text)
                  00000914    000001e0     Clock.obj (.text)
                  00000af4    0000018c     Motor.obj (.text)
                  00000c80    000000a8     TimerA1.obj (.text)
                  00000d28    0000009c     rtsv7M4_T_le_v4SPD16_eabi.lib : memcpy_t2.asm.obj (.text)
                  00000dc4    00000068                                   : copy_decompress_lzss.c.obj (.text:decompress:lzss:__TI_decompress_lzss)
                  00000e2c    00000044                                   : autoinit.c.obj (.text:__TI_auto_init_nobinit_nopinit:__TI_auto_init_nobinit_nopinit)
                  00000e70    00000038                                   : boot_cortex_m.c.obj (.text:_c_int00_noargs:_c_int00_noargs)
                  00000ea8    00000024     CortexM.obj (.text)
                  00000ecc    00000012     rtsv7M4_T_le_v4SPD16_eabi.lib : copy_zero_init.c.obj (.text:decompress:ZI:__TI_zero_init_nomemset:__TI_zero_init_nomemset)
                  00000ede    0000000e                                   : copy_decompress_none.c.obj (.text:decompress:none:__TI_decompress_none)
                  00000eec    0000000e     startup_msp432p401r_ccs.obj (.text)
                  00000efa    00000004     rtsv7M4_T_le_v4SPD16_eabi.lib : pre_init.c.obj (.text:_system_pre_init)
                  00000efe    00000004                                   : exit.c.obj (.text:abort:abort)

.cinit     0    00000f08    00000038     
                  00000f08    00000011     (.cinit..data.load) [load image, compression = lzss]
                  00000f19    00000003     --HOLE-- [fill = 0]
                  00000f1c    0000000c     (__TI_handler_table)
                  00000f28    00000008     (.cinit..bss.load) [load image, compression = zero_init]
                  00000f30    00000010     (__TI_cinit_table)

.init_array 
*          0    00000000    00000000     UNINITIALIZED

.binit     0    00000000    00000000     

.data      0    20000000    00000020     UNINITIALIZED
                  20000000    00000018     Clock.obj (.data)
                  20000018    00000004     main.obj (.data)
                  2000001c    00000004     system_msp432p401r.obj (.data)

.bss       0    20000020    00000004     UNINITIALIZED
                  20000020    00000004     (.common:TimerA1Task)

.stack     0    2000fe00    00000200     UNINITIALIZED
                  2000fe00    00000004     rtsv7M4_T_le_v4SPD16_eabi.lib : boot_cortex_m.c.obj (.stack)
                  2000fe04    000001fc     --HOLE--

MODULE SUMMARY

       Module                        code   ro data   rw data
       ------                        ----   -------   -------
    .\
       system_msp432p401r.obj        820    0         8      
       main.obj                      724    0         8      
       PWM.obj                       552    0         0      
       Clock.obj                     480    0         48     
       Motor.obj                     396    0         0      
       startup_msp432p401r_ccs.obj   14     228       0      
       TimerA1.obj                   168    0         8      
       CortexM.obj                   36     0         0      
    +--+-----------------------------+------+---------+---------+
       Total:                        3190   228       72     
                                                             
    C:\ti\ccsv8\tools\compiler\ti-cgt-arm_18.1.4.LTS\lib\rtsv7M4_T_le_v4SPD16_eabi.lib
       memcpy_t2.asm.obj             156    0         0      
       copy_decompress_lzss.c.obj    104    0         0      
       autoinit.c.obj                68     0         0      
       boot_cortex_m.c.obj           56     0         0      
       copy_zero_init.c.obj          18     0         0      
       copy_decompress_none.c.obj    14     0         0      
       exit.c.obj                    4      0         0      
       pre_init.c.obj                4      0         0      
    +--+-----------------------------+------+---------+---------+
       Total:                        424    0         0      
                                                             
       Stack:                        0      0         1024   
       Linker Generated:             0      53        0      
    +--+-----------------------------+------+---------+---------+
       Grand Total:                  3614   281       1096   


LINKER GENERATED COPY TABLES

__TI_cinit_table @ 00000f30 records: 2, size/record: 8, table size: 16
	.data: load addr=00000f08, load size=00000011 bytes, run addr=20000000, run size=00000020 bytes, compression=lzss
	.bss: load addr=00000f28, load size=00000008 bytes, run addr=20000020, run size=00000004 bytes, compression=zero_init


LINKER GENERATED HANDLER TABLE

__TI_handler_table @ 00000f1c records: 3, size/record: 4, table size: 12
	index: 0, handler: __TI_decompress_lzss
	index: 1, handler: __TI_decompress_none
	index: 2, handler: __TI_zero_init


GLOBAL SYMBOLS: SORTED ALPHABETICALLY BY Name 

address   name                           
-------   ----                           
00000ef9  ADC14_IRQHandler               
00000ef9  AES256_IRQHandler              
000004f1  BumpSwitch_Init                
00000525  BumpSwitch_Read                
00000ef9  BusFault_Handler               
00000eff  C$$EXIT                        
00000ef9  COMP_E0_IRQHandler             
00000ef9  COMP_E1_IRQHandler             
20000008  CPMwait                        
00000ef9  CS_IRQHandler                  
0000053f  CheckBumper                    
20000000  ClockFrequency                 
00000a69  Clock_Delay1ms                 
00000a3f  Clock_Delay1us                 
00000a2b  Clock_GetFreq                  
00000915  Clock_Init48MHz                
20000014  Crystalstable                  
00000ef9  DMA_ERR_IRQHandler             
00000ef9  DMA_INT0_IRQHandler            
00000ef9  DMA_INT1_IRQHandler            
00000ef9  DMA_INT2_IRQHandler            
00000ef9  DMA_INT3_IRQHandler            
00000ef9  DebugMon_Handler               
00000ef9  Default_Handler                
00000ea9  DisableInterrupts              
00000ef9  EUSCIA0_IRQHandler             
00000ef9  EUSCIA1_IRQHandler             
00000ef9  EUSCIA2_IRQHandler             
00000ef9  EUSCIA3_IRQHandler             
00000ef9  EUSCIB0_IRQHandler             
00000ef9  EUSCIB1_IRQHandler             
00000ef9  EUSCIB2_IRQHandler             
00000ef9  EUSCIB3_IRQHandler             
00000eaf  EnableInterrupts               
00000ebf  EndCritical                    
00000ef9  FLCTL_IRQHandler               
00000ef9  FPU_IRQHandler                 
00000ef9  HardFault_Handler              
20000010  IFlags                         
00000419  MSP432_Launchpad_ColorLED_Init 
0000044d  MSP432_Launchpad_ColorLED_Write
0000046b  MSP432_Launchpad_RedLED_Init   
00000495  MSP432_Launchpad_RedLED_Write  
000004b3  MSP432_Launchpad_SW_Init       
000004e7  MSP432_Launchpad_SW_Read       
00000ef9  MemManage_Handler              
00000c23  Motor_Backward                 
00000b5b  Motor_Forward                  
00000af5  Motor_Init                     
00000bdd  Motor_Left                     
00000b97  Motor_Right                    
00000b47  Motor_Stop                     
00000ef9  NMI_Handler                    
00000ef9  PCM_IRQHandler                 
00000ef9  PORT1_IRQHandler               
00000ef9  PORT2_IRQHandler               
00000ef9  PORT3_IRQHandler               
00000ef9  PORT4_IRQHandler               
00000ef9  PORT5_IRQHandler               
00000ef9  PORT6_IRQHandler               
00000ef9  PSS_IRQHandler                 
000007d7  PWM_Duty1                      
000007f7  PWM_Duty2                      
0000089b  PWM_Duty3                      
000008bb  PWM_Duty4                      
000006ed  PWM_Init1                      
00000753  PWM_Init12                     
00000817  PWM_Init34                     
00000ef9  PendSV_Handler                 
2000000c  Postwait                       
20000004  Prewait                        
00000ef9  RTC_C_IRQHandler               
00000eed  Reset_Handler                  
20000018  Running                        
00000ef9  SVC_Handler                    
00000eb5  StartCritical                  
00000ef9  SysTick_Handler                
2000001c  SystemCoreClock                
000000e5  SystemCoreClockUpdate          
0000035d  SystemInit                     
00000ef9  T32_INT1_IRQHandler            
00000ef9  T32_INT2_IRQHandler            
00000ef9  T32_INTC_IRQHandler            
00000ef9  TA0_0_IRQHandler               
00000ef9  TA0_N_IRQHandler               
00000cf3  TA1_0_IRQHandler               
00000cf3  TA1_0_IRQHandler               
00000ef9  TA1_N_IRQHandler               
00000ef9  TA2_0_IRQHandler               
00000ef9  TA2_N_IRQHandler               
00000ef9  TA3_0_IRQHandler               
00000ef9  TA3_N_IRQHandler               
0000052f  TimePause                      
20000020  TimerA1Task                    
00000c81  TimerA1_Init                   
00000cdf  TimerA1_Stop                   
00000ef9  UsageFault_Handler             
4000480c  WDTCTL_SYM                     
00000ef9  WDT_A_IRQHandler               
00000ec7  WaitForInterrupt               
20010000  __STACK_END                    
00000200  __STACK_SIZE                   
00000f30  __TI_CINIT_Base                
00000f40  __TI_CINIT_Limit               
00000f1c  __TI_Handler_Table_Base        
00000f28  __TI_Handler_Table_Limit       
00000e2d  __TI_auto_init_nobinit_nopinit 
00000dc5  __TI_decompress_lzss           
00000edf  __TI_decompress_none           
ffffffff  __TI_pprof_out_hndl            
ffffffff  __TI_prof_data_size            
ffffffff  __TI_prof_data_start           
00000000  __TI_static_base__             
00000ecd  __TI_zero_init_nomemset        
00000d29  __aeabi_memcpy                 
00000d29  __aeabi_memcpy4                
00000d29  __aeabi_memcpy8                
ffffffff  __binit__                      
ffffffff  __c_args__                     
UNDEFED   __mpu_init                     
2000fe00  __stack                        
00000e71  _c_int00_noargs                
UNDEFED   _system_post_cinit             
00000efb  _system_pre_init               
00000eff  abort                          
ffffffff  binit                          
00000a31  delay                          
00000000  interruptVectors               
0000062b  main                           
00000d29  memcpy                         


GLOBAL SYMBOLS: SORTED BY Symbol Address 

address   name                           
-------   ----                           
00000000  __TI_static_base__             
00000000  interruptVectors               
000000e5  SystemCoreClockUpdate          
00000200  __STACK_SIZE                   
0000035d  SystemInit                     
00000419  MSP432_Launchpad_ColorLED_Init 
0000044d  MSP432_Launchpad_ColorLED_Write
0000046b  MSP432_Launchpad_RedLED_Init   
00000495  MSP432_Launchpad_RedLED_Write  
000004b3  MSP432_Launchpad_SW_Init       
000004e7  MSP432_Launchpad_SW_Read       
000004f1  BumpSwitch_Init                
00000525  BumpSwitch_Read                
0000052f  TimePause                      
0000053f  CheckBumper                    
0000062b  main                           
000006ed  PWM_Init1                      
00000753  PWM_Init12                     
000007d7  PWM_Duty1                      
000007f7  PWM_Duty2                      
00000817  PWM_Init34                     
0000089b  PWM_Duty3                      
000008bb  PWM_Duty4                      
00000915  Clock_Init48MHz                
00000a2b  Clock_GetFreq                  
00000a31  delay                          
00000a3f  Clock_Delay1us                 
00000a69  Clock_Delay1ms                 
00000af5  Motor_Init                     
00000b47  Motor_Stop                     
00000b5b  Motor_Forward                  
00000b97  Motor_Right                    
00000bdd  Motor_Left                     
00000c23  Motor_Backward                 
00000c81  TimerA1_Init                   
00000cdf  TimerA1_Stop                   
00000cf3  TA1_0_IRQHandler               
00000cf3  TA1_0_IRQHandler               
00000d29  __aeabi_memcpy                 
00000d29  __aeabi_memcpy4                
00000d29  __aeabi_memcpy8                
00000d29  memcpy                         
00000dc5  __TI_decompress_lzss           
00000e2d  __TI_auto_init_nobinit_nopinit 
00000e71  _c_int00_noargs                
00000ea9  DisableInterrupts              
00000eaf  EnableInterrupts               
00000eb5  StartCritical                  
00000ebf  EndCritical                    
00000ec7  WaitForInterrupt               
00000ecd  __TI_zero_init_nomemset        
00000edf  __TI_decompress_none           
00000eed  Reset_Handler                  
00000ef9  ADC14_IRQHandler               
00000ef9  AES256_IRQHandler              
00000ef9  BusFault_Handler               
00000ef9  COMP_E0_IRQHandler             
00000ef9  COMP_E1_IRQHandler             
00000ef9  CS_IRQHandler                  
00000ef9  DMA_ERR_IRQHandler             
00000ef9  DMA_INT0_IRQHandler            
00000ef9  DMA_INT1_IRQHandler            
00000ef9  DMA_INT2_IRQHandler            
00000ef9  DMA_INT3_IRQHandler            
00000ef9  DebugMon_Handler               
00000ef9  Default_Handler                
00000ef9  EUSCIA0_IRQHandler             
00000ef9  EUSCIA1_IRQHandler             
00000ef9  EUSCIA2_IRQHandler             
00000ef9  EUSCIA3_IRQHandler             
00000ef9  EUSCIB0_IRQHandler             
00000ef9  EUSCIB1_IRQHandler             
00000ef9  EUSCIB2_IRQHandler             
00000ef9  EUSCIB3_IRQHandler             
00000ef9  FLCTL_IRQHandler               
00000ef9  FPU_IRQHandler                 
00000ef9  HardFault_Handler              
00000ef9  MemManage_Handler              
00000ef9  NMI_Handler                    
00000ef9  PCM_IRQHandler                 
00000ef9  PORT1_IRQHandler               
00000ef9  PORT2_IRQHandler               
00000ef9  PORT3_IRQHandler               
00000ef9  PORT4_IRQHandler               
00000ef9  PORT5_IRQHandler               
00000ef9  PORT6_IRQHandler               
00000ef9  PSS_IRQHandler                 
00000ef9  PendSV_Handler                 
00000ef9  RTC_C_IRQHandler               
00000ef9  SVC_Handler                    
00000ef9  SysTick_Handler                
00000ef9  T32_INT1_IRQHandler            
00000ef9  T32_INT2_IRQHandler            
00000ef9  T32_INTC_IRQHandler            
00000ef9  TA0_0_IRQHandler               
00000ef9  TA0_N_IRQHandler               
00000ef9  TA1_N_IRQHandler               
00000ef9  TA2_0_IRQHandler               
00000ef9  TA2_N_IRQHandler               
00000ef9  TA3_0_IRQHandler               
00000ef9  TA3_N_IRQHandler               
00000ef9  UsageFault_Handler             
00000ef9  WDT_A_IRQHandler               
00000efb  _system_pre_init               
00000eff  C$$EXIT                        
00000eff  abort                          
00000f1c  __TI_Handler_Table_Base        
00000f28  __TI_Handler_Table_Limit       
00000f30  __TI_CINIT_Base                
00000f40  __TI_CINIT_Limit               
20000000  ClockFrequency                 
20000004  Prewait                        
20000008  CPMwait                        
2000000c  Postwait                       
20000010  IFlags                         
20000014  Crystalstable                  
20000018  Running                        
2000001c  SystemCoreClock                
20000020  TimerA1Task                    
2000fe00  __stack                        
20010000  __STACK_END                    
4000480c  WDTCTL_SYM                     
ffffffff  __TI_pprof_out_hndl            
ffffffff  __TI_prof_data_size            
ffffffff  __TI_prof_data_start           
ffffffff  __binit__                      
ffffffff  __c_args__                     
ffffffff  binit                          
UNDEFED   __mpu_init                     
UNDEFED   _system_post_cinit             

[130 symbols]
