******************************************************************************
                  TI ARM Linker PC v18.1.4                     
******************************************************************************
>> Linked Fri Dec  7 02:06:37 2018

OUTPUT FILE NAME:   <motor_front_switch.out>
ENTRY POINT SYMBOL: "_c_int00_noargs"  address: 00000f79


MEMORY CONFIGURATION

         name            origin    length      used     unused   attr    fill
----------------------  --------  ---------  --------  --------  ----  --------
  MAIN                  00000000   00040000  00001042  0003efbe  R  X
  INFO                  00200000   00004000  00000000  00004000  R  X
  SRAM_CODE             01000000   00010000  00000224  0000fddc  RW X
  SRAM_DATA             20000000   00010000  00000224  0000fddc  RW  


SEGMENT ALLOCATION MAP

run origin  load origin   length   init length attrs members
----------  ----------- ---------- ----------- ----- -------
00000000    00000000    00001048   00001048    r-x
  00000000    00000000    000000e4   000000e4    r-- .intvecs
  000000e4    000000e4    00000f26   00000f26    r-x .text
  00001010    00001010    00000038   00000038    r-- .cinit
20000000    20000000    00000024   00000000    rw-
  20000000    20000000    00000020   00000000    rw- .data
  20000020    20000020    00000004   00000000    rw- .bss
2000fe00    2000fe00    00000200   00000000    rw-
  2000fe00    2000fe00    00000200   00000000    rw- .stack


SECTION ALLOCATION MAP

 output                                  attributes/
section   page    origin      length       input sections
--------  ----  ----------  ----------   ----------------
.intvecs   0    00000000    000000e4     
                  00000000    000000e4     startup_msp432p401r_ccs.obj (.intvecs:retain)

.text      0    000000e4    00000f26     
                  000000e4    00000334     system_msp432p401r.obj (.text)
                  00000418    000002e8     main.obj (.text)
                  00000700    00000228     PWM.obj (.text)
                  00000928    000001e0     Clock.obj (.text)
                  00000b08    0000018c     Motor.obj (.text)
                  00000c94    000000f4     LaunchPad.obj (.text)
                  00000d88    000000a8     TimerA1.obj (.text)
                  00000e30    0000009c     rtsv7M4_T_le_v4SPD16_eabi.lib : memcpy_t2.asm.obj (.text)
                  00000ecc    00000068                                   : copy_decompress_lzss.c.obj (.text:decompress:lzss:__TI_decompress_lzss)
                  00000f34    00000044                                   : autoinit.c.obj (.text:__TI_auto_init_nobinit_nopinit:__TI_auto_init_nobinit_nopinit)
                  00000f78    00000038                                   : boot_cortex_m.c.obj (.text:_c_int00_noargs:_c_int00_noargs)
                  00000fb0    00000024     CortexM.obj (.text)
                  00000fd4    00000012     rtsv7M4_T_le_v4SPD16_eabi.lib : copy_zero_init.c.obj (.text:decompress:ZI:__TI_zero_init_nomemset:__TI_zero_init_nomemset)
                  00000fe6    0000000e                                   : copy_decompress_none.c.obj (.text:decompress:none:__TI_decompress_none)
                  00000ff4    0000000e     startup_msp432p401r_ccs.obj (.text)
                  00001002    00000004     rtsv7M4_T_le_v4SPD16_eabi.lib : pre_init.c.obj (.text:_system_pre_init)
                  00001006    00000004                                   : exit.c.obj (.text:abort:abort)

.cinit     0    00001010    00000038     
                  00001010    00000011     (.cinit..data.load) [load image, compression = lzss]
                  00001021    00000003     --HOLE-- [fill = 0]
                  00001024    0000000c     (__TI_handler_table)
                  00001030    00000008     (.cinit..bss.load) [load image, compression = zero_init]
                  00001038    00000010     (__TI_cinit_table)

.init_array 
*          0    00000000    00000000     UNINITIALIZED

.binit     0    00000000    00000000     

.data      0    20000000    00000020     UNINITIALIZED
                  20000000    00000018     Clock.obj (.data)
                  20000018    00000004     main.obj (.data)
                  2000001c    00000004     system_msp432p401r.obj (.data)

.bss       0    20000020    00000004     UNINITIALIZED
                  20000020    00000004     (.common:TimerA1Task)

.stack     0    2000fe00    00000200     UNINITIALIZED
                  2000fe00    00000004     rtsv7M4_T_le_v4SPD16_eabi.lib : boot_cortex_m.c.obj (.stack)
                  2000fe04    000001fc     --HOLE--

MODULE SUMMARY

       Module                        code   ro data   rw data
       ------                        ----   -------   -------
    .\
       system_msp432p401r.obj        820    0         8      
       main.obj                      744    0         8      
       PWM.obj                       552    0         0      
       Clock.obj                     480    0         48     
       Motor.obj                     396    0         0      
       LaunchPad.obj                 244    0         0      
       startup_msp432p401r_ccs.obj   14     228       0      
       TimerA1.obj                   168    0         8      
       CortexM.obj                   36     0         0      
    +--+-----------------------------+------+---------+---------+
       Total:                        3454   228       72     
                                                             
    C:\ti\ccsv8\tools\compiler\ti-cgt-arm_18.1.4.LTS\lib\rtsv7M4_T_le_v4SPD16_eabi.lib
       memcpy_t2.asm.obj             156    0         0      
       copy_decompress_lzss.c.obj    104    0         0      
       autoinit.c.obj                68     0         0      
       boot_cortex_m.c.obj           56     0         0      
       copy_zero_init.c.obj          18     0         0      
       copy_decompress_none.c.obj    14     0         0      
       exit.c.obj                    4      0         0      
       pre_init.c.obj                4      0         0      
    +--+-----------------------------+------+---------+---------+
       Total:                        424    0         0      
                                                             
       Stack:                        0      0         1024   
       Linker Generated:             0      53        0      
    +--+-----------------------------+------+---------+---------+
       Grand Total:                  3878   281       1096   


LINKER GENERATED COPY TABLES

__TI_cinit_table @ 00001038 records: 2, size/record: 8, table size: 16
	.data: load addr=00001010, load size=00000011 bytes, run addr=20000000, run size=00000020 bytes, compression=lzss
	.bss: load addr=00001030, load size=00000008 bytes, run addr=20000020, run size=00000004 bytes, compression=zero_init


LINKER GENERATED HANDLER TABLE

__TI_handler_table @ 00001024 records: 3, size/record: 4, table size: 12
	index: 0, handler: __TI_decompress_lzss
	index: 1, handler: __TI_decompress_none
	index: 2, handler: __TI_zero_init


GLOBAL SYMBOLS: SORTED ALPHABETICALLY BY Name 

address   name                           
-------   ----                           
00001001  ADC14_IRQHandler               
00001001  AES256_IRQHandler              
000004f1  BumpSwitch_Init                
00000525  BumpSwitch_Read                
00001001  BusFault_Handler               
00001007  C$$EXIT                        
00001001  COMP_E0_IRQHandler             
00001001  COMP_E1_IRQHandler             
20000008  CPMwait                        
00001001  CS_IRQHandler                  
0000053f  CheckBumper                    
20000000  ClockFrequency                 
00000a7d  Clock_Delay1ms                 
00000a53  Clock_Delay1us                 
00000a3f  Clock_GetFreq                  
00000929  Clock_Init48MHz                
20000014  Crystalstable                  
00001001  DMA_ERR_IRQHandler             
00001001  DMA_INT0_IRQHandler            
00001001  DMA_INT1_IRQHandler            
00001001  DMA_INT2_IRQHandler            
00001001  DMA_INT3_IRQHandler            
00001001  DebugMon_Handler               
00001001  Default_Handler                
00000fb1  DisableInterrupts              
00001001  EUSCIA0_IRQHandler             
00001001  EUSCIA1_IRQHandler             
00001001  EUSCIA2_IRQHandler             
00001001  EUSCIA3_IRQHandler             
00001001  EUSCIB0_IRQHandler             
00001001  EUSCIB1_IRQHandler             
00001001  EUSCIB2_IRQHandler             
00001001  EUSCIB3_IRQHandler             
00000fb7  EnableInterrupts               
00000fc7  EndCritical                    
00001001  FLCTL_IRQHandler               
00001001  FPU_IRQHandler                 
00001001  HardFault_Handler              
20000010  IFlags                         
00000c95  LaunchPad_Init                 
00000d05  LaunchPad_Input                
00000d1f  LaunchPad_LED                  
00000d3d  LaunchPad_Output               
00000419  MSP432_Launchpad_ColorLED_Init 
0000044d  MSP432_Launchpad_ColorLED_Write
0000046b  MSP432_Launchpad_RedLED_Init   
00000495  MSP432_Launchpad_RedLED_Write  
000004b3  MSP432_Launchpad_SW_Init       
000004e7  MSP432_Launchpad_SW_Read       
00001001  MemManage_Handler              
00000c37  Motor_Backward                 
00000b6f  Motor_Forward                  
00000b09  Motor_Init                     
00000bf1  Motor_Left                     
00000bab  Motor_Right                    
00000b5b  Motor_Stop                     
00001001  NMI_Handler                    
00001001  PCM_IRQHandler                 
00001001  PORT1_IRQHandler               
00001001  PORT2_IRQHandler               
00001001  PORT3_IRQHandler               
00001001  PORT4_IRQHandler               
00001001  PORT5_IRQHandler               
00001001  PORT6_IRQHandler               
00001001  PSS_IRQHandler                 
000007eb  PWM_Duty1                      
0000080b  PWM_Duty2                      
000008af  PWM_Duty3                      
000008cf  PWM_Duty4                      
00000701  PWM_Init1                      
00000767  PWM_Init12                     
0000082b  PWM_Init34                     
0000062b  Pause                          
00001001  PendSV_Handler                 
2000000c  Postwait                       
20000004  Prewait                        
00001001  RTC_C_IRQHandler               
00000ff5  Reset_Handler                  
20000018  Running                        
00001001  SVC_Handler                    
00000fbd  StartCritical                  
00001001  SysTick_Handler                
2000001c  SystemCoreClock                
000000e5  SystemCoreClockUpdate          
0000035d  SystemInit                     
00001001  T32_INT1_IRQHandler            
00001001  T32_INT2_IRQHandler            
00001001  T32_INTC_IRQHandler            
00001001  TA0_0_IRQHandler               
00001001  TA0_N_IRQHandler               
00000dfb  TA1_0_IRQHandler               
00000dfb  TA1_0_IRQHandler               
00001001  TA1_N_IRQHandler               
00001001  TA2_0_IRQHandler               
00001001  TA2_N_IRQHandler               
00001001  TA3_0_IRQHandler               
00001001  TA3_N_IRQHandler               
0000052f  TimePause                      
20000020  TimerA1Task                    
00000d89  TimerA1_Init                   
00000de7  TimerA1_Stop                   
00001001  UsageFault_Handler             
4000480c  WDTCTL_SYM                     
00001001  WDT_A_IRQHandler               
00000fcf  WaitForInterrupt               
20010000  __STACK_END                    
00000200  __STACK_SIZE                   
00001038  __TI_CINIT_Base                
00001048  __TI_CINIT_Limit               
00001024  __TI_Handler_Table_Base        
00001030  __TI_Handler_Table_Limit       
00000f35  __TI_auto_init_nobinit_nopinit 
00000ecd  __TI_decompress_lzss           
00000fe7  __TI_decompress_none           
ffffffff  __TI_pprof_out_hndl            
ffffffff  __TI_prof_data_size            
ffffffff  __TI_prof_data_start           
00000000  __TI_static_base__             
00000fd5  __TI_zero_init_nomemset        
00000e31  __aeabi_memcpy                 
00000e31  __aeabi_memcpy4                
00000e31  __aeabi_memcpy8                
ffffffff  __binit__                      
ffffffff  __c_args__                     
UNDEFED   __mpu_init                     
2000fe00  __stack                        
00000f79  _c_int00_noargs                
UNDEFED   _system_post_cinit             
00001003  _system_pre_init               
00001007  abort                          
ffffffff  binit                          
00000a45  delay                          
00000000  interruptVectors               
0000063f  main                           
00000e31  memcpy                         


GLOBAL SYMBOLS: SORTED BY Symbol Address 

address   name                           
-------   ----                           
00000000  __TI_static_base__             
00000000  interruptVectors               
000000e5  SystemCoreClockUpdate          
00000200  __STACK_SIZE                   
0000035d  SystemInit                     
00000419  MSP432_Launchpad_ColorLED_Init 
0000044d  MSP432_Launchpad_ColorLED_Write
0000046b  MSP432_Launchpad_RedLED_Init   
00000495  MSP432_Launchpad_RedLED_Write  
000004b3  MSP432_Launchpad_SW_Init       
000004e7  MSP432_Launchpad_SW_Read       
000004f1  BumpSwitch_Init                
00000525  BumpSwitch_Read                
0000052f  TimePause                      
0000053f  CheckBumper                    
0000062b  Pause                          
0000063f  main                           
00000701  PWM_Init1                      
00000767  PWM_Init12                     
000007eb  PWM_Duty1                      
0000080b  PWM_Duty2                      
0000082b  PWM_Init34                     
000008af  PWM_Duty3                      
000008cf  PWM_Duty4                      
00000929  Clock_Init48MHz                
00000a3f  Clock_GetFreq                  
00000a45  delay                          
00000a53  Clock_Delay1us                 
00000a7d  Clock_Delay1ms                 
00000b09  Motor_Init                     
00000b5b  Motor_Stop                     
00000b6f  Motor_Forward                  
00000bab  Motor_Right                    
00000bf1  Motor_Left                     
00000c37  Motor_Backward                 
00000c95  LaunchPad_Init                 
00000d05  LaunchPad_Input                
00000d1f  LaunchPad_LED                  
00000d3d  LaunchPad_Output               
00000d89  TimerA1_Init                   
00000de7  TimerA1_Stop                   
00000dfb  TA1_0_IRQHandler               
00000dfb  TA1_0_IRQHandler               
00000e31  __aeabi_memcpy                 
00000e31  __aeabi_memcpy4                
00000e31  __aeabi_memcpy8                
00000e31  memcpy                         
00000ecd  __TI_decompress_lzss           
00000f35  __TI_auto_init_nobinit_nopinit 
00000f79  _c_int00_noargs                
00000fb1  DisableInterrupts              
00000fb7  EnableInterrupts               
00000fbd  StartCritical                  
00000fc7  EndCritical                    
00000fcf  WaitForInterrupt               
00000fd5  __TI_zero_init_nomemset        
00000fe7  __TI_decompress_none           
00000ff5  Reset_Handler                  
00001001  ADC14_IRQHandler               
00001001  AES256_IRQHandler              
00001001  BusFault_Handler               
00001001  COMP_E0_IRQHandler             
00001001  COMP_E1_IRQHandler             
00001001  CS_IRQHandler                  
00001001  DMA_ERR_IRQHandler             
00001001  DMA_INT0_IRQHandler            
00001001  DMA_INT1_IRQHandler            
00001001  DMA_INT2_IRQHandler            
00001001  DMA_INT3_IRQHandler            
00001001  DebugMon_Handler               
00001001  Default_Handler                
00001001  EUSCIA0_IRQHandler             
00001001  EUSCIA1_IRQHandler             
00001001  EUSCIA2_IRQHandler             
00001001  EUSCIA3_IRQHandler             
00001001  EUSCIB0_IRQHandler             
00001001  EUSCIB1_IRQHandler             
00001001  EUSCIB2_IRQHandler             
00001001  EUSCIB3_IRQHandler             
00001001  FLCTL_IRQHandler               
00001001  FPU_IRQHandler                 
00001001  HardFault_Handler              
00001001  MemManage_Handler              
00001001  NMI_Handler                    
00001001  PCM_IRQHandler                 
00001001  PORT1_IRQHandler               
00001001  PORT2_IRQHandler               
00001001  PORT3_IRQHandler               
00001001  PORT4_IRQHandler               
00001001  PORT5_IRQHandler               
00001001  PORT6_IRQHandler               
00001001  PSS_IRQHandler                 
00001001  PendSV_Handler                 
00001001  RTC_C_IRQHandler               
00001001  SVC_Handler                    
00001001  SysTick_Handler                
00001001  T32_INT1_IRQHandler            
00001001  T32_INT2_IRQHandler            
00001001  T32_INTC_IRQHandler            
00001001  TA0_0_IRQHandler               
00001001  TA0_N_IRQHandler               
00001001  TA1_N_IRQHandler               
00001001  TA2_0_IRQHandler               
00001001  TA2_N_IRQHandler               
00001001  TA3_0_IRQHandler               
00001001  TA3_N_IRQHandler               
00001001  UsageFault_Handler             
00001001  WDT_A_IRQHandler               
00001003  _system_pre_init               
00001007  C$$EXIT                        
00001007  abort                          
00001024  __TI_Handler_Table_Base        
00001030  __TI_Handler_Table_Limit       
00001038  __TI_CINIT_Base                
00001048  __TI_CINIT_Limit               
20000000  ClockFrequency                 
20000004  Prewait                        
20000008  CPMwait                        
2000000c  Postwait                       
20000010  IFlags                         
20000014  Crystalstable                  
20000018  Running                        
2000001c  SystemCoreClock                
20000020  TimerA1Task                    
2000fe00  __stack                        
20010000  __STACK_END                    
4000480c  WDTCTL_SYM                     
ffffffff  __TI_pprof_out_hndl            
ffffffff  __TI_prof_data_size            
ffffffff  __TI_prof_data_start           
ffffffff  __binit__                      
ffffffff  __c_args__                     
ffffffff  binit                          
UNDEFED   __mpu_init                     
UNDEFED   _system_post_cinit             

[135 symbols]
