******************************************************************************
                  TI ARM Linker PC v18.1.4                     
******************************************************************************
>> Linked Tue Dec 18 18:24:26 2018

OUTPUT FILE NAME:   <ir_sensor.out>
ENTRY POINT SYMBOL: "_c_int00_noargs"  address: 00002089


MEMORY CONFIGURATION

         name            origin    length      used     unused   attr    fill
----------------------  --------  ---------  --------  --------  ----  --------
  MAIN                  00000000   00040000  000023c2  0003dc3e  R  X
  INFO                  00200000   00004000  00000000  00004000  R  X
  SRAM_CODE             01000000   00010000  00003a18  0000c5e8  RW X
  SRAM_DATA             20000000   00010000  00003a18  0000c5e8  RW  


SEGMENT ALLOCATION MAP

run origin  load origin   length   init length attrs members
----------  ----------- ---------- ----------- ----- -------
00000000    00000000    000023c8   000023c8    r-x
  00000000    00000000    000000e4   000000e4    r-- .intvecs
  000000e4    000000e4    0000223e   0000223e    r-x .text
  00002328    00002328    000000a0   000000a0    r-- .cinit
20000000    20000000    00003818   00000000    rw-
  20000000    20000000    00003208   00000000    rw- .bss
  20003208    20003208    00000400   00000000    rw- .sysmem
  20003608    20003608    00000210   00000000    rw- .data
2000fe00    2000fe00    00000200   00000000    rw-
  2000fe00    2000fe00    00000200   00000000    rw- .stack


SECTION ALLOCATION MAP

 output                                  attributes/
section   page    origin      length       input sections
--------  ----  ----------  ----------   ----------------
.intvecs   0    00000000    000000e4     
                  00000000    000000e4     startup_msp432p401r_ccs.obj (.intvecs:retain)

.text      0    000000e4    0000223e     
                  000000e4    000006bc     UART0.obj (.text)
                  000007a0    00000334     system_msp432p401r.obj (.text)
                  00000ad4    00000308     LPF.obj (.text)
                  00000ddc    000002ec     ADC14.obj (.text)
                  000010c8    000001e0     Clock.obj (.text)
                  000012a8    00000168     main.obj (.text)
                  00001410    000000dc     rtsv7M4_T_le_v4SPD16_eabi.lib : setvbuf.c.obj (.text:setvbuf)
                  000014ec    000000d8                                   : memory.c.obj (.text:free)
                  000015c4    000000d0                                   : fopen.c.obj (.text:_openfile)
                  00001694    000000bc                                   : open.c.obj (.text:open)
                  00001750    000000b8                                   : add_device.c.obj (.text:add_device)
                  00001808    000000a8     TimerA1.obj (.text)
                  000018b0    0000009c     rtsv7M4_T_le_v4SPD16_eabi.lib : fopen.c.obj (.text:fopen)
                  0000194c    0000009c                                   : memcpy_t2.asm.obj (.text)
                  000019e8    0000007c     IRDistance.obj (.text)
                  00001a64    0000007a     rtsv7M4_T_le_v4SPD16_eabi.lib : memset_t2.asm.obj (.text)
                  00001ade    00000002                                   : _lock.c.obj (.text:_nop)
                  00001ae0    00000078                                   : memory.c.obj (.text:malloc)
                  00001b58    00000074                                   : fclose.c.obj (.text:__TI_closefile)
                  00001bcc    00000068                                   : hostlseek.c.obj (.text:HOSTlseek)
                  00001c34    00000068                                   : hostrename.c.obj (.text:HOSTrename)
                  00001c9c    00000068                                   : copy_decompress_lzss.c.obj (.text:decompress:lzss:__TI_decompress_lzss)
                  00001d04    00000060                                   : hostopen.c.obj (.text:HOSTopen)
                  00001d64    0000005c                                   : close.c.obj (.text:close)
                  00001dc0    00000058                                   : hostread.c.obj (.text:HOSTread)
                  00001e18    00000058                                   : hostwrite.c.obj (.text:HOSTwrite)
                  00001e70    0000004c                                   : fflush.c.obj (.text:__TI_doflush)
                  00001ebc    00000048                                   : exit.c.obj (.text:exit)
                  00001f04    00000044                                   : hostclose.c.obj (.text:HOSTclose)
                  00001f48    00000044                                   : hostunlink.c.obj (.text:HOSTunlink)
                  00001f8c    00000044                                   : autoinit.c.obj (.text:__TI_auto_init_nobinit_nopinit:__TI_auto_init_nobinit_nopinit)
                  00001fd0    00000044                                   : getdevice.c.obj (.text:getdevice)
                  00002014    0000003c                                   : memory.c.obj (.text:minsert)
                  00002050    00000038                                   : trgmsg.c.obj (.text:__TI_writemsg)
                  00002088    00000038                                   : boot_cortex_m.c.obj (.text:_c_int00_noargs:_c_int00_noargs)
                  000020c0    00000038                                   : memory.c.obj (.text:minit)
                  000020f8    00000036                                   : strncpy.c.obj (.text:strncpy)
                  0000212e    00000002     --HOLE-- [fill = 0]
                  00002130    00000034                                   : fopen.c.obj (.text:__TI_cleanup)
                  00002164    00000034                                   : trgmsg.c.obj (.text:__TI_readmsg)
                  00002198    00000034                                   : fopen.c.obj (.text:freopen)
                  000021cc    00000030                                   : getdevice.c.obj (.text:finddevice)
                  000021fc    0000002c                                   : unlink.c.obj (.text:unlink)
                  00002228    00000028                                   : memory.c.obj (.text:mremove)
                  00002250    00000028                                   : write.c.obj (.text:write)
                  00002278    00000024     CortexM.obj (.text)
                  0000229c    00000018     rtsv7M4_T_le_v4SPD16_eabi.lib : strcmp.c.obj (.text:strcmp)
                  000022b4    00000016                                   : strchr.c.obj (.text:strchr)
                  000022ca    00000014                                   : strcpy.c.obj (.text:strcpy)
                  000022de    00000014                                   : strlen.c.obj (.text:strlen)
                  000022f2    0000000e                                   : copy_decompress_none.c.obj (.text:decompress:none:__TI_decompress_none)
                  00002300    0000000e     startup_msp432p401r_ccs.obj (.text)
                  0000230e    0000000c     rtsv7M4_T_le_v4SPD16_eabi.lib : copy_zero_init.c.obj (.text:decompress:ZI:__TI_zero_init)
                  0000231a    00000004                                   : pre_init.c.obj (.text:_system_pre_init)
                  0000231e    00000004                                   : exit.c.obj (.text:abort:abort)

.cinit     0    00002328    000000a0     
                  00002328    00000075     (.cinit..data.load) [load image, compression = lzss]
                  0000239d    00000003     --HOLE-- [fill = 0]
                  000023a0    0000000c     (__TI_handler_table)
                  000023ac    00000004     --HOLE-- [fill = 0]
                  000023b0    00000008     (.cinit..bss.load) [load image, compression = zero_init]
                  000023b8    00000010     (__TI_cinit_table)

.init_array 
*          0    00000000    00000000     UNINITIALIZED

.binit     0    00000000    00000000     

.bss       0    20000000    00003208     UNINITIALIZED
                  20000000    00001000     (.common:x)
                  20001000    00001000     (.common:x2)
                  20002000    00001000     (.common:x3)
                  20003000    00000120     rtsv7M4_T_le_v4SPD16_eabi.lib : trgmsg.c.obj (.bss:_CIOBUF_)
                  20003120    000000a0     (.common:__TI_tmpnams)
                  200031c0    00000008     (.common:Messageb)
                  200031c8    00000008     (.common:parmbuf)
                  200031d0    00000004     (.common:ADCflag)
                  200031d4    00000004     (.common:I1)
                  200031d8    00000004     (.common:LPFSum)
                  200031dc    00000004     (.common:LPFSum2)
                  200031e0    00000004     (.common:LPFSum3)
                  200031e4    00000004     (.common:Messageindexb)
                  200031e8    00000004     (.common:Pt)
                  200031ec    00000004     (.common:Pt2)
                  200031f0    00000004     (.common:Pt3)
                  200031f4    00000004     (.common:Size)
                  200031f8    00000004     (.common:TimerA1Task)
                  200031fc    00000004     (.common:nc)
                  20003200    00000004     (.common:nl)
                  20003204    00000004     (.common:nr)

.sysmem    0    20003208    00000400     UNINITIALIZED
                  20003208    00000008     rtsv7M4_T_le_v4SPD16_eabi.lib : memory.c.obj (.sysmem)
                  20003210    000003f8     --HOLE--

.data      0    20003608    00000210     UNINITIALIZED
                  20003608    000000f0     rtsv7M4_T_le_v4SPD16_eabi.lib : defs.c.obj (.data:_ftable)
                  200036f8    00000078                                   : write.c.obj (.data:_device)
                  20003770    00000050                                   : write.c.obj (.data:_stream)
                  200037c0    00000018     Clock.obj (.data)
                  200037d8    00000010     rtsv7M4_T_le_v4SPD16_eabi.lib : defs.c.obj (.data)
                  200037e8    0000000c                                   : exit.c.obj (.data:$O1$$)
                  200037f4    0000000c                                   : memory.c.obj (.data:$O1$$)
                  20003800    00000008                                   : _lock.c.obj (.data:$O1$$)
                  20003808    00000004                                   : add_device.c.obj (.data)
                  2000380c    00000004                                   : fopen.c.obj (.data)
                  20003810    00000004                                   : open.c.obj (.data)
                  20003814    00000004     system_msp432p401r.obj (.data)

.stack     0    2000fe00    00000200     UNINITIALIZED
                  2000fe00    00000004     rtsv7M4_T_le_v4SPD16_eabi.lib : boot_cortex_m.c.obj (.stack)
                  2000fe04    000001fc     --HOLE--

MODULE SUMMARY

       Module                        code   ro data   rw data
       ------                        ----   -------   -------
    .\
       LPF.obj                       776    0         24640  
       UART0.obj                     1724   0         24     
       system_msp432p401r.obj        820    0         8      
       ADC14.obj                     748    0         0      
       Clock.obj                     480    0         48     
       main.obj                      360    0         32     
       startup_msp432p401r_ccs.obj   14     228       0      
       TimerA1.obj                   168    0         8      
       IRDistance.obj                124    0         0      
       CortexM.obj                   36     0         0      
    +--+-----------------------------+------+---------+---------+
       Total:                        5250   228       24760  
                                                             
    C:\ti\ccsv8\tools\compiler\ti-cgt-arm_18.1.4.LTS\lib\rtsv7M4_T_le_v4SPD16_eabi.lib
       defs.c.obj                    0      0         832    
       trgmsg.c.obj                  108    0         576    
       memory.c.obj                  492    0         24     
       fopen.c.obj                   468    0         8      
       write.c.obj                   40     0         400    
       setvbuf.c.obj                 220    0         0      
       open.c.obj                    188    0         8      
       add_device.c.obj              184    0         8      
       memcpy_t2.asm.obj             156    0         0      
       memset_t2.asm.obj             122    0         0      
       fclose.c.obj                  116    0         0      
       getdevice.c.obj               116    0         0      
       hostopen.c.obj                96     0         16     
       copy_decompress_lzss.c.obj    104    0         0      
       hostlseek.c.obj               104    0         0      
       hostrename.c.obj              104    0         0      
       exit.c.obj                    76     0         24     
       close.c.obj                   92     0         0      
       hostread.c.obj                88     0         0      
       hostwrite.c.obj               88     0         0      
       fflush.c.obj                  76     0         0      
       autoinit.c.obj                68     0         0      
       hostclose.c.obj               68     0         0      
       hostunlink.c.obj              68     0         0      
       boot_cortex_m.c.obj           56     0         0      
       strncpy.c.obj                 54     0         0      
       unlink.c.obj                  44     0         0      
       strcmp.c.obj                  24     0         0      
       strchr.c.obj                  22     0         0      
       strcpy.c.obj                  20     0         0      
       strlen.c.obj                  20     0         0      
       _lock.c.obj                   2      0         16     
       copy_decompress_none.c.obj    14     0         0      
       copy_zero_init.c.obj          12     0         0      
       pre_init.c.obj                4      0         0      
    +--+-----------------------------+------+---------+---------+
       Total:                        3514   0         1912   
                                                             
       Heap:                         0      0         2048   
       Stack:                        0      0         1024   
       Linker Generated:             0      153       0      
    +--+-----------------------------+------+---------+---------+
       Grand Total:                  8764   381       29744  


LINKER GENERATED COPY TABLES

__TI_cinit_table @ 000023b8 records: 2, size/record: 8, table size: 16
	.data: load addr=00002328, load size=00000075 bytes, run addr=20003608, run size=00000210 bytes, compression=lzss
	.bss: load addr=000023b0, load size=00000008 bytes, run addr=20000000, run size=00003208 bytes, compression=zero_init


LINKER GENERATED HANDLER TABLE

__TI_handler_table @ 000023a0 records: 3, size/record: 4, table size: 12
	index: 0, handler: __TI_decompress_lzss
	index: 1, handler: __TI_decompress_none
	index: 2, handler: __TI_zero_init


GLOBAL SYMBOLS: SORTED ALPHABETICALLY BY Name 

address   name                           
-------   ----                           
00000ed9  ADC0_InitSWTriggerCh12         
00000f49  ADC0_InitSWTriggerCh17_12_16   
00000ff9  ADC0_InitSWTriggerCh19         
00000ddd  ADC0_InitSWTriggerCh6          
00000e4d  ADC0_InitSWTriggerCh67         
0000230d  ADC14_IRQHandler               
00000f29  ADC_In12                       
00000fb9  ADC_In17_12_16                 
00001049  ADC_In19                       
00000e2d  ADC_In6                        
00000ea3  ADC_In67                       
200031d0  ADCflag                        
0000230d  AES256_IRQHandler              
0000230d  BusFault_Handler               
0000231f  C$$EXIT                        
0000207f  C$$IO$$                        
0000230d  COMP_E0_IRQHandler             
0000230d  COMP_E1_IRQHandler             
200037c8  CPMwait                        
0000230d  CS_IRQHandler                  
00001a11  CenterConvert                  
200037c0  ClockFrequency                 
0000121d  Clock_Delay1ms                 
000011f3  Clock_Delay1us                 
000011df  Clock_GetFreq                  
000010c9  Clock_Init48MHz                
200037d4  Crystalstable                  
0000230d  DMA_ERR_IRQHandler             
0000230d  DMA_INT0_IRQHandler            
0000230d  DMA_INT1_IRQHandler            
0000230d  DMA_INT2_IRQHandler            
0000230d  DMA_INT3_IRQHandler            
0000230d  DebugMon_Handler               
0000230d  Default_Handler                
00002279  DisableInterrupts              
0000230d  EUSCIA0_IRQHandler             
0000230d  EUSCIA1_IRQHandler             
0000230d  EUSCIA2_IRQHandler             
0000230d  EUSCIA3_IRQHandler             
0000230d  EUSCIB0_IRQHandler             
0000230d  EUSCIB1_IRQHandler             
0000230d  EUSCIB2_IRQHandler             
0000230d  EUSCIB3_IRQHandler             
0000227f  EnableInterrupts               
0000228f  EndCritical                    
0000230d  FLCTL_IRQHandler               
0000230d  FPU_IRQHandler                 
00001f05  HOSTclose                      
00001bcd  HOSTlseek                      
00001d05  HOSTopen                       
00001dc1  HOSTread                       
00001c35  HOSTrename                     
00001f49  HOSTunlink                     
00001e19  HOSTwrite                      
0000230d  HardFault_Handler              
200031d4  I1                             
200037d0  IFlags                         
000012a9  IR_Sensor_ISR                  
200031d8  LPFSum                         
200031dc  LPFSum2                        
200031e0  LPFSum3                        
00000be9  LPF_Calc                       
00000c91  LPF_Calc2                      
00000d55  LPF_Calc3                      
00000b29  LPF_Calc_old                   
00000b8b  LPF_Init                       
00000c3d  LPF_Init2                      
00000cf3  LPF_Init3                      
00000ad5  LPF_Init_old                   
000019e9  LeftConvert                    
0000230d  MemManage_Handler              
200031c0  Messageb                       
200031e4  Messageindexb                  
0000230d  NMI_Handler                    
0000230d  PCM_IRQHandler                 
0000230d  PORT1_IRQHandler               
0000230d  PORT2_IRQHandler               
0000230d  PORT3_IRQHandler               
0000230d  PORT4_IRQHandler               
0000230d  PORT5_IRQHandler               
0000230d  PORT6_IRQHandler               
0000230d  PSS_IRQHandler                 
0000230d  PendSV_Handler                 
200037cc  Postwait                       
200037c4  Prewait                        
200031e8  Pt                             
200031ec  Pt2                            
200031f0  Pt3                            
0000230d  RTC_C_IRQHandler               
00002301  Reset_Handler                  
00001a39  RightConvert                   
0000230d  SVC_Handler                    
200031f4  Size                           
00002285  StartCritical                  
0000230d  SysTick_Handler                
20003814  SystemCoreClock                
000007a1  SystemCoreClockUpdate          
00000a19  SystemInit                     
0000230d  T32_INT1_IRQHandler            
0000230d  T32_INT2_IRQHandler            
0000230d  T32_INTC_IRQHandler            
0000230d  TA0_0_IRQHandler               
0000230d  TA0_N_IRQHandler               
0000187b  TA1_0_IRQHandler               
0000187b  TA1_0_IRQHandler               
0000230d  TA1_N_IRQHandler               
0000230d  TA2_0_IRQHandler               
0000230d  TA2_N_IRQHandler               
0000230d  TA3_0_IRQHandler               
0000230d  TA3_N_IRQHandler               
200031f8  TimerA1Task                    
00001809  TimerA1_Init                   
00001867  TimerA1_Stop                   
0000012b  UART0_InChar                   
000005b5  UART0_InString                 
00000175  UART0_InUDec                   
00000469  UART0_InUHex                   
000000e5  UART0_Init                     
00000715  UART0_Initprintf               
0000013b  UART0_OutChar                  
00000157  UART0_OutString                
000001f9  UART0_OutUDec                  
00000365  UART0_OutUDec4                 
000003b9  UART0_OutUDec5                 
000003f5  UART0_OutUFix1                 
0000041d  UART0_OutUFix2                 
0000052d  UART0_OutUHex                  
00000599  UART0_OutUHex2                 
0000230d  UsageFault_Handler             
4000480c  WDTCTL_SYM                     
0000230d  WDT_A_IRQHandler               
00002297  WaitForInterrupt               
20003000  __CIOBUF_                      
20010000  __STACK_END                    
00000200  __STACK_SIZE                   
00000400  __SYSMEM_SIZE                  
000023b8  __TI_CINIT_Base                
000023c8  __TI_CINIT_Limit               
000023a0  __TI_Handler_Table_Base        
000023ac  __TI_Handler_Table_Limit       
00001f8d  __TI_auto_init_nobinit_nopinit 
00002131  __TI_cleanup                   
200037e8  __TI_cleanup_ptr               
00001b59  __TI_closefile                 
00001c9d  __TI_decompress_lzss           
000022f3  __TI_decompress_none           
00001e71  __TI_doflush                   
200037ec  __TI_dtors_ptr                 
200037f0  __TI_enable_exit_profile_output
200037d8  __TI_ft_end                    
ffffffff  __TI_pprof_out_hndl            
ffffffff  __TI_prof_data_size            
ffffffff  __TI_prof_data_start           
00002165  __TI_readmsg                   
00000000  __TI_static_base__             
20003120  __TI_tmpnams                   
00002051  __TI_writemsg                  
0000230f  __TI_zero_init                 
00001a65  __aeabi_memclr                 
00001a65  __aeabi_memclr4                
00001a65  __aeabi_memclr8                
0000194d  __aeabi_memcpy                 
0000194d  __aeabi_memcpy4                
0000194d  __aeabi_memcpy8                
00001a67  __aeabi_memset                 
00001a67  __aeabi_memset4                
00001a67  __aeabi_memset8                
200037e4  __aeabi_stderr                 
200037dc  __aeabi_stdin                  
200037e0  __aeabi_stdout                 
ffffffff  __binit__                      
ffffffff  __c_args__                     
UNDEFED   __mpu_init                     
2000fe00  __stack                        
00002089  _c_int00_noargs                
200036f8  _device                        
20003608  _ftable                        
20003800  _lock                          
00001adf  _nop                           
20003770  _stream                        
20003208  _sys_memory                    
UNDEFED   _system_post_cinit             
0000231b  _system_pre_init               
20003804  _unlock                        
0000231f  abort                          
00001751  add_device                     
ffffffff  binit                          
00001d65  close                          
000011e5  delay                          
00001ebd  exit                           
0000064f  ferror                         
0000062f  fgetc                          
000021cd  finddevice                     
000018b1  fopen                          
000014ed  free                           
00002199  freopen                        
00001fd1  getdevice                      
00000000  interruptVectors               
000012f9  main                           
00001ae1  malloc                         
0000194d  memcpy                         
00001a6d  memset                         
000020c1  minit                          
200031fc  nc                             
20003200  nl                             
20003204  nr                             
00001695  open                           
00000571  outnibble                      
200031c8  parmbuf                        
000021fd  remove                         
00001411  setvbuf                        
000022b5  strchr                         
0000229d  strcmp                         
000022cb  strcpy                         
000022df  strlen                         
000020f9  strncpy                        
0000066d  uart_close                     
000006eb  uart_lseek                     
0000065d  uart_open                      
0000067f  uart_read                      
00000707  uart_rename                    
000006fb  uart_unlink                    
000006a9  uart_write                     
000021fd  unlink                         
00002251  write                          
20000000  x                              
20001000  x2                             
20002000  x3                             


GLOBAL SYMBOLS: SORTED BY Symbol Address 

address   name                           
-------   ----                           
00000000  __TI_static_base__             
00000000  interruptVectors               
000000e5  UART0_Init                     
0000012b  UART0_InChar                   
0000013b  UART0_OutChar                  
00000157  UART0_OutString                
00000175  UART0_InUDec                   
000001f9  UART0_OutUDec                  
00000200  __STACK_SIZE                   
00000365  UART0_OutUDec4                 
000003b9  UART0_OutUDec5                 
000003f5  UART0_OutUFix1                 
00000400  __SYSMEM_SIZE                  
0000041d  UART0_OutUFix2                 
00000469  UART0_InUHex                   
0000052d  UART0_OutUHex                  
00000571  outnibble                      
00000599  UART0_OutUHex2                 
000005b5  UART0_InString                 
0000062f  fgetc                          
0000064f  ferror                         
0000065d  uart_open                      
0000066d  uart_close                     
0000067f  uart_read                      
000006a9  uart_write                     
000006eb  uart_lseek                     
000006fb  uart_unlink                    
00000707  uart_rename                    
00000715  UART0_Initprintf               
000007a1  SystemCoreClockUpdate          
00000a19  SystemInit                     
00000ad5  LPF_Init_old                   
00000b29  LPF_Calc_old                   
00000b8b  LPF_Init                       
00000be9  LPF_Calc                       
00000c3d  LPF_Init2                      
00000c91  LPF_Calc2                      
00000cf3  LPF_Init3                      
00000d55  LPF_Calc3                      
00000ddd  ADC0_InitSWTriggerCh6          
00000e2d  ADC_In6                        
00000e4d  ADC0_InitSWTriggerCh67         
00000ea3  ADC_In67                       
00000ed9  ADC0_InitSWTriggerCh12         
00000f29  ADC_In12                       
00000f49  ADC0_InitSWTriggerCh17_12_16   
00000fb9  ADC_In17_12_16                 
00000ff9  ADC0_InitSWTriggerCh19         
00001049  ADC_In19                       
000010c9  Clock_Init48MHz                
000011df  Clock_GetFreq                  
000011e5  delay                          
000011f3  Clock_Delay1us                 
0000121d  Clock_Delay1ms                 
000012a9  IR_Sensor_ISR                  
000012f9  main                           
00001411  setvbuf                        
000014ed  free                           
00001695  open                           
00001751  add_device                     
00001809  TimerA1_Init                   
00001867  TimerA1_Stop                   
0000187b  TA1_0_IRQHandler               
0000187b  TA1_0_IRQHandler               
000018b1  fopen                          
0000194d  __aeabi_memcpy                 
0000194d  __aeabi_memcpy4                
0000194d  __aeabi_memcpy8                
0000194d  memcpy                         
000019e9  LeftConvert                    
00001a11  CenterConvert                  
00001a39  RightConvert                   
00001a65  __aeabi_memclr                 
00001a65  __aeabi_memclr4                
00001a65  __aeabi_memclr8                
00001a67  __aeabi_memset                 
00001a67  __aeabi_memset4                
00001a67  __aeabi_memset8                
00001a6d  memset                         
00001adf  _nop                           
00001ae1  malloc                         
00001b59  __TI_closefile                 
00001bcd  HOSTlseek                      
00001c35  HOSTrename                     
00001c9d  __TI_decompress_lzss           
00001d05  HOSTopen                       
00001d65  close                          
00001dc1  HOSTread                       
00001e19  HOSTwrite                      
00001e71  __TI_doflush                   
00001ebd  exit                           
00001f05  HOSTclose                      
00001f49  HOSTunlink                     
00001f8d  __TI_auto_init_nobinit_nopinit 
00001fd1  getdevice                      
00002051  __TI_writemsg                  
0000207f  C$$IO$$                        
00002089  _c_int00_noargs                
000020c1  minit                          
000020f9  strncpy                        
00002131  __TI_cleanup                   
00002165  __TI_readmsg                   
00002199  freopen                        
000021cd  finddevice                     
000021fd  remove                         
000021fd  unlink                         
00002251  write                          
00002279  DisableInterrupts              
0000227f  EnableInterrupts               
00002285  StartCritical                  
0000228f  EndCritical                    
00002297  WaitForInterrupt               
0000229d  strcmp                         
000022b5  strchr                         
000022cb  strcpy                         
000022df  strlen                         
000022f3  __TI_decompress_none           
00002301  Reset_Handler                  
0000230d  ADC14_IRQHandler               
0000230d  AES256_IRQHandler              
0000230d  BusFault_Handler               
0000230d  COMP_E0_IRQHandler             
0000230d  COMP_E1_IRQHandler             
0000230d  CS_IRQHandler                  
0000230d  DMA_ERR_IRQHandler             
0000230d  DMA_INT0_IRQHandler            
0000230d  DMA_INT1_IRQHandler            
0000230d  DMA_INT2_IRQHandler            
0000230d  DMA_INT3_IRQHandler            
0000230d  DebugMon_Handler               
0000230d  Default_Handler                
0000230d  EUSCIA0_IRQHandler             
0000230d  EUSCIA1_IRQHandler             
0000230d  EUSCIA2_IRQHandler             
0000230d  EUSCIA3_IRQHandler             
0000230d  EUSCIB0_IRQHandler             
0000230d  EUSCIB1_IRQHandler             
0000230d  EUSCIB2_IRQHandler             
0000230d  EUSCIB3_IRQHandler             
0000230d  FLCTL_IRQHandler               
0000230d  FPU_IRQHandler                 
0000230d  HardFault_Handler              
0000230d  MemManage_Handler              
0000230d  NMI_Handler                    
0000230d  PCM_IRQHandler                 
0000230d  PORT1_IRQHandler               
0000230d  PORT2_IRQHandler               
0000230d  PORT3_IRQHandler               
0000230d  PORT4_IRQHandler               
0000230d  PORT5_IRQHandler               
0000230d  PORT6_IRQHandler               
0000230d  PSS_IRQHandler                 
0000230d  PendSV_Handler                 
0000230d  RTC_C_IRQHandler               
0000230d  SVC_Handler                    
0000230d  SysTick_Handler                
0000230d  T32_INT1_IRQHandler            
0000230d  T32_INT2_IRQHandler            
0000230d  T32_INTC_IRQHandler            
0000230d  TA0_0_IRQHandler               
0000230d  TA0_N_IRQHandler               
0000230d  TA1_N_IRQHandler               
0000230d  TA2_0_IRQHandler               
0000230d  TA2_N_IRQHandler               
0000230d  TA3_0_IRQHandler               
0000230d  TA3_N_IRQHandler               
0000230d  UsageFault_Handler             
0000230d  WDT_A_IRQHandler               
0000230f  __TI_zero_init                 
0000231b  _system_pre_init               
0000231f  C$$EXIT                        
0000231f  abort                          
000023a0  __TI_Handler_Table_Base        
000023ac  __TI_Handler_Table_Limit       
000023b8  __TI_CINIT_Base                
000023c8  __TI_CINIT_Limit               
20000000  x                              
20001000  x2                             
20002000  x3                             
20003000  __CIOBUF_                      
20003120  __TI_tmpnams                   
200031c0  Messageb                       
200031c8  parmbuf                        
200031d0  ADCflag                        
200031d4  I1                             
200031d8  LPFSum                         
200031dc  LPFSum2                        
200031e0  LPFSum3                        
200031e4  Messageindexb                  
200031e8  Pt                             
200031ec  Pt2                            
200031f0  Pt3                            
200031f4  Size                           
200031f8  TimerA1Task                    
200031fc  nc                             
20003200  nl                             
20003204  nr                             
20003208  _sys_memory                    
20003608  _ftable                        
200036f8  _device                        
20003770  _stream                        
200037c0  ClockFrequency                 
200037c4  Prewait                        
200037c8  CPMwait                        
200037cc  Postwait                       
200037d0  IFlags                         
200037d4  Crystalstable                  
200037d8  __TI_ft_end                    
200037dc  __aeabi_stdin                  
200037e0  __aeabi_stdout                 
200037e4  __aeabi_stderr                 
200037e8  __TI_cleanup_ptr               
200037ec  __TI_dtors_ptr                 
200037f0  __TI_enable_exit_profile_output
20003800  _lock                          
20003804  _unlock                        
20003814  SystemCoreClock                
2000fe00  __stack                        
20010000  __STACK_END                    
4000480c  WDTCTL_SYM                     
ffffffff  __TI_pprof_out_hndl            
ffffffff  __TI_prof_data_size            
ffffffff  __TI_prof_data_start           
ffffffff  __binit__                      
ffffffff  __c_args__                     
ffffffff  binit                          
UNDEFED   __mpu_init                     
UNDEFED   _system_post_cinit             

[228 symbols]
