******************************************************************************
                  TI ARM Linker PC v18.1.4                     
******************************************************************************
>> Linked Sun Jan 13 00:07:19 2019

OUTPUT FILE NAME:   <motor_control_rtos.out>
ENTRY POINT SYMBOL: "_c_int00"  address: 00003b79


MEMORY CONFIGURATION

         name            origin    length      used     unused   attr    fill
----------------------  --------  ---------  --------  --------  ----  --------
  MAIN                  00000000   00040000  00007b17  000384e9  R  X
  INFO                  00200000   00004000  00000000  00004000  R  X
  SRAM_CODE             01000000   00010000  00000000  00010000  RW X
  SRAM_DATA             20000000   00010000  00001269  0000ed97  RW  


SEGMENT ALLOCATION MAP

run origin  load origin   length   init length attrs members
----------  ----------- ---------- ----------- ----- -------
00000000    00000000    00007b20   00007b20    r-x
  00000000    00000000    0000003c   0000003c    r-- .resetVecs
  00000040    00000040    00005972   00005972    r-x .text
  000059b4    000059b4    00001ef9   00001ef9    r-- .const
  000078b0    000078b0    00000270   00000270    r-- .cinit
20000000    20000000    00000f69   00000000    rw-
  20000000    20000000    00000140   00000000    rw- .vecs
  20000140    20000140    00000918   00000000    rw- .bss
  20000a58    20000a58    00000511   00000000    rw- .data
2000fd00    2000fd00    00000300   00000000    rw-
  2000fd00    2000fd00    00000300   00000000    rw- .stack


SECTION ALLOCATION MAP

 output                                  attributes/
section   page    origin      length       input sections
--------  ----  ----------  ----------   ----------------
.text      0    00000040    00005972     
                  00000040    00000430     sysbios.aem4f : BIOS.obj (.text:ti_sysbios_family_arm_m3_Hwi_excDumpRegs__I)
                  00000470    0000034c     ti.targets.arm.rtsarm.aem4f : System.oem4f (.text:xdc_runtime_System_doPrint__I)
                  000007bc    00000004     msp432p4xx_driverlib.lib : cpu.o (.text:CPU_wfi)
                  000007c0    000002b8     sysbios.aem4f : BIOS.obj (.text:ti_sysbios_knl_Semaphore_pend__E)
                  00000a78    0000026c                   : BIOS.obj (.text:ti_sysbios_heaps_HeapMem_free__E)
                  00000ce4    00000264     drivers_MSP432P401R.aem4f : PowerMSP432.oem4f (.text:Power_sleep)
                  00000f48    00000250     sysbios.aem4f : BIOS.obj (.text:ti_sysbios_heaps_HeapMem_alloc__E)
                  00001198    000001fc                   : BIOS.obj (.text:ti_sysbios_family_arm_m3_Hwi_excHandlerMax__I)
                  00001394    000001ef     Nokia5110.obj (.text:Nokia5110_OutUDec)
                  00001583    00000001     --HOLE-- [fill = 0]
                  00001584    000001a0     msp432p4xx_driverlib.lib : pcm.o (.text:__PCM_setPowerStateAdvanced)
                  00001724    00000004     tirtosport.aem4f : HwiP_tirtos.oem4f (.text:HwiP_disable)
                  00001728    00000174     sysbios.aem4f : BIOS.obj (.text:ti_sysbios_family_arm_m3_Hwi_excBusFault__I)
                  0000189c    00000004     drivers_MSP432P401R.aem4f : List.oem4f (.text:List_head)
                  000018a0    00000164     sysbios.aem4f : BIOS.obj (.text:ti_sysbios_family_arm_m3_Hwi_excUsageFault__I)
                  00001a04    00000004     drivers_MSP432P401R.aem4f : List.oem4f (.text:List_next)
                  00001a08    00000148     sysbios.aem4f : BIOS.obj (.text:ti_sysbios_family_arm_m3_Hwi_excMemFault__I)
                  00001b50    00000140     drivers_MSP432P401R.aem4f : GPIOMSP432.oem4f (.text:GPIO_setConfig)
                  00001c90    0000013c     sysbios.aem4f : BIOS.obj (.text:ti_sysbios_heaps_HeapMem_Instance_init__E)
                  00001dcc    00000118     ti.targets.arm.rtsarm.aem4f : Error.oem4f (.text:xdc_runtime_Error_policyDefault__E)
                  00001ee4    00000100                                 : Core-mem.oem4f (.text:xdc_runtime_Core_createObject__I)
                  00001fe4    000000f8                                 : Startup.oem4f (.text:xdc_runtime_Startup_startMods__I)
                  000020dc    000000f8     main_pem4f.oem4f (.text:xdc_runtime_System_printfExtend__I)
                  000021d4    000000f0     drivers_MSP432P401R.aem4f : PowerMSP432.oem4f (.text:initPerfControl)
                  000022c4    000000ec     sysbios.aem4f : m3_Hwi_asm.obj (.text:ti_sysbios_family_arm_m3_Hwi_dispatch__I)
                  000023b0    000000ec                   : BIOS.obj (.text:ti_sysbios_knl_Semaphore_post__E)
                  0000249c    000000e0     msp432p4xx_driverlib.lib : cs.o (.text:CS_initClockSignal)
                  0000257c    000000dc                              : pcm.o (.text:__PCM_setPowerModeAdvanced)
                  00002658    000000cc     Nokia5110.obj (.text:Nokia5110_Init)
                  00002724    000000cc     ti.targets.arm.rtsarm.aem4f : Core-smem.oem4f (.text:xdc_runtime_Core_constructObject__I)
                  000027f0    000000bc     sysbios.aem4f : BIOS.obj (.text:ti_sysbios_family_arm_m3_Hwi_excDebugMon__I)
                  000028ac    00000004     rtsv7M4_T_le_v4SPD16_eabi.lib : exit.c.obj (.text:abort:abort)
                  000028b0    000000bc     sysbios.aem4f : BIOS.obj (.text:ti_sysbios_family_arm_m3_Hwi_excHardFault__I)
                  0000296c    00000004     main_pem4f.oem4f (.text:ti_sysbios_BIOS_RtsGateProxy_enter__E)
                  00002970    000000b4     sysbios.aem4f : BIOS.obj (.text:ti_sysbios_gates_GateMutex_enter__E)
                  00002a24    00000004     main_pem4f.oem4f (.text:ti_sysbios_BIOS_RtsGateProxy_leave__E)
                  00002a28    000000b4     sysbios.aem4f : BIOS.obj (.text:ti_sysbios_knl_Task_checkStacks__E)
                  00002adc    000000b0     main.obj (.text:LCD_Clear)
                  00002b8c    000000b0     msp432p4xx_driverlib.lib : pcm.o (.text:__PCM_setCoreVoltageLevelAdvanced)
                  00002c3c    00000004     main_pem4f.oem4f (.text:ti_sysbios_family_arm_m3_TaskSupport_Module__startupDone__S)
                  00002c40    000000a8     sysbios.aem4f : BIOS.obj (.text:ti_sysbios_family_arm_msp432_Timer_periodicStub__E)
                  00002ce8    000000a0     auto_init.aem4f : auto_init.oem4f (.text)
                  00002d88    000000a0     ti.targets.arm.rtsarm.aem4f : Text.oem4f (.text:xdc_runtime_Text_putMod__E)
                  00002e28    0000009c     rtsv7M4_T_le_v4SPD16_eabi.lib : memcpy_t2.asm.obj (.text)
                  00002ec4    00000004     main_pem4f.oem4f (.text:ti_sysbios_heaps_HeapMem_Module_GateProxy_enter__E)
                  00002ec8    0000009c     sysbios.aem4f : BIOS.obj (.text:ti_sysbios_knl_Semaphore_Instance_init__E)
                  00002f64    0000009a     ti.targets.arm.rtsarm.aem4f : Text.oem4f (.text:xdc_runtime_Text_putSite__E)
                  00002ffe    00000002     power_tirtos_MSP432P401R.aem4f : PowerMSP432_tirtos.oem4f (.text:PowerMSP432_initPolicy)
                  00003000    00000094     sysbios.aem4f : BIOS.obj (.text:ti_sysbios_family_arm_m3_Hwi_Instance_init__E)
                  00003094    00000004     main_pem4f.oem4f (.text:ti_sysbios_heaps_HeapMem_Module_GateProxy_leave__E)
                  00003098    00000094     sysbios.aem4f : BIOS.obj (.text:ti_sysbios_family_arm_m3_Hwi_initNVIC__E)
                  0000312c    00000004     main_pem4f.oem4f (.text:ti_sysbios_knl_Clock_TimerProxy_getMaxTicks__E)
                  00003130    00000094     sysbios.aem4f : BIOS.obj (.text:ti_sysbios_knl_Task_postInit__I)
                  000031c4    0000008c                   : m3_TaskSupport_asm.obj (.text:ti_sysbios_family_arm_m3_TaskSupport_buildTaskStack)
                  00003250    00000088                   : BIOS.obj (.text:ti_sysbios_family_arm_msp432_Timer_Module_startup__E)
                  000032d8    00000084                   : BIOS.obj (.text:ti_sysbios_family_arm_m3_Hwi_postInit__I)
                  0000335c    0000007c     msp432p4xx_driverlib.lib : pcm.o (.text:PCM_gotoLPM3)
                  000033d8    0000007a     rtsv7M4_T_le_v4SPD16_eabi.lib : memset_t2.asm.obj (.text)
                  00003452    00000006     ti.targets.arm.rtsarm.aem4f : System.oem4f (.text:xdc_runtime_System_Module_startup__E)
                  00003458    00000070     sysbios.aem4f : BIOS.obj (.text:ti_sysbios_knl_Clock_workFunc__E)
                  000034c8    00000070                   : BIOS.obj (.text:ti_sysbios_knl_Task_exit__E)
                  00003538    0000006d     ti.targets.arm.rtsarm.aem4f : System.oem4f (.text:xdc_runtime_System_formatNum__I)
                  000035a5    00000001     --HOLE-- [fill = 0]
                  000035a6    00000002     rtsv7M4_T_le_v4SPD16_eabi.lib : _lock.c.obj (.text:_nop)
                  000035a8    0000006c     sysbios.aem4f : BIOS.obj (.text:ti_sysbios_knl_Swi_restoreHwi__E)
                  00003614    0000006c     ti.targets.arm.rtsarm.aem4f : Error.oem4f (.text:xdc_runtime_Error_print__E)
                  00003680    0000006c                                 : Memory.oem4f (.text:xdc_runtime_Memory_alloc__E)
                  000036ec    00000068     rtsv7M4_T_le_v4SPD16_eabi.lib : copy_decompress_lzss.c.obj (.text:decompress:lzss:__TI_decompress_lzss)
                  00003754    00000066     ti.targets.arm.rtsarm.aem4f : Core-mem.oem4f (.text:xdc_runtime_Core_deleteObject__I)
                  000037ba    00000004     main_pem4f.oem4f (.text:ti_sysbios_knl_Queue_destruct)
                  000037be    00000002     rtsv7M4_T_le_v4SPD16_eabi.lib : div0.asm.obj (.text)
                  000037c0    00000064     sysbios.aem4f : BIOS.obj (.text:ti_sysbios_family_arm_m3_Hwi_dispatchC__I)
                  00003824    00000062     tirtosport.aem4f : HwiP_tirtos.oem4f (.text:HwiP_create)
                  00003886    00000002     main_pem4f.oem4f (.text:ti_sysbios_BIOS_nullFunc__I)
                  00003888    00000060     sysbios.aem4f : BIOS.obj (.text:ti_sysbios_knl_Task_schedule__I)
                  000038e8    0000005c     drivers_MSP432P401R.aem4f : GPIOMSP432.oem4f (.text:GPIO_init)
                  00003944    00000004     main_pem4f.oem4f (.text:ti_sysbios_knl_Semaphore_destruct)
                  00003948    0000005c     sysbios.aem4f : BIOS.obj (.text:ti_sysbios_knl_Swi_run__I)
                  000039a4    00000004     ti.targets.arm.rtsarm.aem4f : Error.oem4f (.text:xdc_runtime_Error_getSite__E)
                  000039a8    0000005c     sysbios.aem4f : BIOS.obj (.text:ti_sysbios_knl_Swi_schedule__I)
                  00003a04    00000004     main_pem4f.oem4f (.text:xdc_runtime_System_Module_GateProxy_enter__E)
                  00003a08    0000005c     sysbios.aem4f : BIOS.obj (.text:ti_sysbios_knl_Task_Module_startup__E)
                  00003a64    00000004     main_pem4f.oem4f (.text:xdc_runtime_System_Module_GateProxy_leave__E)
                  00003a68    0000005c     sysbios.aem4f : BIOS.obj (.text:ti_sysbios_knl_Task_startCore__E)
                  00003ac4    0000005b     ti.targets.arm.rtsarm.aem4f : Text.oem4f (.text:xdc_runtime_Text_putLab__E)
                  00003b1f    00000001     --HOLE-- [fill = 0]
                  00003b20    00000058     rtsv7M4_T_le_v4SPD16_eabi.lib : hostwrite.c.obj (.text:HOSTwrite)
                  00003b78    00000058     boot.aem4f : boot.oem4f (.text)
                  00003bd0    00000058     main_pem4f.oem4f (.text:ti_sysbios_family_arm_m3_Hwi_construct)
                  00003c28    00000058     sysbios.aem4f : m3_Hwi_asm_switch.obj (.text:ti_sysbios_family_arm_m3_Hwi_initStacks__E)
                  00003c80    00000054     drivers_MSP432P401R.aem4f : GPIOMSP432.oem4f (.text:GPIO_hwiIntFxn)
                  00003cd4    00000054                               : GPIOMSP432.oem4f (.text:GPIO_setCallback)
                  00003d28    00000054     main.obj (.text:LCD_Out)
                  00003d7c    00000004     ti.targets.arm.rtsarm.aem4f : System.oem4f (.text:xdc_runtime_System_aprintf_va__F)
                  00003d80    00000054     sysbios.aem4f : BIOS.obj (.text:ti_sysbios_family_arm_msp432_Timer_initDevice__I)
                  00003dd4    00000004     ti.targets.arm.rtsarm.aem4f : System.oem4f (.text:xdc_runtime_System_printf_va__F)
                  00003dd8    00000054     sysbios.aem4f : BIOS.obj (.text:ti_sysbios_family_arm_msp432_init_Boot_configureClocksHigh)
                  00003e2c    00000054     ti.targets.arm.rtsarm.aem4f : Assert.oem4f (.text:xdc_runtime_Assert_raise__I)
                  00003e80    00000050     msp432p4xx_driverlib.lib : pcm.o (.text:PCM_shutdownDevice)
                  00003ed0    00000050     sysbios.aem4f : BIOS.obj (.text:ti_sysbios_family_arm_m3_Hwi_Module_startup__E)
                  00003f20    00000050     ti.targets.arm.rtsarm.aem4f : Startup.oem4f (.text:xdc_runtime_Startup_exec__E)
                  00003f70    00000050                                 : Text.oem4f (.text:xdc_runtime_Text_visitRope2__I)
                  00003fc0    0000004c     rtsv7M4_T_le_v4SPD16_eabi.lib : cpy_tbl.c.obj (.text:copy_in)
                  0000400c    00000004     --HOLE-- [fill = 0]
                  00004010    0000004c     sysbios.aem4f : BIOS.obj (.text:ti_sysbios_family_arm_msp432_Timer_start__E)
                  0000405c    00000004     --HOLE-- [fill = 0]
                  00004060    0000004c                   : BIOS.obj (.text:ti_sysbios_heaps_HeapMem_getStats__E)
                  000040ac    00000004     --HOLE-- [fill = 0]
                  000040b0    0000004c                   : BIOS.obj (.text:ti_sysbios_knl_Swi_runLoop__I)
                  000040fc    00000004     --HOLE-- [fill = 0]
                  00004100    0000004c                   : BIOS.obj (.text:ti_sysbios_knl_Task_allBlockedFunction__I)
                  0000414c    00000004     --HOLE-- [fill = 0]
                  00004150    00000048                   : BIOS.obj (.text:ti_sysbios_family_arm_m3_Hwi_disableInterrupt__E)
                  00004198    00000048                   : BIOS.obj (.text:ti_sysbios_family_arm_m3_Hwi_enableInterrupt__E)
                  000041e0    00000048                   : BIOS.obj (.text:ti_sysbios_family_arm_m3_Hwi_excReserved__I)
                  00004228    00000046     ti.targets.arm.rtsarm.aem4f : Core-params.oem4f (.text:xdc_runtime_Core_assignParams__I)
                  0000426e    00000002     --HOLE-- [fill = 0]
                  00004270    00000044     Nokia5110.obj (.text:Nokia5110_OutChar)
                  000042b4    00000044     drivers_MSP432P401R.aem4f : PowerMSP432.oem4f (.text:Power_init)
                  000042f8    00000044     sysbios.aem4f : BIOS.obj (.text:ti_sysbios_family_arm_m3_Hwi_getStackInfo__E)
                  0000433c    00000004     --HOLE-- [fill = 0]
                  00004340    00000044                   : BIOS.obj (.text:ti_sysbios_knl_Swi_post__E)
                  00004384    00000044     ti.targets.arm.rtsarm.aem4f : Error.oem4f (.text:xdc_runtime_Error_setX__E)
                  000043c8    00000044                                 : SysMin.oem4f (.text:xdc_runtime_SysMin_flush__E)
                  0000440c    00000044                                 : Text.oem4f (.text:xdc_runtime_Text_xprintf__I)
                  00004450    00000040     msp432p4xx_driverlib.lib : flash.o (.text:FlashCtl_disableReadBuffering)
                  00004490    00000040     drivers_MSP432P401R.aem4f : PowerMSP432.oem4f (.text:notify)
                  000044d0    00000040     rtsv7M4_T_le_v4SPD16_eabi.lib : u_divt2.asm.obj (.text)
                  00004510    00000040     sysbios.aem4f : BIOS.obj (.text:ti_sysbios_family_arm_msp432_Timer_startup__E)
                  00004550    0000003c     main.obj (.text:MSP432_Launchpad_RedLED_Init)
                  0000458c    0000003c     Nokia5110.obj (.text:Nokia5110_SetCursor)
                  000045c8    0000003c     power_tirtos_MSP432P401R.aem4f : PowerMSP432_tirtos.oem4f (.text:PowerMSP432_sleepPolicy)
                  00004604    00000004     --HOLE-- [fill = 0]
                  00004608    0000003c     sysbios.aem4f : BIOS.obj (.text:ti_sysbios_family_arm_m3_Hwi_excSvCall__I)
                  00004644    00000004     --HOLE-- [fill = 0]
                  00004648    0000003c                   : BIOS.obj (.text:ti_sysbios_heaps_HeapMem_init__I)
                  00004684    00000004     --HOLE-- [fill = 0]
                  00004688    0000003c                   : BIOS.obj (.text:ti_sysbios_knl_Swi_restore__E)
                  000046c4    00000038     main.obj (.text:Clock_500ms)
                  000046fc    00000038     rtsv7M4_T_le_v4SPD16_eabi.lib : trgmsg.c.obj (.text:__TI_writemsg)
                  00004734    00000038     Nokia5110.obj (.text:lcdcommandwrite)
                  0000476c    00000004     --HOLE-- [fill = 0]
                  00004770    00000038     sysbios.aem4f : BIOS.obj (.text:ti_sysbios_family_arm_m3_Hwi_excNoIsr__I)
                  000047a8    00000038                   : BIOS.obj (.text:ti_sysbios_knl_Task_processVitalTaskFlag__I)
                  000047e0    00000038     ti.targets.arm.rtsarm.aem4f : SysMin.oem4f (.text:xdc_runtime_SysMin_putch__E)
                  00004818    00000038                                 : System.oem4f (.text:xdc_runtime_System_atexit__E)
                  00004850    00000034     msp432p4xx_driverlib.lib : flash.o (.text:FlashCtl_enableReadBuffering)
                  00004884    00000034     rtsv7M4_T_le_v4SPD16_eabi.lib : trgmsg.c.obj (.text:__TI_readmsg)
                  000048b8    00000034     sysbios.aem4f : BIOS.obj (.text:ti_sysbios_family_arm_m3_Hwi_Instance_finalize__E)
                  000048ec    00000004     --HOLE-- [fill = 0]
                  000048f0    00000034                   : BIOS.obj (.text:ti_sysbios_family_arm_m3_Hwi_excNmi__I)
                  00004924    00000004     --HOLE-- [fill = 0]
                  00004928    00000034                   : BIOS.obj (.text:ti_sysbios_hal_Hwi_checkStack)
                  0000495c    00000034     ti.targets.arm.rtsarm.aem4f : Core-label.oem4f (.text:xdc_runtime_Core_assignLabel__I)
                  00004990    00000033                                 : Text.oem4f (.text:xdc_runtime_Text_printVisFxn__I)
                  000049c3    00000005     --HOLE-- [fill = 0]
                  000049c8    00000032     sysbios.aem4f : BIOS.obj (.text:ti_sysbios_hal_Hwi_initStack)
                  000049fa    00000002     --HOLE-- [fill = 0]
                  000049fc    00000030     msp432p4xx_driverlib.lib : gpio.o (.text:GPIO_getEnabledInterruptStatus)
                  00004a2c    00000030                              : gpio.o (.text:GPIO_setAsInputPinWithPullDownResistor)
                  00004a5c    00000030                              : gpio.o (.text:GPIO_setAsInputPinWithPullUpResistor)
                  00004a8c    00000030     Nokia5110.obj (.text:lcddatawrite)
                  00004abc    00000030     main_pem4f.oem4f (.text:ti_sysbios_BIOS_atExitFunc__I)
                  00004aec    00000030     main_pem4f.oem4f (.text:ti_sysbios_BIOS_startFunc__I)
                  00004b1c    00000004     --HOLE-- [fill = 0]
                  00004b20    00000030     sysbios.aem4f : BIOS.obj (.text:ti_sysbios_family_arm_m3_TaskSupport_start__E)
                  00004b50    00000030     main_pem4f.oem4f (.text:ti_sysbios_gates_GateHwi_Object__create__S)
                  00004b80    00000030     main_pem4f.oem4f (.text:ti_sysbios_gates_GateMutex_Object__create__S)
                  00004bb0    00000030     main_pem4f.oem4f (.text:ti_sysbios_heaps_HeapMem_Object__create__S)
                  00004be0    00000030     main_pem4f.oem4f (.text:ti_sysbios_knl_Semaphore_construct)
                  00004c10    00000030     sysbios.aem4f : BIOS.obj (.text:ti_sysbios_knl_Semaphore_pendTimeout__I)
                  00004c40    00000030                   : BIOS.obj (.text:ti_sysbios_knl_Task_unblockI__E)
                  00004c70    00000030     ti.targets.arm.rtsarm.aem4f : SysMin.oem4f (.text:xdc_runtime_SysMin_abort__E)
                  00004ca0    00000030                                 : System.oem4f (.text:xdc_runtime_System_processAtExit__E)
                  00004cd0    0000002c     msp432p4xx_driverlib.lib : gpio.o (.text:GPIO_setAsInputPin)
                  00004cfc    0000002c     Nokia5110.obj (.text:Nokia5110_Clear)
                  00004d28    0000002c     msp432p4xx_driverlib.lib : pcm.o (.text:PCM_getCoreVoltageLevel)
                  00004d54    0000002c     power_tirtos_MSP432P401R.aem4f : PowerMSP432_tirtos.oem4f (.text:PowerMSP432_updateFreqs)
                  00004d80    0000002c     main_pem4f.oem4f (.text:ti_sysbios_knl_Clock_doTick__I)
                  00004dac    0000002c     main_pem4f.oem4f (.text:ti_sysbios_knl_Queue_construct)
                  00004dd8    0000002c     sysbios.aem4f : BIOS.obj (.text:ti_sysbios_knl_Task_restore__E)
                  00004e04    0000002c     ti.targets.arm.rtsarm.aem4f : Text.oem4f (.text:xdc_runtime_Text_cordText__E)
                  00004e30    0000002a     msp432p4xx_driverlib.lib : pcm.o (.text:PCM_getPowerMode)
                  00004e5a    0000002a     ti.targets.arm.rtsarm.aem4f : System.oem4f (.text:xdc_runtime_System_putchar__I)
                  00004e84    00000028     msp432p4xx_driverlib.lib : flash.o (.text:FlashCtl_setWaitState)
                  00004eac    00000028                              : pcm.o (.text:PCM_gotoLPM0)
                  00004ed4    00000004     --HOLE-- [fill = 0]
                  00004ed8    00000028     sysbios.aem4f : BIOS.obj (.text:ti_sysbios_knl_Swi_Module_startup__E)
                  00004f00    00000026                   : m3_Hwi_asm.obj (.text:ti_sysbios_family_arm_m3_Hwi_pendSV__I)
                  00004f26    00000026     ti.targets.arm.rtsarm.aem4f : System.oem4f (.text:xdc_runtime_System_avprintf__E)
                  00004f4c    00000024     msp432p4xx_driverlib.lib : cs.o (.text:CS_setDCOCenteredFrequency)
                  00004f70    00000024                              : gpio.o (.text:GPIO_setAsOutputPin)
                  00004f94    00000024                              : rtc_c.o (.text:RTC_C_holdClock)
                  00004fb8    00000024                              : rtc_c.o (.text:RTC_C_startClock)
                  00004fdc    00000024     main_pem4f.oem4f (.text:ti_sysbios_BIOS_errorRaiseHook__I)
                  00005000    00000024     main_pem4f.oem4f (.text:ti_sysbios_BIOS_registerRTSLock__I)
                  00005024    00000024     main_pem4f.oem4f (.text:ti_sysbios_BIOS_removeRTSLock__I)
                  00005048    00000024     sysbios.aem4f : BIOS.obj (.text:ti_sysbios_family_arm_msp432_ClockFreqs_setFrequency__E)
                  0000506c    00000024     main_pem4f.oem4f (.text:ti_sysbios_gates_GateMutex_Object__delete__S)
                  00005090    00000024     sysbios.aem4f : BIOS.obj (.text:ti_sysbios_knl_Clock_Module_startup__E)
                  000050b4    00000004     --HOLE-- [fill = 0]
                  000050b8    00000024                   : BIOS.obj (.text:ti_sysbios_knl_Task_restoreHwi__E)
                  000050dc    00000024     ti.targets.arm.rtsarm.aem4f : System.oem4f (.text:xdc_runtime_System_vprintf__E)
                  00005100    00000022     main_pem4f.oem4f (.text:xdc_runtime_SysMin_output__I)
                  00005122    00000002     --HOLE-- [fill = 0]
                  00005124    00000020     msp432p4xx_driverlib.lib : gpio.o (.text:GPIO_interruptEdgeSelect)
                  00005144    00000020     main_pem4f.oem4f (.text:ti_sysbios_BIOS_rtsLock__I)
                  00005164    00000020     sysbios.aem4f : m3_Hwi_asm.obj (.text:ti_sysbios_family_arm_m3_Hwi_excHandlerAsm__I)
                  00005184    00000004     --HOLE-- [fill = 0]
                  00005188    00000020                   : BIOS.obj (.text:ti_sysbios_family_arm_m3_Hwi_excHandler__I)
                  000051a8    00000020     main_pem4f.oem4f (.text:ti_sysbios_gates_GateHwi_Object__delete__S)
                  000051c8    00000020     main_pem4f.oem4f (.text:ti_sysbios_heaps_HeapMem_Object__delete__S)
                  000051e8    00000020     sysbios.aem4f : BIOS.obj (.text:ti_sysbios_knl_Idle_run__E)
                  00005208    00000020     main_pem4f.oem4f (.text:ti_sysbios_knl_Semaphore_Object__destruct__S)
                  00005228    00000020     ti.targets.arm.rtsarm.aem4f : Registry.oem4f (.text:xdc_runtime_Registry_findById__E)
                  00005248    00000020                                 : SysMin.oem4f (.text:xdc_runtime_SysMin_Module_startup__E)
                  00005268    0000001e     Nokia5110.obj (.text:Nokia5110_OutString)
                  00005286    0000001e     sysbios.aem4f : m3_Hwi_asm_switch.obj (.text:ti_sysbios_family_xxx_Hwi_switchAndRunFunc)
                  000052a4    0000001c     msp432p4xx_driverlib.lib : pcm.o (.text:PCM_enableRudeMode)
                  000052c0    0000001c     sysbios.aem4f : BIOS.obj (.text:ti_sysbios_gates_GateMutex_Instance_init__E)
                  000052dc    0000001c     main_pem4f.oem4f (.text:ti_sysbios_knl_Queue_Object__destruct__S)
                  000052f8    0000001c     sysbios.aem4f : BIOS.obj (.text:ti_sysbios_knl_Queue_put__E)
                  00005314    00000004     --HOLE-- [fill = 0]
                  00005318    0000001c                   : BIOS.obj (.text:ti_sysbios_knl_Task_enter__I)
                  00005334    0000001c     ti.targets.arm.rtsarm.aem4f : Error.oem4f (.text:xdc_runtime_Error_raiseX__E)
                  00005350    0000001c                                 : Memory.oem4f (.text:xdc_runtime_Memory_valloc__E)
                  0000536c    0000001c                                 : SysMin.oem4f (.text:xdc_runtime_SysMin_exit__E)
                  00005388    0000001c                                 : System.oem4f (.text:xdc_runtime_System_abort__E)
                  000053a4    0000001a     main.obj (.text:main)
                  000053be    0000001a     main_pem4f.oem4f (.text:ti_sysbios_family_arm_m3_Hwi_Handle__label__S)
                  000053d8    0000001a     main_pem4f.oem4f (.text:ti_sysbios_gates_GateHwi_Handle__label__S)
                  000053f2    0000001a     main_pem4f.oem4f (.text:ti_sysbios_gates_GateMutex_Handle__label__S)
                  0000540c    0000001a     main_pem4f.oem4f (.text:ti_sysbios_heaps_HeapMem_Handle__label__S)
                  00005426    0000001a     main_pem4f.oem4f (.text:ti_sysbios_knl_Swi_Handle__label__S)
                  00005440    0000001a     main_pem4f.oem4f (.text:ti_sysbios_knl_Task_Handle__label__S)
                  0000545a    0000001a     main_pem4f.oem4f (.text:xdc_runtime_System_aprintf__E)
                  00005474    0000001a     main_pem4f.oem4f (.text:xdc_runtime_System_printf__E)
                  0000548e    00000002     --HOLE-- [fill = 0]
                  00005490    00000018     msp432p4xx_driverlib.lib : gpio.o (.text:GPIO_clearInterruptFlag)
                  000054a8    00000018                              : gpio.o (.text:GPIO_setDriveStrengthLow)
                  000054c0    00000018                              : gpio.o (.text:GPIO_setOutputLowOnPin)
                  000054d8    00000018                              : wdt_a.o (.text:WDT_A_holdTimer)
                  000054f0    00000018     rtsv7M4_T_le_v4SPD16_eabi.lib : args_main.c.obj (.text:_args_main)
                  00005508    00000018     main_pem4f.oem4f (.text:ti_sysbios_BIOS_rtsUnlock__I)
                  00005520    00000018     main_pem4f.oem4f (.text:ti_sysbios_family_arm_m3_Hwi_Module__startupDone__F)
                  00005538    00000018     sysbios.aem4f : m3_TaskSupport_asm.obj (.text:ti_sysbios_family_arm_m3_TaskSupport_swap__E)
                  00005550    00000018     main_pem4f.oem4f (.text:ti_sysbios_family_arm_msp432_Timer_Module__startupDone__F)
                  00005568    00000018     sysbios.aem4f : BIOS.obj (.text:ti_sysbios_gates_GateMutex_leave__E)
                  00005580    00000018     ti.targets.arm.rtsarm.aem4f : Error.oem4f (.text:xdc_runtime_Error_check__E)
                  00005598    00000018                                 : System.oem4f (.text:xdc_runtime_System_exit__E)
                  000055b0    00000018                                 : Text.oem4f (.text:xdc_runtime_Text_ropeText__E)
                  000055c8    00000016     main_pem4f.oem4f (.text:ti_sysbios_BIOS_exitFunc__I)
                  000055de    00000002     --HOLE-- [fill = 0]
                  000055e0    00000014     msp432p4xx_driverlib.lib : gpio.o (.text:GPIO_setDriveStrengthHigh)
                  000055f4    00000014                              : gpio.o (.text:GPIO_setOutputHighOnPin)
                  00005608    00000014     drivers_MSP432P401R.aem4f : PowerMSP432.oem4f (.text:Power_idleFunc)
                  0000561c    00000014     msp432p4xx_driverlib.lib : wdt_a.o (.text:WDT_A_startTimer)
                  00005630    00000014     rtsv7M4_T_le_v4SPD16_eabi.lib : strlen.c.obj (.text:strlen)
                  00005644    00000014     main_pem4f.oem4f (.text:ti_sysbios_family_arm_m3_Hwi_Object__get__S)
                  00005658    00000014     sysbios.aem4f : BIOS.obj (.text:ti_sysbios_family_arm_m3_Hwi_switchFromBootStack__E)
                  0000566c    00000014     main_pem4f.oem4f (.text:ti_sysbios_heaps_HeapMem_Object__get__S)
                  00005680    00000014     main_pem4f.oem4f (.text:ti_sysbios_knl_Swi_Object__get__S)
                  00005694    00000004     --HOLE-- [fill = 0]
                  00005698    00000012     sysbios.aem4f : BIOS.obj (.text:ti_sysbios_hal_Hwi_Module_startup__E)
                  000056aa    00000012     main_pem4f.oem4f (.text:xdc_runtime_Startup_exec__I)
                  000056bc    00000010     msp432p4xx_driverlib.lib : gpio.o (.text:GPIO_getInterruptStatus)
                  000056cc    00000010     main.obj (.text:MSP432_Launchpad_RedLED_Toggle)
                  000056dc    00000010     msp432p4xx_driverlib.lib : pcm.o (.text:PCM_gotoLPM4)
                  000056ec    00000004     --HOLE-- [fill = 0]
                  000056f0    00000010     sysbios.aem4f : BIOS.obj (.text:ti_sysbios_BIOS_setCpuFreq__E)
                  00005700    00000010                   : BIOS.obj (.text:ti_sysbios_BIOS_setThreadType__E)
                  00005710    00000010                   : BIOS.obj (.text:ti_sysbios_BIOS_start__E)
                  00005720    00000010                   : m3_TaskSupport_asm.obj (.text:ti_sysbios_family_arm_m3_TaskSupport_glue)
                  00005730    00000010                   : BIOS.obj (.text:ti_sysbios_family_arm_msp432_init_Boot_disableWatchdog)
                  00005740    00000010                   : BIOS.obj (.text:ti_sysbios_gates_GateMutex_Instance_finalize__E)
                  00005750    00000010                   : BIOS.obj (.text:ti_sysbios_knl_Semaphore_Instance_finalize__E)
                  00005760    00000010                   : BIOS.obj (.text:ti_sysbios_knl_Swi_disable__E)
                  00005770    00000010     main_pem4f.oem4f (.text:ti_sysbios_knl_Task_Object__get__S)
                  00005780    00000010     sysbios.aem4f : BIOS.obj (.text:ti_sysbios_knl_Task_disable__E)
                  00005790    00000010     ti.targets.arm.rtsarm.aem4f : Gate.oem4f (.text:xdc_runtime_Gate_leaveSystem__E)
                  000057a0    00000010                                 : Memory.oem4f (.text:xdc_runtime_Memory_free__E)
                  000057b0    00000010                                 : SysMin.oem4f (.text:xdc_runtime_SysMin_ready__E)
                  000057c0    00000010                                 : System.oem4f (.text:xdc_runtime_System_vsnprintf__E)
                  000057d0    00000010     main_pem4f.oem4f (.text:xdc_runtime_Text_visitRope__I)
                  000057e0    0000000e     tirtosport.aem4f : HwiP_tirtos.oem4f (.text:HwiP_Params_init)
                  000057ee    0000000e     rtsv7M4_T_le_v4SPD16_eabi.lib : copy_decompress_none.c.obj (.text:decompress:none:__TI_decompress_none)
                  000057fc    00000004     --HOLE-- [fill = 0]
                  00005800    0000000e     sysbios.aem4f : BIOS.obj (.text:ti_sysbios_knl_Idle_loop__E)
                  0000580e    00000002     --HOLE-- [fill = 0]
                  00005810    0000000e                   : BIOS.obj (.text:ti_sysbios_knl_Queue_empty__E)
                  0000581e    0000000c     main_pem4f.oem4f (.text:.bootCodeSection:ti_sysbios_family_arm_msp432_init_Boot_init__I)
                  0000582a    0000000c     msp432p4xx_driverlib.lib : cpu.o (.text:CPU_cpsid)
                  00005836    0000000c                              : cpu.o (.text:CPU_cpsie)
                  00005842    00000002     --HOLE-- [fill = 0]
                  00005844    0000000c                              : pcm.o (.text:PCM_getPowerState)
                  00005850    0000000c     drivers_MSP432P401R.aem4f : PowerMSP432.oem4f (.text:Power_getConstraintMask)
                  0000585c    0000000c     rtsv7M4_T_le_v4SPD16_eabi.lib : _lock.c.obj (.text:_register_lock)
                  00005868    0000000c                                   : _lock.c.obj (.text:_register_unlock)
                  00005874    0000000c                                   : copy_zero_init.c.obj (.text:decompress:ZI:__TI_zero_init)
                  00005880    0000000c     main_pem4f.oem4f (.text:ti_sysbios_family_arm_m3_Hwi_Params__init__S)
                  0000588c    00000004     --HOLE-- [fill = 0]
                  00005890    0000000c     sysbios.aem4f : BIOS.obj (.text:ti_sysbios_family_arm_m3_Hwi_disableFxn__E)
                  0000589c    00000004     --HOLE-- [fill = 0]
                  000058a0    0000000c                   : BIOS.obj (.text:ti_sysbios_family_arm_m3_TaskSupport_checkStack__E)
                  000058ac    00000004     --HOLE-- [fill = 0]
                  000058b0    0000000c                   : BIOS.obj (.text:ti_sysbios_family_arm_msp432_Timer_getMaxTicks__E)
                  000058bc    00000004     --HOLE-- [fill = 0]
                  000058c0    0000000c                   : BIOS.obj (.text:ti_sysbios_gates_GateHwi_enter__E)
                  000058cc    0000000c     main_pem4f.oem4f (.text:ti_sysbios_knl_Queue_Object__get__S)
                  000058d8    0000000c     ti.targets.arm.rtsarm.aem4f : Error.oem4f (.text:xdc_runtime_Error_init__E)
                  000058e4    0000000c                                 : Gate.oem4f (.text:xdc_runtime_Gate_enterSystem__E)
                  000058f0    0000000c                                 : Memory.oem4f (.text:xdc_runtime_Memory_calloc__E)
                  000058fc    0000000c                                 : Memory.oem4f (.text:xdc_runtime_Memory_getMaxDefaultTypeAlign__E)
                  00005908    0000000c                                 : Startup.oem4f (.text:xdc_runtime_Startup_rtsDone__E)
                  00005914    0000000a     main_pem4f.oem4f (.text:xdc_runtime_IHeap_alloc)
                  0000591e    0000000a     main_pem4f.oem4f (.text:xdc_runtime_IHeap_free)
                  00005928    00000008     MSP_EXP432P401R.obj (.text:MSP_EXP432P401R_initGPIO)
                  00005930    00000008     MSP_EXP432P401R.obj (.text:MSP_EXP432P401R_initGeneral)
                  00005938    00000008     msp432p4xx_driverlib.lib : pcm.o (.text:PCM_setPowerMode)
                  00005940    00000008                              : pcm.o (.text:PCM_setPowerState)
                  00005948    00000008     sysbios.aem4f : BIOS.obj (.text:ti_sysbios_family_arm_m3_Hwi_doSwiRestore__I)
                  00005950    00000008                   : BIOS.obj (.text:ti_sysbios_family_arm_m3_Hwi_startup__E)
                  00005958    00000006                   : BIOS.obj (.text:ti_sysbios_family_arm_m3_Hwi_doTaskRestore__I)
                  0000595e    00000002     --HOLE-- [fill = 0]
                  00005960    00000006                   : BIOS.obj (.text:ti_sysbios_family_arm_m3_Hwi_restoreFxn__E)
                  00005966    00000002     --HOLE-- [fill = 0]
                  00005968    00000006                   : BIOS.obj (.text:ti_sysbios_gates_GateHwi_leave__E)
                  0000596e    00000002     --HOLE-- [fill = 0]
                  00005970    00000006                   : BIOS.obj (.text:ti_sysbios_heaps_HeapMem_isBlocking__E)
                  00005976    00000002     --HOLE-- [fill = 0]
                  00005978    00000006                   : BIOS.obj (.text:ti_sysbios_knl_Queue_Instance_init__E)
                  0000597e    00000002     --HOLE-- [fill = 0]
                  00005980    00000006                   : BIOS.obj (.text:ti_sysbios_knl_Swi_startup__E)
                  00005986    00000002     --HOLE-- [fill = 0]
                  00005988    00000004                   : BIOS.obj (.text:ti_sysbios_gates_GateHwi_query__E)
                  0000598c    00000004     --HOLE-- [fill = 0]
                  00005990    00000004                   : BIOS.obj (.text:ti_sysbios_gates_GateMutex_query__E)
                  00005994    00000004     --HOLE-- [fill = 0]
                  00005998    00000004                   : BIOS.obj (.text:ti_sysbios_knl_Task_startup__E)
                  0000599c    00000004     --HOLE-- [fill = 0]
                  000059a0    00000002                   : BIOS.obj (.text:ti_sysbios_BIOS_linkedWithIncorrectBootLibrary__E)
                  000059a2    00000006     --HOLE-- [fill = 0]
                  000059a8    00000002                   : BIOS.obj (.text:ti_sysbios_gates_GateHwi_Instance_init__E)
                  000059aa    00000006     --HOLE-- [fill = 0]
                  000059b0    00000002                   : BIOS.obj (.text:ti_sysbios_knl_Clock_logTick__E)

.const     0    000059b4    00001ef9     
                  000059b4    00001822     main_pem4f.oem4f (.const:xdc_runtime_Text_charTab__A)
                  000071d6    000001e0     Nokia5110.obj (.const:ASCII)
                  000073b6    000000b0     main_pem4f.oem4f (.const:xdc_runtime_Text_nodeTab__A)
                  00007466    00000002     main_pem4f.oem4f (.const:ti_sysbios_family_arm_m3_Hwi_Module__id__C)
                  00007468    00000048     main_pem4f.oem4f (.const:.string)
                  000074b0    00000030     main_pem4f.oem4f (.const:ti_sysbios_family_arm_m3_Hwi_Object__PARAMS__C)
                  000074e0    00000028     main_pem4f.oem4f (.const:ti_sysbios_heaps_HeapMem_Module__FXNS__C)
                  00007508    00000024     main_pem4f.oem4f (.const:ti_sysbios_gates_GateHwi_Module__FXNS__C)
                  0000752c    00000024     main_pem4f.oem4f (.const:ti_sysbios_gates_GateMutex_Module__FXNS__C)
                  00007550    00000024     main_pem4f.oem4f (.const:ti_sysbios_heaps_HeapMem_Object__PARAMS__C)
                  00007574    00000024     main_pem4f.oem4f (.const:ti_sysbios_knl_Semaphore_Object__PARAMS__C)
                  00007598    00000020     main_pem4f.oem4f (.const:ti_sysbios_family_arm_m3_Hwi_Object__DESC__C)
                  000075b8    00000020     main_pem4f.oem4f (.const:ti_sysbios_gates_GateHwi_Object__DESC__C)
                  000075d8    00000020     main_pem4f.oem4f (.const:ti_sysbios_gates_GateMutex_Object__DESC__C)
                  000075f8    00000020     main_pem4f.oem4f (.const:ti_sysbios_heaps_HeapMem_Object__DESC__C)
                  00007618    00000020     main_pem4f.oem4f (.const:ti_sysbios_knl_Queue_Object__DESC__C)
                  00007638    00000020     main_pem4f.oem4f (.const:ti_sysbios_knl_Semaphore_Object__DESC__C)
                  00007658    00000020     main_pem4f.oem4f (.const:xdc_runtime_Startup_sfxnTab__A)
                  00007678    00000018     main_pem4f.oem4f (.const:ti_sysbios_gates_GateHwi_Object__PARAMS__C)
                  00007690    00000018     main_pem4f.oem4f (.const:ti_sysbios_gates_GateMutex_Object__PARAMS__C)
                  000076a8    00000018     main_pem4f.oem4f (.const:ti_sysbios_knl_Queue_Object__PARAMS__C)
                  000076c0    00000014     MSP_EXP432P401R.obj (.const:GPIOMSP432_config)
                  000076d4    00000010     MSP_EXP432P401R.obj (.const:PowerMSP432_config)
                  000076e4    00000010     main_pem4f.oem4f (.const:xdc_runtime_Startup_sfxnRts__A)
                  000076f4    0000000c     drivers_MSP432P401R.aem4f : GPIOMSP432.oem4f (.const:.string)
                  00007700    0000000c     main_pem4f.oem4f (.const:xdc_runtime_Startup_firstFxns__A)
                  0000770c    00000008     main_pem4f.oem4f (.const:ti_sysbios_family_arm_m3_Hwi_excHookFuncs__A)
                  00007714    00000008     main_pem4f.oem4f (.const:ti_sysbios_knl_Idle_funcList__A)
                  0000771c    00000008     main_pem4f.oem4f (.const:ti_sysbios_knl_Idle_funcList__C)
                  00007724    00000008     main_pem4f.oem4f (.const:xdc_runtime_Startup_firstFxns__C)
                  0000772c    00000008     main_pem4f.oem4f (.const:xdc_runtime_Startup_lastFxns__C)
                  00007734    00000004     main_pem4f.oem4f (.const:ti_sysbios_family_arm_m3_Hwi_E_NMI__C)
                  00007738    00000004     main_pem4f.oem4f (.const:ti_sysbios_family_arm_m3_Hwi_E_alreadyDefined__C)
                  0000773c    00000004     main_pem4f.oem4f (.const:ti_sysbios_family_arm_m3_Hwi_E_busFault__C)
                  00007740    00000004     main_pem4f.oem4f (.const:ti_sysbios_family_arm_m3_Hwi_E_debugMon__C)
                  00007744    00000004     main_pem4f.oem4f (.const:ti_sysbios_family_arm_m3_Hwi_E_hardFault__C)
                  00007748    00000004     main_pem4f.oem4f (.const:ti_sysbios_family_arm_m3_Hwi_E_memFault__C)
                  0000774c    00000004     main_pem4f.oem4f (.const:ti_sysbios_family_arm_m3_Hwi_E_noIsr__C)
                  00007750    00000004     main_pem4f.oem4f (.const:ti_sysbios_family_arm_m3_Hwi_E_reserved__C)
                  00007754    00000004     main_pem4f.oem4f (.const:ti_sysbios_family_arm_m3_Hwi_E_svCall__C)
                  00007758    00000004     main_pem4f.oem4f (.const:ti_sysbios_family_arm_m3_Hwi_E_usageFault__C)
                  0000775c    00000004     main_pem4f.oem4f (.const:ti_sysbios_family_arm_m3_Hwi_NUM_INTERRUPTS__C)
                  00007760    00000004     main_pem4f.oem4f (.const:ti_sysbios_family_arm_m3_Hwi_Object__count__C)
                  00007764    00000004     main_pem4f.oem4f (.const:ti_sysbios_family_arm_m3_Hwi_ccr__C)
                  00007768    00000004     main_pem4f.oem4f (.const:ti_sysbios_family_arm_m3_Hwi_excHandlerFunc__C)
                  0000776c    00000004     main_pem4f.oem4f (.const:ti_sysbios_family_arm_m3_Hwi_excHookFuncs__C)
                  00007770    00000004     main_pem4f.oem4f (.const:ti_sysbios_family_arm_m3_Hwi_nullIsrFunc__C)
                  00007774    00000004     main_pem4f.oem4f (.const:ti_sysbios_family_arm_m3_Hwi_priGroup__C)
                  00007778    00000004     main_pem4f.oem4f (.const:ti_sysbios_family_arm_msp432_Timer_numTimerDevices__C)
                  0000777c    00000004     main_pem4f.oem4f (.const:ti_sysbios_family_arm_msp432_Timer_startupNeeded__C)
                  00007780    00000004     main_pem4f.oem4f (.const:ti_sysbios_gates_GateMutex_A_badContext__C)
                  00007784    00000004     main_pem4f.oem4f (.const:ti_sysbios_gates_GateMutex_Instance_State_sem__O)
                  00007788    00000004     main_pem4f.oem4f (.const:ti_sysbios_gates_GateMutex_Module__diagsEnabled__C)
                  0000778c    00000004     main_pem4f.oem4f (.const:ti_sysbios_gates_GateMutex_Module__diagsIncluded__C)
                  00007790    00000004     main_pem4f.oem4f (.const:ti_sysbios_gates_GateMutex_Module__diagsMask__C)
                  00007794    00000004     main_pem4f.oem4f (.const:ti_sysbios_hal_Hwi_E_stackOverflow__C)
                  00007798    00000004     main_pem4f.oem4f (.const:ti_sysbios_heaps_HeapMem_A_align__C)
                  0000779c    00000004     main_pem4f.oem4f (.const:ti_sysbios_heaps_HeapMem_A_heapSize__C)
                  000077a0    00000004     main_pem4f.oem4f (.const:ti_sysbios_heaps_HeapMem_A_invalidFree__C)
                  000077a4    00000004     main_pem4f.oem4f (.const:ti_sysbios_heaps_HeapMem_A_zeroBlock__C)
                  000077a8    00000004     main_pem4f.oem4f (.const:ti_sysbios_heaps_HeapMem_E_memory__C)
                  000077ac    00000004     main_pem4f.oem4f (.const:ti_sysbios_heaps_HeapMem_Module__diagsEnabled__C)
                  000077b0    00000004     main_pem4f.oem4f (.const:ti_sysbios_heaps_HeapMem_Module__diagsIncluded__C)
                  000077b4    00000004     main_pem4f.oem4f (.const:ti_sysbios_heaps_HeapMem_Module__diagsMask__C)
                  000077b8    00000004     main_pem4f.oem4f (.const:ti_sysbios_heaps_HeapMem_Module__gateObj__C)
                  000077bc    00000004     main_pem4f.oem4f (.const:ti_sysbios_heaps_HeapMem_Object__count__C)
                  000077c0    00000004     main_pem4f.oem4f (.const:ti_sysbios_heaps_HeapMem_reqAlign__C)
                  000077c4    00000004     main_pem4f.oem4f (.const:ti_sysbios_knl_Clock_Module_State_clockQ__O)
                  000077c8    00000004     main_pem4f.oem4f (.const:ti_sysbios_knl_Semaphore_A_badContext__C)
                  000077cc    00000004     main_pem4f.oem4f (.const:ti_sysbios_knl_Semaphore_A_noEvents__C)
                  000077d0    00000004     main_pem4f.oem4f (.const:ti_sysbios_knl_Semaphore_A_overflow__C)
                  000077d4    00000004     main_pem4f.oem4f (.const:ti_sysbios_knl_Semaphore_A_pendTaskDisabled__C)
                  000077d8    00000004     main_pem4f.oem4f (.const:ti_sysbios_knl_Semaphore_Instance_State_pendQ__O)
                  000077dc    00000004     main_pem4f.oem4f (.const:ti_sysbios_knl_Semaphore_Module__diagsEnabled__C)
                  000077e0    00000004     main_pem4f.oem4f (.const:ti_sysbios_knl_Semaphore_Module__diagsIncluded__C)
                  000077e4    00000004     main_pem4f.oem4f (.const:ti_sysbios_knl_Semaphore_Module__diagsMask__C)
                  000077e8    00000004     main_pem4f.oem4f (.const:ti_sysbios_knl_Swi_Object__count__C)
                  000077ec    00000004     main_pem4f.oem4f (.const:ti_sysbios_knl_Task_E_spOutOfBounds__C)
                  000077f0    00000004     main_pem4f.oem4f (.const:ti_sysbios_knl_Task_E_stackOverflow__C)
                  000077f4    00000004     main_pem4f.oem4f (.const:ti_sysbios_knl_Task_Module_State_inactiveQ__O)
                  000077f8    00000004     main_pem4f.oem4f (.const:ti_sysbios_knl_Task_Object__count__C)
                  000077fc    00000004     main_pem4f.oem4f (.const:ti_sysbios_knl_Task_allBlockedFunc__C)
                  00007800    00000004     main_pem4f.oem4f (.const:ti_sysbios_knl_Task_numConstructedTasks__C)
                  00007804    00000004     main_pem4f.oem4f (.const:xdc_runtime_Assert_E_assertFailed__C)
                  00007808    00000004     main_pem4f.oem4f (.const:xdc_runtime_Core_A_initializedParams__C)
                  0000780c    00000004     main_pem4f.oem4f (.const:xdc_runtime_Core_Module__diagsEnabled__C)
                  00007810    00000004     main_pem4f.oem4f (.const:xdc_runtime_Core_Module__diagsIncluded__C)
                  00007814    00000004     main_pem4f.oem4f (.const:xdc_runtime_Core_Module__diagsMask__C)
                  00007818    00000004     main_pem4f.oem4f (.const:xdc_runtime_Error_E_memory__C)
                  0000781c    00000004     main_pem4f.oem4f (.const:xdc_runtime_Error_Module__diagsEnabled__C)
                  00007820    00000004     main_pem4f.oem4f (.const:xdc_runtime_Error_Module__diagsIncluded__C)
                  00007824    00000004     main_pem4f.oem4f (.const:xdc_runtime_Error_Module__diagsMask__C)
                  00007828    00000004     main_pem4f.oem4f (.const:xdc_runtime_Error_Module__loggerFxn8__C)
                  0000782c    00000004     main_pem4f.oem4f (.const:xdc_runtime_Error_Module__loggerObj__C)
                  00007830    00000004     main_pem4f.oem4f (.const:xdc_runtime_Error_policyFxn__C)
                  00007834    00000004     main_pem4f.oem4f (.const:xdc_runtime_Error_raiseHook__C)
                  00007838    00000004     main_pem4f.oem4f (.const:xdc_runtime_IGateProvider_Interface__BASE__C)
                  0000783c    00000004     main_pem4f.oem4f (.const:xdc_runtime_IHeap_Interface__BASE__C)
                  00007840    00000004     main_pem4f.oem4f (.const:xdc_runtime_IModule_Interface__BASE__C)
                  00007844    00000004     main_pem4f.oem4f (.const:xdc_runtime_Log_L_error__C)
                  00007848    00000004     main_pem4f.oem4f (.const:xdc_runtime_Memory_defaultHeapInstance__C)
                  0000784c    00000004     main_pem4f.oem4f (.const:xdc_runtime_Startup_execImpl__C)
                  00007850    00000004     main_pem4f.oem4f (.const:xdc_runtime_Startup_maxPasses__C)
                  00007854    00000004     main_pem4f.oem4f (.const:xdc_runtime_Startup_sfxnRts__C)
                  00007858    00000004     main_pem4f.oem4f (.const:xdc_runtime_Startup_sfxnTab__C)
                  0000785c    00000004     main_pem4f.oem4f (.const:xdc_runtime_SysMin_bufSize__C)
                  00007860    00000004     main_pem4f.oem4f (.const:xdc_runtime_SysMin_outputFunc__C)
                  00007864    00000004     main_pem4f.oem4f (.const:xdc_runtime_System_Module__gateObj__C)
                  00007868    00000004     main_pem4f.oem4f (.const:xdc_runtime_System_abortFxn__C)
                  0000786c    00000004     main_pem4f.oem4f (.const:xdc_runtime_System_exitFxn__C)
                  00007870    00000004     main_pem4f.oem4f (.const:xdc_runtime_System_extendFxn__C)
                  00007874    00000004     main_pem4f.oem4f (.const:xdc_runtime_System_maxAtexitHandlers__C)
                  00007878    00000004     main_pem4f.oem4f (.const:xdc_runtime_Text_charTab__C)
                  0000787c    00000004     main_pem4f.oem4f (.const:xdc_runtime_Text_nameEmpty__C)
                  00007880    00000004     main_pem4f.oem4f (.const:xdc_runtime_Text_nameStatic__C)
                  00007884    00000004     main_pem4f.oem4f (.const:xdc_runtime_Text_nameUnknown__C)
                  00007888    00000004     main_pem4f.oem4f (.const:xdc_runtime_Text_nodeTab__C)
                  0000788c    00000004     main_pem4f.oem4f (.const:xdc_runtime_Text_visitRopeFxn__C)
                  00007890    00000002     main_pem4f.oem4f (.const:ti_sysbios_gates_GateMutex_Module__id__C)
                  00007892    00000002     main_pem4f.oem4f (.const:ti_sysbios_hal_Hwi_Module__id__C)
                  00007894    00000002     main_pem4f.oem4f (.const:ti_sysbios_heaps_HeapMem_Module__id__C)
                  00007896    00000002     main_pem4f.oem4f (.const:ti_sysbios_knl_Semaphore_Module__id__C)
                  00007898    00000002     main_pem4f.oem4f (.const:ti_sysbios_knl_Task_Module__id__C)
                  0000789a    00000002     main_pem4f.oem4f (.const:xdc_runtime_Core_Module__id__C)
                  0000789c    00000002     main_pem4f.oem4f (.const:xdc_runtime_Error_Module__loggerDefined__C)
                  0000789e    00000002     main_pem4f.oem4f (.const:xdc_runtime_Error_maxDepth__C)
                  000078a0    00000002     main_pem4f.oem4f (.const:xdc_runtime_Memory_Module__id__C)
                  000078a2    00000002     main_pem4f.oem4f (.const:xdc_runtime_SysMin_flushAtExit__C)
                  000078a4    00000002     main_pem4f.oem4f (.const:xdc_runtime_Text_charCnt__C)
                  000078a6    00000002     main_pem4f.oem4f (.const:xdc_runtime_Text_isLoaded__C)
                  000078a8    00000002     main_pem4f.oem4f (.const:xdc_runtime_Text_registryModsLastId__C)
                  000078aa    00000002     main_pem4f.oem4f (.const:xdc_runtime_Text_unnamedModsLastId__C)
                  000078ac    00000001     main_pem4f.oem4f (.const:xdc_runtime_Error_policy__C)

.cinit     0    000078b0    00000270     
                  000078b0    0000023a     (.cinit..data.load) [load image, compression = lzss]
                  00007aea    00000002     --HOLE-- [fill = 0]
                  00007aec    0000000c     (__TI_handler_table)
                  00007af8    00000008     (.cinit..bss.load) [load image, compression = zero_init]
                  00007b00    00000008     (.cinit..vecs.load) [load image, compression = zero_init]
                  00007b08    00000018     (__TI_cinit_table)

.resetVecs 
*          0    00000000    0000003c     
                  00000000    0000003c     main_pem4f.oem4f (.resetVecs)

.bss       0    20000140    00000918     UNINITIALIZED
                  20000140    00000400     (.common:ti_sysbios_heaps_HeapMem_Instance_State_0_buf__A)
                  20000540    00000200     main_pem4f.oem4f (.bss:taskStackSection)
                  20000740    00000140     (.common:ti_sysbios_family_arm_m3_Hwi_dispatchTable)
                  20000880    00000120     rtsv7M4_T_le_v4SPD16_eabi.lib : trgmsg.c.obj (.bss:_CIOBUF_)
                  200009a0    00000080     (.common:xdc_runtime_SysMin_Module_State_0_outbuf__A)
                  20000a20    00000030     drivers_MSP432P401R.aem4f : GPIOMSP432.oem4f (.bss:gpioCallbackInfo)
                  20000a50    00000008     (.common:parmbuf)

.data      0    20000a58    00000511     UNINITIALIZED
                  20000a58    0000009c     drivers_MSP432P401R.aem4f : PowerMSP432.oem4f (.data:PowerMSP432_perfLevels)
                  20000af4    00000080     main_pem4f.oem4f (.data:ti_sysbios_knl_Swi_Module_State_0_readyQ__A)
                  20000b74    00000080     main_pem4f.oem4f (.data:ti_sysbios_knl_Task_Module_State_0_readyQ__A)
                  20000bf4    0000004c     main_pem4f.oem4f (.data:ti_sysbios_family_arm_msp432_Timer_Object__table__V)
                  20000c40    0000004c     main_pem4f.oem4f (.data:ti_sysbios_knl_Task_Object__table__V)
                  20000c8c    00000044     main_pem4f.oem4f (.data:ti_sysbios_knl_Task_Module__state__V)
                  20000cd0    00000038     main_pem4f.oem4f (.data:ti_sysbios_gates_GateMutex_Object__table__V)
                  20000d08    00000034     main_pem4f.oem4f (.data:ti_sysbios_family_arm_m3_Hwi_Module__state__V)
                  20000d3c    00000030     msp432p4xx_driverlib.lib : gpio.o (.data:GPIO_PORT_TO_BASE)
                  20000d6c    00000030     main_pem4f.oem4f (.data:ti_sysbios_knl_Swi_Object__table__V)
                  20000d9c    0000002c     main_pem4f.oem4f (.data:ti_sysbios_knl_Clock_Module__state__V)
                  20000dc8    00000028     drivers_MSP432P401R.aem4f : PowerMSP432.oem4f (.data:PowerMSP432_module)
                  20000df0    00000024     main_pem4f.oem4f (.data:ti_sysbios_BIOS_Module__state__V)
                  20000e14    00000020     main_pem4f.oem4f (.data:ti_sysbios_family_arm_msp432_Timer_Module_State_0_device__A)
                  20000e34    00000020     main_pem4f.oem4f (.data:ti_sysbios_knl_Clock_Object__table__V)
                  20000e54    0000001c     main_pem4f.oem4f (.data:ti_sysbios_knl_Swi_Module__state__V)
                  20000e70    00000018     main_pem4f.oem4f (.data:ti_sysbios_family_arm_m3_Hwi_Object__table__V)
                  20000e88    00000018     main_pem4f.oem4f (.data:ti_sysbios_heaps_HeapMem_Object__table__V)
                  20000ea0    00000010     MSP_EXP432P401R.obj (.data:gpioPinConfigs)
                  20000eb0    00000010     main_pem4f.oem4f (.data:ti_sysbios_family_arm_msp432_Timer_Module_State_0_handles__A)
                  20000ec0    0000000c     main_pem4f.oem4f (.data:ti_sysbios_family_arm_msp432_ClockFreqs_Module__state__V)
                  20000ecc    0000000c     main_pem4f.oem4f (.data:ti_sysbios_family_arm_msp432_Timer_Module__state__V)
                  20000ed8    0000000c     main_pem4f.oem4f (.data:xdc_runtime_SysMin_Module__state__V)
                  20000ee4    00000008     rtsv7M4_T_le_v4SPD16_eabi.lib : _lock.c.obj (.data:$O1$$)
                  20000eec    00000008     MSP_EXP432P401R.obj (.data:gpioCallbackFunctions)
                  20000ef4    00000008     main.obj (.data)
                  20000efc    00000008     main_pem4f.oem4f (.data:ti_sysbios_family_arm_m3_Hwi_Module__root__V)
                  20000f04    00000008     main_pem4f.oem4f (.data:ti_sysbios_gates_GateHwi_Module__root__V)
                  20000f0c    00000008     main_pem4f.oem4f (.data:ti_sysbios_gates_GateMutex_Module__root__V)
                  20000f14    00000008     main_pem4f.oem4f (.data:ti_sysbios_heaps_HeapMem_Module__root__V)
                  20000f1c    00000008     main_pem4f.oem4f (.data:ti_sysbios_knl_Queue_Module__root__V)
                  20000f24    00000008     main_pem4f.oem4f (.data:ti_sysbios_knl_Semaphore_Module__root__V)
                  20000f2c    00000008     main_pem4f.oem4f (.data:xdc_runtime_Registry_Module__state__V)
                  20000f34    00000008     main_pem4f.oem4f (.data:xdc_runtime_Startup_Module__state__V)
                  20000f3c    00000008     main_pem4f.oem4f (.data:xdc_runtime_System_Module_State_0_atexitHandlers__A)
                  20000f44    00000008     main_pem4f.oem4f (.data:xdc_runtime_System_Module__state__V)
                  20000f4c    00000004     rtsv7M4_T_le_v4SPD16_eabi.lib : stkdepth_vars.c.obj (.data)
                  20000f50    00000004     main_pem4f.oem4f (.data:ti_sysbios_family_arm_m3_Hwi_Module_State_0_excContext__A)
                  20000f54    00000004     main_pem4f.oem4f (.data:ti_sysbios_family_arm_m3_Hwi_Module_State_0_excStack__A)
                  20000f58    00000004     main_pem4f.oem4f (.data:ti_sysbios_gates_GateHwi_Object__table__V)
                  20000f5c    00000004     main_pem4f.oem4f (.data:ti_sysbios_knl_Task_Module_State_0_idleTask__A)
                  20000f60    00000004     main_pem4f.oem4f (.data:xdc_runtime_Memory_Module__state__V)
                  20000f64    00000002     main_pem4f.oem4f (.data:ti_sysbios_family_arm_m3_Hwi_Module_State_0_excActive__A)
                  20000f66    00000002     main_pem4f.oem4f (.data:xdc_runtime_Error_Module__state__V)
                  20000f68    00000001     drivers_MSP432P401R.aem4f : GPIOMSP432.oem4f (.data)

.stack     0    2000fd00    00000300     UNINITIALIZED
                  2000fd00    00000300     --HOLE--

.bootVecs 
*          0    00000000    00000008     DSECT
                  00000000    00000008     boot.aem4f : boot.oem4f (.bootVecs)

.vecs      0    20000000    00000140     UNINITIALIZED
                  20000000    00000140     main_pem4f.oem4f (.vecs)

xdc.meta   0    00000000    000000f7     COPY SECTION
                  00000000    000000f7     main_pem4f.oem4f (xdc.meta)

.binit     0    00000000    00000000     

MODULE SUMMARY

       Module                       code    ro data   rw data
       ------                       ----    -------   -------
    .\
       Nokia5110.obj                1005    480       0      
       main.obj                     418     0         8      
       MSP_EXP432P401R.obj          16      36        24     
    +--+----------------------------+-------+---------+---------+
       Total:                       1439    516       32     
                                                             
    C:\Github_Sync\ARM_TI_MSP432P401R\CCS\rtos\motor_control_rtos\Debug\configPkg\package\cfg\
       main_pem4f.oem4f             1556    7461      3312   
    +--+----------------------------+-------+---------+---------+
       Total:                       1556    7461      3312   
                                                             
    C:/ti/tirtos_msp43x_2_20_00_06/products/msp432_driverlib_3_21_00_05/driverlib/MSP432P4xx/ccs/msp432p4xx_driverlib.lib
       pcm.o                        1214    0         0      
       gpio.o                       384     0         48     
       cs.o                         260     0         0      
       flash.o                      156     0         0      
       rtc_c.o                      72      0         0      
       wdt_a.o                      44      0         0      
       cpu.o                        28      0         0      
    +--+----------------------------+-------+---------+---------+
       Total:                       2158    0         48     
                                                             
    C:/ti/tirtos_msp43x_2_20_00_06/products/tidrivers_msp43x_2_20_00_08/packages/ti/drivers/lib/drivers_MSP432P401R.aem4f
       PowerMSP432.oem4f            1016    0         196    
       GPIOMSP432.oem4f             580     12        49     
       List.oem4f                   8       0         0      
    +--+----------------------------+-------+---------+---------+
       Total:                       1604    12        245    
                                                             
    C:/ti/tirtos_msp43x_2_20_00_06/products/tidrivers_msp43x_2_20_00_08/packages/ti/drivers/lib/power_tirtos_MSP432P401R.aem4f
       PowerMSP432_tirtos.oem4f     106     0         0      
    +--+----------------------------+-------+---------+---------+
       Total:                       106     0         0      
                                                             
    C:/ti/tirtos_msp43x_2_20_00_06/products/tidrivers_msp43x_2_20_00_08/packages/ti/drivers/ports/lib/tirtosport.aem4f
       HwiP_tirtos.oem4f            116     0         0      
    +--+----------------------------+-------+---------+---------+
       Total:                       116     0         0      
                                                             
    C:\Github_Sync\ARM_TI_MSP432P401R\CCS\rtos\motor_control_rtos\src\sysbios\sysbios.aem4f
       BIOS.obj                     10050   0         0      
       m3_Hwi_asm.obj               306     0         0      
       m3_TaskSupport_asm.obj       180     0         0      
       m3_Hwi_asm_switch.obj        118     0         0      
    +--+----------------------------+-------+---------+---------+
       Total:                       10654   0         0      
                                                             
    C:\ti\ccsv8\tools\compiler\ti-cgt-arm_18.1.4.LTS\lib\rtsv7M4_T_le_v4SPD16_eabi.lib
       trgmsg.c.obj                 108     0         288    
       memcpy_t2.asm.obj            156     0         0      
       memset_t2.asm.obj            122     0         0      
       copy_decompress_lzss.c.obj   104     0         0      
       hostwrite.c.obj              88      0         0      
       cpy_tbl.c.obj                76      0         0      
       u_divt2.asm.obj              64      0         0      
       _lock.c.obj                  26      0         8      
       args_main.c.obj              24      0         0      
       strlen.c.obj                 20      0         0      
       copy_decompress_none.c.obj   14      0         0      
       copy_zero_init.c.obj         12      0         0      
       hostopen.c.obj               0       0         8      
       exit.c.obj                   4       0         0      
       stkdepth_vars.c.obj          0       0         4      
       div0.asm.obj                 2       0         0      
    +--+----------------------------+-------+---------+---------+
       Total:                       820     0         308    
                                                             
    C:\ti\tirtos_msp43x_2_20_00_06\products\bios_6_46_00_23\packages\ti\targets\arm\rtsarm\lib\auto_init.aem4f
       auto_init.oem4f              160     0         0      
    +--+----------------------------+-------+---------+---------+
       Total:                       160     0         0      
                                                             
    C:\ti\tirtos_msp43x_2_20_00_06\products\bios_6_46_00_23\packages\ti\targets\arm\rtsarm\lib\boot.aem4f
       boot.oem4f                   88      0         0      
    +--+----------------------------+-------+---------+---------+
       Total:                       88      0         0      
                                                             
    C:\ti\tirtos_msp43x_2_20_00_06\products\bios_6_46_00_23\packages\ti\targets\arm\rtsarm\lib\ti.targets.arm.rtsarm.aem4f
       System.oem4f                 1255    0         0      
       Text.oem4f                   672     0         0      
       Error.oem4f                  524     0         0      
       Core-mem.oem4f               358     0         0      
       Startup.oem4f                340     0         0      
       SysMin.oem4f                 248     0         0      
       Core-smem.oem4f              204     0         0      
       Memory.oem4f                 176     0         0      
       Assert.oem4f                 84      0         0      
       Core-params.oem4f            70      0         0      
       Core-label.oem4f             52      0         0      
       Registry.oem4f               32      0         0      
       Gate.oem4f                   28      0         0      
    +--+----------------------------+-------+---------+---------+
       Total:                       4043    0         0      
                                                             
       Stack:                       0       0         768    
       Linker Generated:            0       622       0      
    +--+----------------------------+-------+---------+---------+
       Grand Total:                 22744   8611      4713   


LINKER GENERATED COPY TABLES

__TI_cinit_table @ 00007b08 records: 3, size/record: 8, table size: 24
	.data: load addr=000078b0, load size=0000023a bytes, run addr=20000a58, run size=00000511 bytes, compression=lzss
	.bss: load addr=00007af8, load size=00000008 bytes, run addr=20000140, run size=00000918 bytes, compression=zero_init
	.vecs: load addr=00007b00, load size=00000008 bytes, run addr=20000000, run size=00000140 bytes, compression=zero_init


LINKER GENERATED HANDLER TABLE

__TI_handler_table @ 00007aec records: 3, size/record: 4, table size: 12
	index: 0, handler: __TI_decompress_lzss
	index: 1, handler: __TI_decompress_none
	index: 2, handler: __TI_zero_init


GLOBAL SYMBOLS: SORTED ALPHABETICALLY BY Name 

address   name                                                        
-------   ----                                                        
000028ad  C$$EXIT                                                     
0000472b  C$$IO$$                                                     
0000582b  CPU_cpsid                                                   
00005837  CPU_cpsie                                                   
000007bd  CPU_wfi                                                     
0000249d  CS_initClockSignal                                          
00004f4d  CS_setDCOCenteredFrequency                                  
000046c5  Clock_500ms                                                 
00004451  FlashCtl_disableReadBuffering                               
00004851  FlashCtl_enableReadBuffering                                
00004e85  FlashCtl_setWaitState                                       
000076c0  GPIOMSP432_config                                           
00005491  GPIO_clearInterruptFlag                                     
000049fd  GPIO_getEnabledInterruptStatus                              
000056bd  GPIO_getInterruptStatus                                     
00003c81  GPIO_hwiIntFxn                                              
000038e9  GPIO_init                                                   
00005125  GPIO_interruptEdgeSelect                                    
00004cd1  GPIO_setAsInputPin                                          
00004a2d  GPIO_setAsInputPinWithPullDownResistor                      
00004a5d  GPIO_setAsInputPinWithPullUpResistor                        
00004f71  GPIO_setAsOutputPin                                         
00003cd5  GPIO_setCallback                                            
00001b51  GPIO_setConfig                                              
000055e1  GPIO_setDriveStrengthHigh                                   
000054a9  GPIO_setDriveStrengthLow                                    
000055f5  GPIO_setOutputHighOnPin                                     
000054c1  GPIO_setOutputLowOnPin                                      
00003b21  HOSTwrite                                                   
000057e1  HwiP_Params_init                                            
00003825  HwiP_create                                                 
00001725  HwiP_disable                                                
00005961  HwiP_restore                                                
00002add  LCD_Clear                                                   
00003d29  LCD_Out                                                     
20000ef8  L_ctrl                                                      
20000ef4  L_real                                                      
0000189d  List_head                                                   
00001a05  List_next                                                   
00004551  MSP432_Launchpad_RedLED_Init                                
000056cd  MSP432_Launchpad_RedLED_Toggle                              
00005929  MSP_EXP432P401R_initGPIO                                    
00005931  MSP_EXP432P401R_initGeneral                                 
00004cfd  Nokia5110_Clear                                             
00002659  Nokia5110_Init                                              
00004271  Nokia5110_OutChar                                           
00005269  Nokia5110_OutString                                         
00001395  Nokia5110_OutUDec                                           
0000458d  Nokia5110_SetCursor                                         
000052a5  PCM_enableRudeMode                                          
00004d29  PCM_getCoreVoltageLevel                                     
00004e31  PCM_getPowerMode                                            
00005845  PCM_getPowerState                                           
00004ead  PCM_gotoLPM0                                                
0000335d  PCM_gotoLPM3                                                
000056dd  PCM_gotoLPM4                                                
00005939  PCM_setPowerMode                                            
00005941  PCM_setPowerState                                           
00003e81  PCM_shutdownDevice                                          
000076d4  PowerMSP432_config                                          
00002fff  PowerMSP432_initPolicy                                      
20000dc8  PowerMSP432_module                                          
20000a58  PowerMSP432_perfLevels                                      
000045c9  PowerMSP432_sleepPolicy                                     
00004d55  PowerMSP432_updateFreqs                                     
00005851  Power_getConstraintMask                                     
00005609  Power_idleFunc                                              
000042b5  Power_init                                                  
00000ce5  Power_sleep                                                 
00004f95  RTC_C_holdClock                                             
00004fb9  RTC_C_startClock                                            
20000efa  R_ctrl                                                      
20000ef6  R_real                                                      
UNDEFED   SHT$$INIT_ARRAY$$Base                                       
UNDEFED   SHT$$INIT_ARRAY$$Limit                                      
4000480c  WDTCTL_SYM                                                  
000054d9  WDT_A_holdTimer                                             
0000561d  WDT_A_startTimer                                            
00000000  __ASM__                                                     
20000880  __CIOBUF_                                                   
00000073  __ISA__                                                     
00000086  __PLAT__                                                    
20010000  __STACK_END                                                 
00000300  __STACK_SIZE                                                
000000a9  __TARG__                                                    
00007b08  __TI_CINIT_Base                                             
00007b20  __TI_CINIT_Limit                                            
00007aec  __TI_Handler_Table_Base                                     
00007af8  __TI_Handler_Table_Limit                                    
00002ce9  __TI_auto_init                                              
000036ed  __TI_decompress_lzss                                        
000057ef  __TI_decompress_none                                        
ffffffff  __TI_pprof_out_hndl                                         
ffffffff  __TI_prof_data_size                                         
ffffffff  __TI_prof_data_start                                        
00004885  __TI_readmsg                                                
000078b0  __TI_static_base__                                          
000046fd  __TI_writemsg                                               
00005875  __TI_zero_init                                              
000000cf  __TRDR__                                                    
000037bf  __aeabi_idiv0                                               
000037bf  __aeabi_ldiv0                                               
000033d9  __aeabi_memclr                                              
000033d9  __aeabi_memclr4                                             
000033d9  __aeabi_memclr8                                             
00002e29  __aeabi_memcpy                                              
00002e29  __aeabi_memcpy4                                             
00002e29  __aeabi_memcpy8                                             
000033db  __aeabi_memset                                              
000033db  __aeabi_memset4                                             
000033db  __aeabi_memset8                                             
000044d1  __aeabi_uidiv                                               
000044d1  __aeabi_uidivmod                                            
ffffffff  __binit__                                                   
ffffffff  __c_args__                                                  
2000fd00  __stack                                                     
000054f1  _args_main                                                  
00003b79  _c_int00                                                    
20000ee4  _lock                                                       
000035a7  _nop                                                        
0000585d  _register_lock                                              
00005869  _register_unlock                                            
20000ee8  _unlock                                                     
000028ad  abort                                                       
ffffffff  binit                                                       
00003fc1  copy_in                                                     
20000eec  gpioCallbackFunctions                                       
20000ea0  gpioPinConfigs                                              
000053a5  main                                                        
20000f4c  main_func_sp                                                
00002e29  memcpy                                                      
000033e1  memset                                                      
00005781  osi_TaskDisable                                             
00005711  osi_start                                                   
20000a50  parmbuf                                                     
00005631  strlen                                                      
20000df0  ti_sysbios_BIOS_Module__state__V                            
000053f3  ti_sysbios_BIOS_RtsGateProxy_Handle__label__S               
0000506d  ti_sysbios_BIOS_RtsGateProxy_Object__delete__S              
0000296d  ti_sysbios_BIOS_RtsGateProxy_enter__E                       
00002a25  ti_sysbios_BIOS_RtsGateProxy_leave__E                       
00005991  ti_sysbios_BIOS_RtsGateProxy_query__E                       
00004abd  ti_sysbios_BIOS_atExitFunc__I                               
00004fdd  ti_sysbios_BIOS_errorRaiseHook__I                           
000055c9  ti_sysbios_BIOS_exitFunc__I                                 
000059a1  ti_sysbios_BIOS_linkedWithIncorrectBootLibrary__E           
00003887  ti_sysbios_BIOS_nullFunc__I                                 
00005001  ti_sysbios_BIOS_registerRTSLock__I                          
00005025  ti_sysbios_BIOS_removeRTSLock__I                            
00005145  ti_sysbios_BIOS_rtsLock__I                                  
00005509  ti_sysbios_BIOS_rtsUnlock__I                                
000056f1  ti_sysbios_BIOS_setCpuFreq__E                               
00005701  ti_sysbios_BIOS_setThreadType__E                            
00004aed  ti_sysbios_BIOS_startFunc__I                                
00005711  ti_sysbios_BIOS_start__E                                    
00007734  ti_sysbios_family_arm_m3_Hwi_E_NMI__C                       
00007738  ti_sysbios_family_arm_m3_Hwi_E_alreadyDefined__C            
0000773c  ti_sysbios_family_arm_m3_Hwi_E_busFault__C                  
00007740  ti_sysbios_family_arm_m3_Hwi_E_debugMon__C                  
00007744  ti_sysbios_family_arm_m3_Hwi_E_hardFault__C                 
00007748  ti_sysbios_family_arm_m3_Hwi_E_memFault__C                  
0000774c  ti_sysbios_family_arm_m3_Hwi_E_noIsr__C                     
00007750  ti_sysbios_family_arm_m3_Hwi_E_reserved__C                  
00007754  ti_sysbios_family_arm_m3_Hwi_E_svCall__C                    
00007758  ti_sysbios_family_arm_m3_Hwi_E_usageFault__C                
000053bf  ti_sysbios_family_arm_m3_Hwi_Handle__label__S               
000048b9  ti_sysbios_family_arm_m3_Hwi_Instance_finalize__E           
00003001  ti_sysbios_family_arm_m3_Hwi_Instance_init__E               
20000f64  ti_sysbios_family_arm_m3_Hwi_Module_State_0_excActive__A    
20000f50  ti_sysbios_family_arm_m3_Hwi_Module_State_0_excContext__A   
20000f54  ti_sysbios_family_arm_m3_Hwi_Module_State_0_excStack__A     
00007466  ti_sysbios_family_arm_m3_Hwi_Module__id__C                  
20000efc  ti_sysbios_family_arm_m3_Hwi_Module__root__V                
00005521  ti_sysbios_family_arm_m3_Hwi_Module__startupDone__F         
00005521  ti_sysbios_family_arm_m3_Hwi_Module__startupDone__S         
20000d08  ti_sysbios_family_arm_m3_Hwi_Module__state__V               
00003ed1  ti_sysbios_family_arm_m3_Hwi_Module_startup__E              
0000775c  ti_sysbios_family_arm_m3_Hwi_NUM_INTERRUPTS__C              
00007598  ti_sysbios_family_arm_m3_Hwi_Object__DESC__C                
000074b0  ti_sysbios_family_arm_m3_Hwi_Object__PARAMS__C              
00007760  ti_sysbios_family_arm_m3_Hwi_Object__count__C               
00005645  ti_sysbios_family_arm_m3_Hwi_Object__get__S                 
[...]
0000566d  ti_sysbios_heaps_HeapMem_Object__get__S                     
00005681  ti_sysbios_knl_Swi_Object__get__S                           
00005699  ti_sysbios_hal_Hwi_Module_startup__E                        
000056ab  xdc_runtime_Startup_exec__I                                 
000056bd  GPIO_getInterruptStatus                                     
000056cd  MSP432_Launchpad_RedLED_Toggle                              
000056dd  PCM_gotoLPM4                                                
000056f1  ti_sysbios_BIOS_setCpuFreq__E                               
00005701  ti_sysbios_BIOS_setThreadType__E                            
00005711  osi_start                                                   
00005711  ti_sysbios_BIOS_start__E                                    
00005721  ti_sysbios_family_arm_m3_TaskSupport_glue                   
00005731  ti_sysbios_family_arm_msp432_init_Boot_disableWatchdog      
00005741  ti_sysbios_gates_GateMutex_Instance_finalize__E             
00005751  ti_sysbios_knl_Semaphore_Instance_finalize__E               
00005761  ti_sysbios_knl_Swi_disable__E                               
00005771  ti_sysbios_knl_Task_Object__get__S                          
00005781  osi_TaskDisable                                             
00005781  ti_sysbios_knl_Task_disable__E                              
00005791  xdc_runtime_Gate_leaveSystem__E                             
000057a1  xdc_runtime_Memory_free__E                                  
000057b1  xdc_runtime_SysMin_ready__E                                 
000057b1  xdc_runtime_System_SupportProxy_ready__E                    
000057c1  xdc_runtime_System_vsnprintf__E                             
000057d1  xdc_runtime_Text_visitRope__I                               
000057e1  HwiP_Params_init                                            
000057ef  __TI_decompress_none                                        
00005801  ti_sysbios_knl_Idle_loop__E                                 
00005811  ti_sysbios_knl_Queue_empty__E                               
0000581f  ti_sysbios_family_arm_msp432_init_Boot_init__I              
0000581f  xdc_runtime_Startup_reset__I                                
0000582b  CPU_cpsid                                                   
00005837  CPU_cpsie                                                   
00005845  PCM_getPowerState                                           
00005851  Power_getConstraintMask                                     
0000585d  _register_lock                                              
00005869  _register_unlock                                            
00005875  __TI_zero_init                                              
00005881  ti_sysbios_family_arm_m3_Hwi_Params__init__S                
00005881  ti_sysbios_hal_Hwi_HwiProxy_Params__init__S                 
00005891  ti_sysbios_family_arm_m3_Hwi_disableFxn__E                  
00005891  ti_sysbios_hal_Hwi_HwiProxy_disable__E                      
000058a1  ti_sysbios_family_arm_m3_TaskSupport_checkStack__E          
000058a1  ti_sysbios_knl_Task_SupportProxy_checkStack__E              
000058b1  ti_sysbios_family_arm_msp432_Timer_getMaxTicks__E           
000058c1  ti_sysbios_gates_GateHwi_enter__E                           
000058cd  ti_sysbios_knl_Queue_Object__get__S                         
000058d9  xdc_runtime_Error_init__E                                   
000058e5  xdc_runtime_Gate_enterSystem__E                             
000058f1  xdc_runtime_Memory_calloc__E                                
000058fd  xdc_runtime_Memory_getMaxDefaultTypeAlign__E                
00005909  xdc_runtime_Startup_rtsDone__E                              
00005915  xdc_runtime_Memory_HeapProxy_alloc__E                       
0000591f  xdc_runtime_Memory_HeapProxy_free__E                        
00005929  MSP_EXP432P401R_initGPIO                                    
00005931  MSP_EXP432P401R_initGeneral                                 
00005939  PCM_setPowerMode                                            
00005941  PCM_setPowerState                                           
00005949  ti_sysbios_family_arm_m3_Hwi_doSwiRestore__I                
00005951  ti_sysbios_family_arm_m3_Hwi_startup__E                     
00005951  ti_sysbios_hal_Hwi_HwiProxy_startup__E                      
00005951  ti_sysbios_hal_Hwi_startup__E                               
00005959  ti_sysbios_family_arm_m3_Hwi_doTaskRestore__I               
00005961  HwiP_restore                                                
00005961  ti_sysbios_family_arm_m3_Hwi_restoreFxn__E                  
00005961  ti_sysbios_hal_Hwi_HwiProxy_restore__E                      
00005969  ti_sysbios_gates_GateHwi_leave__E                           
00005971  ti_sysbios_heaps_HeapMem_isBlocking__E                      
00005979  ti_sysbios_knl_Queue_Instance_init__E                       
00005981  ti_sysbios_knl_Swi_startup__E                               
00005989  ti_sysbios_gates_GateHwi_query__E                           
00005989  xdc_runtime_Main_Module_GateProxy_query__E                  
00005989  xdc_runtime_System_Module_GateProxy_query__E                
00005991  ti_sysbios_BIOS_RtsGateProxy_query__E                       
00005991  ti_sysbios_gates_GateMutex_query__E                         
00005991  ti_sysbios_heaps_HeapMem_Module_GateProxy_query__E          
00005999  ti_sysbios_knl_Task_startup__E                              
000059a1  ti_sysbios_BIOS_linkedWithIncorrectBootLibrary__E           
000059a9  ti_sysbios_gates_GateHwi_Instance_init__E                   
000059b1  ti_sysbios_knl_Clock_logTick__E                             
000059b4  xdc_runtime_Text_charTab__A                                 
000073b6  xdc_runtime_Text_nodeTab__A                                 
00007466  ti_sysbios_family_arm_m3_Hwi_Module__id__C                  
000074b0  ti_sysbios_family_arm_m3_Hwi_Object__PARAMS__C              
000074e0  ti_sysbios_heaps_HeapMem_Module__FXNS__C                    
00007508  ti_sysbios_gates_GateHwi_Module__FXNS__C                    
0000752c  ti_sysbios_gates_GateMutex_Module__FXNS__C                  
00007550  ti_sysbios_heaps_HeapMem_Object__PARAMS__C                  
00007574  ti_sysbios_knl_Semaphore_Object__PARAMS__C                  
00007598  ti_sysbios_family_arm_m3_Hwi_Object__DESC__C                
000075b8  ti_sysbios_gates_GateHwi_Object__DESC__C                    
000075d8  ti_sysbios_gates_GateMutex_Object__DESC__C                  
000075f8  ti_sysbios_heaps_HeapMem_Object__DESC__C                    
00007618  ti_sysbios_knl_Queue_Object__DESC__C                        
00007638  ti_sysbios_knl_Semaphore_Object__DESC__C                    
00007658  xdc_runtime_Startup_sfxnTab__A                              
00007678  ti_sysbios_gates_GateHwi_Object__PARAMS__C                  
00007690  ti_sysbios_gates_GateMutex_Object__PARAMS__C                
000076a8  ti_sysbios_knl_Queue_Object__PARAMS__C                      
000076c0  GPIOMSP432_config                                           
000076d4  PowerMSP432_config                                          
000076e4  xdc_runtime_Startup_sfxnRts__A                              
00007700  xdc_runtime_Startup_firstFxns__A                            
0000770c  ti_sysbios_family_arm_m3_Hwi_excHookFuncs__A                
00007714  ti_sysbios_knl_Idle_funcList__A                             
0000771c  ti_sysbios_knl_Idle_funcList__C                             
00007724  xdc_runtime_Startup_firstFxns__C                            
0000772c  xdc_runtime_Startup_lastFxns__C                             
00007734  ti_sysbios_family_arm_m3_Hwi_E_NMI__C                       
00007738  ti_sysbios_family_arm_m3_Hwi_E_alreadyDefined__C            
0000773c  ti_sysbios_family_arm_m3_Hwi_E_busFault__C                  
00007740  ti_sysbios_family_arm_m3_Hwi_E_debugMon__C                  
00007744  ti_sysbios_family_arm_m3_Hwi_E_hardFault__C                 
00007748  ti_sysbios_family_arm_m3_Hwi_E_memFault__C                  
0000774c  ti_sysbios_family_arm_m3_Hwi_E_noIsr__C                     
00007750  ti_sysbios_family_arm_m3_Hwi_E_reserved__C                  
00007754  ti_sysbios_family_arm_m3_Hwi_E_svCall__C                    
00007758  ti_sysbios_family_arm_m3_Hwi_E_usageFault__C                
0000775c  ti_sysbios_family_arm_m3_Hwi_NUM_INTERRUPTS__C              
00007760  ti_sysbios_family_arm_m3_Hwi_Object__count__C               
00007764  ti_sysbios_family_arm_m3_Hwi_ccr__C                         
00007768  ti_sysbios_family_arm_m3_Hwi_excHandlerFunc__C              
0000776c  ti_sysbios_family_arm_m3_Hwi_excHookFuncs__C                
00007770  ti_sysbios_family_arm_m3_Hwi_nullIsrFunc__C                 
00007774  ti_sysbios_family_arm_m3_Hwi_priGroup__C                    
00007778  ti_sysbios_family_arm_msp432_Timer_numTimerDevices__C       
0000777c  ti_sysbios_family_arm_msp432_Timer_startupNeeded__C         
00007780  ti_sysbios_gates_GateMutex_A_badContext__C                  
00007784  ti_sysbios_gates_GateMutex_Instance_State_sem__O            
00007788  ti_sysbios_gates_GateMutex_Module__diagsEnabled__C          
0000778c  ti_sysbios_gates_GateMutex_Module__diagsIncluded__C         
00007790  ti_sysbios_gates_GateMutex_Module__diagsMask__C             
00007794  ti_sysbios_hal_Hwi_E_stackOverflow__C                       
00007798  ti_sysbios_heaps_HeapMem_A_align__C                         
0000779c  ti_sysbios_heaps_HeapMem_A_heapSize__C                      
000077a0  ti_sysbios_heaps_HeapMem_A_invalidFree__C                   
000077a4  ti_sysbios_heaps_HeapMem_A_zeroBlock__C                     
000077a8  ti_sysbios_heaps_HeapMem_E_memory__C                        
000077ac  ti_sysbios_heaps_HeapMem_Module__diagsEnabled__C            
000077b0  ti_sysbios_heaps_HeapMem_Module__diagsIncluded__C           
000077b4  ti_sysbios_heaps_HeapMem_Module__diagsMask__C               
000077b8  ti_sysbios_heaps_HeapMem_Module__gateObj__C                 
000077bc  ti_sysbios_heaps_HeapMem_Object__count__C                   
000077c0  ti_sysbios_heaps_HeapMem_reqAlign__C                        
000077c4  ti_sysbios_knl_Clock_Module_State_clockQ__O                 
000077c8  ti_sysbios_knl_Semaphore_A_badContext__C                    
000077cc  ti_sysbios_knl_Semaphore_A_noEvents__C                      
000077d0  ti_sysbios_knl_Semaphore_A_overflow__C                      
000077d4  ti_sysbios_knl_Semaphore_A_pendTaskDisabled__C              
000077d8  ti_sysbios_knl_Semaphore_Instance_State_pendQ__O            
000077dc  ti_sysbios_knl_Semaphore_Module__diagsEnabled__C            
000077e0  ti_sysbios_knl_Semaphore_Module__diagsIncluded__C           
000077e4  ti_sysbios_knl_Semaphore_Module__diagsMask__C               
000077e8  ti_sysbios_knl_Swi_Object__count__C                         
000077ec  ti_sysbios_knl_Task_E_spOutOfBounds__C                      
000077f0  ti_sysbios_knl_Task_E_stackOverflow__C                      
000077f4  ti_sysbios_knl_Task_Module_State_inactiveQ__O               
000077f8  ti_sysbios_knl_Task_Object__count__C                        
000077fc  ti_sysbios_knl_Task_allBlockedFunc__C                       
00007800  ti_sysbios_knl_Task_numConstructedTasks__C                  
00007804  xdc_runtime_Assert_E_assertFailed__C                        
00007808  xdc_runtime_Core_A_initializedParams__C                     
0000780c  xdc_runtime_Core_Module__diagsEnabled__C                    
00007810  xdc_runtime_Core_Module__diagsIncluded__C                   
00007814  xdc_runtime_Core_Module__diagsMask__C                       
00007818  xdc_runtime_Error_E_memory__C                               
0000781c  xdc_runtime_Error_Module__diagsEnabled__C                   
00007820  xdc_runtime_Error_Module__diagsIncluded__C                  
00007824  xdc_runtime_Error_Module__diagsMask__C                      
00007828  xdc_runtime_Error_Module__loggerFxn8__C                     
0000782c  xdc_runtime_Error_Module__loggerObj__C                      
00007830  xdc_runtime_Error_policyFxn__C                              
00007834  xdc_runtime_Error_raiseHook__C                              
00007838  xdc_runtime_IGateProvider_Interface__BASE__C                
0000783c  xdc_runtime_IHeap_Interface__BASE__C                        
00007840  xdc_runtime_IModule_Interface__BASE__C                      
00007844  xdc_runtime_Log_L_error__C                                  
00007848  xdc_runtime_Memory_defaultHeapInstance__C                   
0000784c  xdc_runtime_Startup_execImpl__C                             
00007850  xdc_runtime_Startup_maxPasses__C                            
00007854  xdc_runtime_Startup_sfxnRts__C                              
00007858  xdc_runtime_Startup_sfxnTab__C                              
0000785c  xdc_runtime_SysMin_bufSize__C                               
00007860  xdc_runtime_SysMin_outputFunc__C                            
00007864  xdc_runtime_System_Module__gateObj__C                       
00007868  xdc_runtime_System_abortFxn__C                              
0000786c  xdc_runtime_System_exitFxn__C                               
00007870  xdc_runtime_System_extendFxn__C                             
00007874  xdc_runtime_System_maxAtexitHandlers__C                     
00007878  xdc_runtime_Text_charTab__C                                 
0000787c  xdc_runtime_Text_nameEmpty__C                               
00007880  xdc_runtime_Text_nameStatic__C                              
00007884  xdc_runtime_Text_nameUnknown__C                             
00007888  xdc_runtime_Text_nodeTab__C                                 
0000788c  xdc_runtime_Text_visitRopeFxn__C                            
00007890  ti_sysbios_gates_GateMutex_Module__id__C                    
00007892  ti_sysbios_hal_Hwi_Module__id__C                            
00007894  ti_sysbios_heaps_HeapMem_Module__id__C                      
00007896  ti_sysbios_knl_Semaphore_Module__id__C                      
00007898  ti_sysbios_knl_Task_Module__id__C                           
0000789a  xdc_runtime_Core_Module__id__C                              
0000789c  xdc_runtime_Error_Module__loggerDefined__C                  
0000789e  xdc_runtime_Error_maxDepth__C                               
000078a0  xdc_runtime_Memory_Module__id__C                            
000078a2  xdc_runtime_SysMin_flushAtExit__C                           
000078a4  xdc_runtime_Text_charCnt__C                                 
000078a6  xdc_runtime_Text_isLoaded__C                                
000078a8  xdc_runtime_Text_registryModsLastId__C                      
000078aa  xdc_runtime_Text_unnamedModsLastId__C                       
000078ac  xdc_runtime_Error_policy__C                                 
000078b0  __TI_static_base__                                          
00007aec  __TI_Handler_Table_Base                                     
00007af8  __TI_Handler_Table_Limit                                    
00007b08  __TI_CINIT_Base                                             
00007b20  __TI_CINIT_Limit                                            
20000000  ti_sysbios_family_arm_m3_Hwi_ramVectors                     
20000140  ti_sysbios_heaps_HeapMem_Instance_State_0_buf__A            
20000540  ti_sysbios_knl_Task_Instance_State_0_stack__A               
20000740  ti_sysbios_family_arm_m3_Hwi_dispatchTable                  
20000880  __CIOBUF_                                                   
200009a0  xdc_runtime_SysMin_Module_State_0_outbuf__A                 
20000a50  parmbuf                                                     
20000a58  PowerMSP432_perfLevels                                      
20000af4  ti_sysbios_knl_Swi_Module_State_0_readyQ__A                 
20000b74  ti_sysbios_knl_Task_Module_State_0_readyQ__A                
20000bf4  ti_sysbios_family_arm_msp432_Timer_Object__table__V         
20000c40  ti_sysbios_knl_Task_Object__table__V                        
20000c8c  ti_sysbios_knl_Task_Module__state__V                        
20000cd0  ti_sysbios_gates_GateMutex_Object__table__V                 
20000d08  ti_sysbios_family_arm_m3_Hwi_Module__state__V               
20000d6c  ti_sysbios_knl_Swi_Object__table__V                         
20000d9c  ti_sysbios_knl_Clock_Module__state__V                       
20000dc8  PowerMSP432_module                                          
20000df0  ti_sysbios_BIOS_Module__state__V                            
20000e14  ti_sysbios_family_arm_msp432_Timer_Module_State_0_device__A 
20000e34  ti_sysbios_knl_Clock_Object__table__V                       
20000e54  ti_sysbios_knl_Swi_Module__state__V                         
20000e70  ti_sysbios_family_arm_m3_Hwi_Object__table__V               
20000e88  ti_sysbios_heaps_HeapMem_Object__table__V                   
20000ea0  gpioPinConfigs                                              
20000eb0  ti_sysbios_family_arm_msp432_Timer_Module_State_0_handles__A
20000ec0  ti_sysbios_family_arm_msp432_ClockFreqs_Module__state__V    
20000ecc  ti_sysbios_family_arm_msp432_Timer_Module__state__V         
20000ed8  xdc_runtime_SysMin_Module__state__V                         
20000ee4  _lock                                                       
20000ee8  _unlock                                                     
20000eec  gpioCallbackFunctions                                       
20000ef4  L_real                                                      
20000ef6  R_real                                                      
20000ef8  L_ctrl                                                      
20000efa  R_ctrl                                                      
20000efc  ti_sysbios_family_arm_m3_Hwi_Module__root__V                
20000f04  ti_sysbios_gates_GateHwi_Module__root__V                    
20000f0c  ti_sysbios_gates_GateMutex_Module__root__V                  
20000f14  ti_sysbios_heaps_HeapMem_Module__root__V                    
20000f1c  ti_sysbios_knl_Queue_Module__root__V                        
20000f24  ti_sysbios_knl_Semaphore_Module__root__V                    
20000f2c  xdc_runtime_Registry_Module__state__V                       
20000f34  xdc_runtime_Startup_Module__state__V                        
20000f3c  xdc_runtime_System_Module_State_0_atexitHandlers__A         
20000f44  xdc_runtime_System_Module__state__V                         
20000f4c  main_func_sp                                                
20000f50  ti_sysbios_family_arm_m3_Hwi_Module_State_0_excContext__A   
20000f54  ti_sysbios_family_arm_m3_Hwi_Module_State_0_excStack__A     
20000f58  ti_sysbios_gates_GateHwi_Object__table__V                   
20000f5c  ti_sysbios_knl_Task_Module_State_0_idleTask__A              
20000f60  xdc_runtime_Memory_Module__state__V                         
20000f64  ti_sysbios_family_arm_m3_Hwi_Module_State_0_excActive__A    
20000f66  xdc_runtime_Error_Module__state__V                          
2000fd00  __stack                                                     
20010000  __STACK_END                                                 
4000480c  WDTCTL_SYM                                                  
e000e000  ti_sysbios_family_arm_m3_Hwi_nvic                           
ffffffff  __TI_pprof_out_hndl                                         
ffffffff  __TI_prof_data_size                                         
ffffffff  __TI_prof_data_start                                        
ffffffff  __binit__                                                   
ffffffff  __c_args__                                                  
ffffffff  binit                                                       
UNDEFED   SHT$$INIT_ARRAY$$Base                                       
UNDEFED   SHT$$INIT_ARRAY$$Limit                                      

[566 symbols]
