******************************************************************************
                  TI ARM Linker PC v18.1.4                     
******************************************************************************
>> Linked Fri Jan  4 15:44:01 2019

OUTPUT FILE NAME:   <motor_control.out>
ENTRY POINT SYMBOL: "_c_int00_noargs"  address: 00003fa9


MEMORY CONFIGURATION

         name            origin    length      used     unused   attr    fill
----------------------  --------  ---------  --------  --------  ----  --------
  MAIN                  00000000   00040000  000044cd  0003bb33  R  X
  INFO                  00200000   00004000  00000000  00004000  R  X
  SRAM_CODE             01000000   00010000  00000a76  0000f58a  RW X
  SRAM_DATA             20000000   00010000  00000a76  0000f58a  RW  


SEGMENT ALLOCATION MAP

run origin  load origin   length   init length attrs members
----------  ----------- ---------- ----------- ----- -------
00000000    00000000    000044d0   000044d0    r-x
  00000000    00000000    000000e4   000000e4    r-- .intvecs
  000000e4    000000e4    00004230   00004230    r-x .text
  00004314    00004314    00000101   00000101    r-- .const
  00004418    00004418    000000b8   000000b8    r-- .cinit
20000000    20000000    00000876   00000000    rw-
  20000000    20000000    00000400   00000000    rw- .sysmem
  20000400    20000400    00000260   00000000    rw- .data
  20000660    20000660    00000216   00000000    rw- .bss
2000fe00    2000fe00    00000200   00000000    rw-
  2000fe00    2000fe00    00000200   00000000    rw- .stack


SECTION ALLOCATION MAP

 output                                  attributes/
section   page    origin      length       input sections
--------  ----  ----------  ----------   ----------------
.intvecs   0    00000000    000000e4     
                  00000000    000000e4     startup_msp432p401r_ccs.obj (.intvecs:retain)

.text      0    000000e4    00004230     
                  000000e4    00000a5e     rtsv7M4_T_le_v4SPD16_eabi.lib : _printfi.c.obj (.text:__TI_printfi)
                  00000b42    00000002                                   : _lock.c.obj (.text:_nop)
                  00000b44    000006bc     UART0.obj (.text)
                  00001200    00000334     system_msp432p401r.obj (.text)
                  00001534    000002e0     main.obj (.text)
                  00001814    00000270     rtsv7M4_T_le_v4SPD16_eabi.lib : _printfi.c.obj (.text:_pconv_a)
                  00001a84    00000228     PWM.obj (.text)
                  00001cac    000001e0     Clock.obj (.text)
                  00001e8c    000001d0     rtsv7M4_T_le_v4SPD16_eabi.lib : _printfi.c.obj (.text:_pconv_g)
                  0000205c    000001b6                                   : fd_add_t2.asm.obj (.text)
                  00002212    00000002                                   : div0.asm.obj (.text)
                  00002214    0000018c     Motor.obj (.text)
                  000023a0    00000168     Tachometer.obj (.text)
                  00002508    0000013c     rtsv7M4_T_le_v4SPD16_eabi.lib : _printfi.c.obj (.text:_pconv_e)
                  00002644    00000136                                   : fd_div_t2.asm.obj (.text)
                  0000277a    00000002     --HOLE-- [fill = 0]
                  0000277c    00000134     TA3InputCapture.obj (.text)
                  000028b0    00000124     rtsv7M4_T_le_v4SPD16_eabi.lib : _printfi.c.obj (.text:fcvt)
                  000029d4    00000114                                   : fputs.c.obj (.text:fputs)
                  00002ae8    00000110                                   : s_scalbn.c.obj (.text:scalbn)
                  00002bf8    000000fc                                   : fd_mul_t2.asm.obj (.text)
                  00002cf4    000000dc                                   : setvbuf.c.obj (.text:setvbuf)
                  00002dd0    000000d8                                   : memory.c.obj (.text:free)
                  00002ea8    000000d0                                   : fopen.c.obj (.text:_openfile)
                  00002f78    000000bc                                   : open.c.obj (.text:open)
                  00003034    000000b8                                   : add_device.c.obj (.text:add_device)
                  000030ec    000000b1                                   : _printfi.c.obj (.text:_ltostr)
                  0000319d    00000003     --HOLE-- [fill = 0]
                  000031a0    000000a8     TimerA1.obj (.text)
                  00003248    0000009c     rtsv7M4_T_le_v4SPD16_eabi.lib : fopen.c.obj (.text:fopen)
                  000032e4    0000009c                                   : memcpy_t2.asm.obj (.text)
                  00003380    00000096                                   : ull_div_t2.asm.obj (.text)
                  00003416    00000002     --HOLE-- [fill = 0]
                  00003418    0000008c                                   : fputc.c.obj (.text:fputc)
                  000034a4    00000086                                   : fd_cmp_t2.asm.obj (.text:__aeabi_cdcmple)
                  0000352a    00000086                                   : fd_cmp_t2.asm.obj (.text:__aeabi_cdrcmple)
                  000035b0    0000007a                                   : memset_t2.asm.obj (.text)
                  0000362a    00000002     --HOLE-- [fill = 0]
                  0000362c    00000078                                   : memory.c.obj (.text:malloc)
                  000036a4    00000074                                   : fclose.c.obj (.text:__TI_closefile)
                  00003718    0000006e                                   : _printfi.c.obj (.text:_mcpy)
                  00003786    00000002     --HOLE-- [fill = 0]
                  00003788    00000068                                   : hostlseek.c.obj (.text:HOSTlseek)
                  000037f0    00000068                                   : hostrename.c.obj (.text:HOSTrename)
                  00003858    00000068                                   : copy_decompress_lzss.c.obj (.text:decompress:lzss:__TI_decompress_lzss)
                  000038c0    00000068                                   : printf.c.obj (.text:printf)
                  00003928    00000064                                   : s_frexp.c.obj (.text:frexp)
                  0000398c    00000064                                   : fseek.c.obj (.text:fseek)
                  000039f0    00000062                                   : _io_perm.c.obj (.text:__TI_wrt_ok)
                  00003a52    00000002     --HOLE-- [fill = 0]
                  00003a54    00000060                                   : hostopen.c.obj (.text:HOSTopen)
                  00003ab4    0000005c                                   : close.c.obj (.text:close)
                  00003b10    00000058                                   : hostread.c.obj (.text:HOSTread)
                  00003b68    00000058                                   : hostwrite.c.obj (.text:HOSTwrite)
                  00003bc0    00000056                                   : _printfi.c.obj (.text:_pconv_f)
                  00003c16    00000054                                   : ltoa.c.obj (.text:ltoa)
                  00003c6a    00000052                                   : _printfi.c.obj (.text:_ecpy)
                  00003cbc    0000004c                                   : fflush.c.obj (.text:__TI_doflush)
                  00003d08    0000004c                                   : atoi.c.obj (.text:atoi)
                  00003d54    00000048                                   : exit.c.obj (.text:exit)
                  00003d9c    00000048                                   : fd_toi_t2.asm.obj (.text)
                  00003de4    00000044                                   : hostclose.c.obj (.text:HOSTclose)
                  00003e28    00000044                                   : hostunlink.c.obj (.text:HOSTunlink)
                  00003e6c    00000044                                   : autoinit.c.obj (.text:__TI_auto_init_nobinit_nopinit:__TI_auto_init_nobinit_nopinit)
                  00003eb0    00000044                                   : getdevice.c.obj (.text:getdevice)
                  00003ef4    0000003e                                   : _printfi.c.obj (.text:_fcpy)
                  00003f32    00000002     --HOLE-- [fill = 0]
                  00003f34    0000003c                                   : memory.c.obj (.text:minsert)
                  00003f70    00000038                                   : trgmsg.c.obj (.text:__TI_writemsg)
                  00003fa8    00000038                                   : boot_cortex_m.c.obj (.text:_c_int00_noargs:_c_int00_noargs)
                  00003fe0    00000038                                   : memory.c.obj (.text:minit)
                  00004018    00000036                                   : strncpy.c.obj (.text:strncpy)
                  0000404e    00000002     --HOLE-- [fill = 0]
                  00004050    00000034                                   : fopen.c.obj (.text:__TI_cleanup)
                  00004084    00000034                                   : trgmsg.c.obj (.text:__TI_readmsg)
                  000040b8    00000034                                   : fopen.c.obj (.text:freopen)
                  000040ec    00000030                                   : getdevice.c.obj (.text:finddevice)
                  0000411c    0000002e                                   : i_tofd_t2.asm.obj (.text)
                  0000414a    00000002     --HOLE-- [fill = 0]
                  0000414c    0000002c                                   : unlink.c.obj (.text:unlink)
                  00004178    00000028                                   : lseek.c.obj (.text:lseek)
                  000041a0    00000028                                   : memory.c.obj (.text:mremove)
                  000041c8    00000028                                   : write.c.obj (.text:write)
                  000041f0    00000024     CortexM.obj (.text)
                  00004214    00000020     rtsv7M4_T_le_v4SPD16_eabi.lib : memchr.c.obj (.text:memchr)
                  00004234    0000001c                                   : memccpy.c.obj (.text:memccpy)
                  00004250    00000018                                   : strcmp.c.obj (.text:strcmp)
                  00004268    00000016                                   : strchr.c.obj (.text:strchr)
                  0000427e    00000014                                   : s_copysign.c.obj (.text:copysign)
                  00004292    00000014                                   : strcpy.c.obj (.text:strcpy)
                  000042a6    00000014                                   : strlen.c.obj (.text:strlen)
                  000042ba    00000012                                   : copy_zero_init.c.obj (.text:decompress:ZI:__TI_zero_init_nomemset:__TI_zero_init_nomemset)
                  000042cc    00000012                                   : wcslen.c.obj (.text:wcslen)
                  000042de    0000000e                                   : copy_decompress_none.c.obj (.text:decompress:none:__TI_decompress_none)
                  000042ec    0000000e     startup_msp432p401r_ccs.obj (.text)
                  000042fa    00000002     --HOLE-- [fill = 0]
                  000042fc    00000008     rtsv7M4_T_le_v4SPD16_eabi.lib : errno.c.obj (.text:__aeabi_errno_addr)
                  00004304    00000004                                   : printf.c.obj (.text:_outc)
                  00004308    00000004                                   : printf.c.obj (.text:_outs)
                  0000430c    00000004                                   : pre_init.c.obj (.text:_system_pre_init)
                  00004310    00000004                                   : exit.c.obj (.text:abort:abort)

.const     0    00004314    00000101     
                  00004314    00000101     rtsv7M4_T_le_v4SPD16_eabi.lib : ctype.c.obj (.const:.string:_ctypes_)

.cinit     0    00004418    000000b8     
                  00004418    00000090     (.cinit..data.load) [load image, compression = lzss]
                  000044a8    0000000c     (__TI_handler_table)
                  000044b4    00000004     --HOLE-- [fill = 0]
                  000044b8    00000008     (.cinit..bss.load) [load image, compression = zero_init]
                  000044c0    00000010     (__TI_cinit_table)

.init_array 
*          0    00000000    00000000     UNINITIALIZED

.binit     0    00000000    00000000     

.sysmem    0    20000000    00000400     UNINITIALIZED
                  20000000    00000008     rtsv7M4_T_le_v4SPD16_eabi.lib : memory.c.obj (.sysmem)
                  20000008    000003f8     --HOLE--

.data      0    20000400    00000260     UNINITIALIZED
                  20000400    000000f0     rtsv7M4_T_le_v4SPD16_eabi.lib : defs.c.obj (.data:_ftable)
                  200004f0    00000078                                   : write.c.obj (.data:_device)
                  20000568    00000050                                   : write.c.obj (.data:_stream)
                  200005b8    00000038     main.obj (.data)
                  200005f0    00000018     Clock.obj (.data)
                  20000608    00000010     rtsv7M4_T_le_v4SPD16_eabi.lib : defs.c.obj (.data)
                  20000618    0000000c                                   : exit.c.obj (.data:$O1$$)
                  20000624    0000000c                                   : memory.c.obj (.data:$O1$$)
                  20000630    0000000a     Tachometer.obj (.data)
                  2000063a    00000002     --HOLE--
                  2000063c    00000008     rtsv7M4_T_le_v4SPD16_eabi.lib : _lock.c.obj (.data:$O1$$)
                  20000644    00000008     TA3InputCapture.obj (.data)
                  2000064c    00000004     rtsv7M4_T_le_v4SPD16_eabi.lib : add_device.c.obj (.data)
                  20000650    00000004                                   : errno.c.obj (.data)
                  20000654    00000004                                   : fopen.c.obj (.data)
                  20000658    00000004                                   : open.c.obj (.data)
                  2000065c    00000004     system_msp432p401r.obj (.data)

.bss       0    20000660    00000216     UNINITIALIZED
                  20000660    00000120     rtsv7M4_T_le_v4SPD16_eabi.lib : trgmsg.c.obj (.bss:_CIOBUF_)
                  20000780    000000a0     (.common:__TI_tmpnams)
                  20000820    00000014     (.common:LeftTach)
                  20000834    00000014     (.common:RightTach)
                  20000848    00000008     (.common:Messageb)
                  20000850    00000008     (.common:parmbuf)
                  20000858    00000004     (.common:LeftSteps)
                  2000085c    00000004     (.common:Messageindexb)
                  20000860    00000004     (.common:RightSteps)
                  20000864    00000004     (.common:TimerA1Task)
                  20000868    00000002     (.common:ActualL)
                  2000086a    00000002     (.common:ActualR)
                  2000086c    00000002     (.common:Tachometer_FirstLeftTime)
                  2000086e    00000002     (.common:Tachometer_FirstRightTime)
                  20000870    00000002     (.common:Tachometer_SecondLeftTime)
                  20000872    00000002     (.common:Tachometer_SecondRightTime)
                  20000874    00000001     (.common:LeftDir)
                  20000875    00000001     (.common:RightDir)

.stack     0    2000fe00    00000200     UNINITIALIZED
                  2000fe00    00000004     rtsv7M4_T_le_v4SPD16_eabi.lib : boot_cortex_m.c.obj (.stack)
                  2000fe04    000001fc     --HOLE--

MODULE SUMMARY

       Module                        code    ro data   rw data
       ------                        ----    -------   -------
    .\
       UART0.obj                     1724    0         24     
       main.obj                      736     0         220    
       system_msp432p401r.obj        820     0         8      
       PWM.obj                       552     0         0      
       Clock.obj                     480     0         48     
       Motor.obj                     396     0         0      
       Tachometer.obj                360     0         36     
       TA3InputCapture.obj           308     0         16     
       startup_msp432p401r_ccs.obj   14      228       0      
       TimerA1.obj                   168     0         8      
       CortexM.obj                   36      0         0      
    +--+-----------------------------+-------+---------+---------+
       Total:                        5594    228       360    
                                                              
    C:\ti\ccsv8\tools\compiler\ti-cgt-arm_18.1.4.LTS\lib\rtsv7M4_T_le_v4SPD16_eabi.lib
       _printfi.c.obj                4867    0         0      
       defs.c.obj                    0       0         832    
       trgmsg.c.obj                  108     0         576    
       memory.c.obj                  492     0         24     
       fopen.c.obj                   468     0         8      
       write.c.obj                   40      0         400    
       fd_add_t2.asm.obj             438     0         0      
       fd_div_t2.asm.obj             310     0         0      
       fputs.c.obj                   276     0         0      
       s_scalbn.c.obj                272     0         0      
       fd_cmp_t2.asm.obj             268     0         0      
       ctype.c.obj                   0       257       0      
       fd_mul_t2.asm.obj             252     0         0      
       setvbuf.c.obj                 220     0         0      
       open.c.obj                    188     0         8      
       add_device.c.obj              184     0         8      
       memcpy_t2.asm.obj             156     0         0      
       ull_div_t2.asm.obj            150     0         0      
       fputc.c.obj                   140     0         0      
       memset_t2.asm.obj             122     0         0      
       fclose.c.obj                  116     0         0      
       getdevice.c.obj               116     0         0      
       hostopen.c.obj                96      0         16     
       printf.c.obj                  112     0         0      
       copy_decompress_lzss.c.obj    104     0         0      
       hostlseek.c.obj               104     0         0      
       hostrename.c.obj              104     0         0      
       exit.c.obj                    76      0         24     
       fseek.c.obj                   100     0         0      
       s_frexp.c.obj                 100     0         0      
       _io_perm.c.obj                98      0         0      
       close.c.obj                   92      0         0      
       hostread.c.obj                88      0         0      
       hostwrite.c.obj               88      0         0      
       ltoa.c.obj                    84      0         0      
       atoi.c.obj                    76      0         0      
       fflush.c.obj                  76      0         0      
       fd_toi_t2.asm.obj             72      0         0      
       autoinit.c.obj                68      0         0      
       hostclose.c.obj               68      0         0      
       hostunlink.c.obj              68      0         0      
       boot_cortex_m.c.obj           56      0         0      
       strncpy.c.obj                 54      0         0      
       i_tofd_t2.asm.obj             46      0         0      
       unlink.c.obj                  44      0         0      
       lseek.c.obj                   40      0         0      
       memchr.c.obj                  32      0         0      
       memccpy.c.obj                 28      0         0      
       strcmp.c.obj                  24      0         0      
       strchr.c.obj                  22      0         0      
       s_copysign.c.obj              20      0         0      
       strcpy.c.obj                  20      0         0      
       strlen.c.obj                  20      0         0      
       _lock.c.obj                   2       0         16     
       copy_zero_init.c.obj          18      0         0      
       wcslen.c.obj                  18      0         0      
       errno.c.obj                   8       0         8      
       copy_decompress_none.c.obj    14      0         0      
       pre_init.c.obj                4       0         0      
       div0.asm.obj                  2       0         0      
    +--+-----------------------------+-------+---------+---------+
       Total:                        11329   257       1920   
                                                              
       Heap:                         0       0         2048   
       Stack:                        0       0         1024   
       Linker Generated:             0       180       0      
    +--+-----------------------------+-------+---------+---------+
       Grand Total:                  16923   665       5352   


LINKER GENERATED COPY TABLES

__TI_cinit_table @ 000044c0 records: 2, size/record: 8, table size: 16
	.data: load addr=00004418, load size=00000090 bytes, run addr=20000400, run size=00000260 bytes, compression=lzss
	.bss: load addr=000044b8, load size=00000008 bytes, run addr=20000660, run size=00000216 bytes, compression=zero_init


LINKER GENERATED HANDLER TABLE

__TI_handler_table @ 000044a8 records: 3, size/record: 4, table size: 12
	index: 0, handler: __TI_decompress_lzss
	index: 1, handler: __TI_decompress_none
	index: 2, handler: __TI_zero_init


GLOBAL SYMBOLS: SORTED ALPHABETICALLY BY Name 

address   name                           
-------   ----                           
000042f9  ADC14_IRQHandler               
000042f9  AES256_IRQHandler              
20000868  ActualL                        
2000086a  ActualR                        
000042f9  BusFault_Handler               
00004311  C$$EXIT                        
00003f9f  C$$IO$$                        
000042f9  COMP_E0_IRQHandler             
000042f9  COMP_E1_IRQHandler             
200005f8  CPMwait                        
000042f9  CS_IRQHandler                  
20000644  CaptureTask0                   
20000648  CaptureTask2                   
200005f0  ClockFrequency                 
00001e01  Clock_Delay1ms                 
00001dd7  Clock_Delay1us                 
00001dc3  Clock_GetFreq                  
00001cad  Clock_Init48MHz                
20000604  Crystalstable                  
000042f9  DMA_ERR_IRQHandler             
000042f9  DMA_INT0_IRQHandler            
000042f9  DMA_INT1_IRQHandler            
000042f9  DMA_INT2_IRQHandler            
000042f9  DMA_INT3_IRQHandler            
000042f9  DebugMon_Handler               
000042f9  Default_Handler                
200005e8  DesiredL                       
200005ea  DesiredR                       
000041f1  DisableInterrupts              
000042f9  EUSCIA0_IRQHandler             
000042f9  EUSCIA1_IRQHandler             
000042f9  EUSCIA2_IRQHandler             
000042f9  EUSCIA3_IRQHandler             
000042f9  EUSCIB0_IRQHandler             
000042f9  EUSCIB1_IRQHandler             
000042f9  EUSCIB2_IRQHandler             
000042f9  EUSCIB3_IRQHandler             
000041f7  EnableInterrupts               
00004207  EndCritical                    
200005c8  ErrL                           
200005d0  ErrL_pre                       
200005cc  ErrR                           
200005d4  ErrR_pre                       
200005d8  ErrSumL                        
200005e0  ErrSumL_pre                    
200005dc  ErrSumR                        
200005e4  ErrSumR_pre                    
000042f9  FLCTL_IRQHandler               
000042f9  FPU_IRQHandler                 
00003de5  HOSTclose                      
00003789  HOSTlseek                      
00003a55  HOSTopen                       
00003b11  HOSTread                       
000037f1  HOSTrename                     
00003e29  HOSTunlink                     
00003b69  HOSTwrite                      
000042f9  HardFault_Handler              
20000600  IFlags                         
200005b8  Ki_L                           
200005c0  Ki_R                           
200005bc  Kp_L                           
200005c4  Kp_R                           
20000874  LeftDir                        
200005ec  LeftDuty                       
20000858  LeftSteps                      
20000820  LeftTach                       
000042f9  MemManage_Handler              
20000848  Messageb                       
2000085c  Messageindexb                  
00002343  Motor_Backward                 
0000227b  Motor_Forward                  
00002215  Motor_Init                     
000022fd  Motor_Left                     
000022b7  Motor_Right                    
00002267  Motor_Stop                     
000042f9  NMI_Handler                    
000042f9  PCM_IRQHandler                 
000042f9  PORT1_IRQHandler               
000042f9  PORT2_IRQHandler               
000042f9  PORT3_IRQHandler               
000042f9  PORT4_IRQHandler               
000042f9  PORT5_IRQHandler               
000042f9  PORT6_IRQHandler               
000042f9  PSS_IRQHandler                 
00001b6f  PWM_Duty1                      
00001b8f  PWM_Duty2                      
00001c33  PWM_Duty3                      
00001c53  PWM_Duty4                      
00001a85  PWM_Init1                      
00001aeb  PWM_Init12                     
00001baf  PWM_Init34                     
000042f9  PendSV_Handler                 
200005fc  Postwait                       
200005f4  Prewait                        
000042f9  RTC_C_IRQHandler               
000042ed  Reset_Handler                  
20000875  RightDir                       
200005ee  RightDuty                      
20000860  RightSteps                     
20000834  RightTach                      
000042f9  SVC_Handler                    
000041fd  StartCritical                  
000042f9  SysTick_Handler                
2000065c  SystemCoreClock                
00001201  SystemCoreClockUpdate          
00001479  SystemInit                     
000042f9  T32_INT1_IRQHandler            
000042f9  T32_INT2_IRQHandler            
000042f9  T32_INTC_IRQHandler            
000042f9  TA0_0_IRQHandler               
000042f9  TA0_N_IRQHandler               
00003213  TA1_0_IRQHandler               
00003213  TA1_0_IRQHandler               
000042f9  TA1_N_IRQHandler               
000042f9  TA2_0_IRQHandler               
000042f9  TA2_N_IRQHandler               
0000283b  TA3_0_IRQHandler               
0000283b  TA3_0_IRQHandler               
00002855  TA3_N_IRQHandler               
00002855  TA3_N_IRQHandler               
2000086c  Tachometer_FirstLeftTime       
2000086e  Tachometer_FirstRightTime      
00002475  Tachometer_Get                 
0000242d  Tachometer_Init                
20000639  Tachometer_LeftDir             
20000634  Tachometer_LeftSteps           
20000638  Tachometer_RightDir            
20000630  Tachometer_RightSteps          
20000870  Tachometer_SecondLeftTime      
20000872  Tachometer_SecondRightTime     
20000864  TimerA1Task                    
000031a1  TimerA1_Init                   
000031ff  TimerA1_Stop                   
00002789  TimerA3Capture_Init            
00000b8b  UART0_InChar                   
00001015  UART0_InString                 
00000bd5  UART0_InUDec                   
00000ec9  UART0_InUHex                   
00000b45  UART0_Init                     
00001175  UART0_Initprintf               
00000b9b  UART0_OutChar                  
00000bb7  UART0_OutString                
00000c59  UART0_OutUDec                  
00000dc5  UART0_OutUDec4                 
00000e19  UART0_OutUDec5                 
00000e55  UART0_OutUFix1                 
00000e7d  UART0_OutUFix2                 
00000f8d  UART0_OutUHex                  
00000ff9  UART0_OutUHex2                 
000042f9  UsageFault_Handler             
4000480c  WDTCTL_SYM                     
000042f9  WDT_A_IRQHandler               
0000420f  WaitForInterrupt               
20000660  __CIOBUF_                      
20010000  __STACK_END                    
00000200  __STACK_SIZE                   
00000400  __SYSMEM_SIZE                  
000044c0  __TI_CINIT_Base                
000044d0  __TI_CINIT_Limit               
000044a8  __TI_Handler_Table_Base        
000044b4  __TI_Handler_Table_Limit       
00003e6d  __TI_auto_init_nobinit_nopinit 
00004051  __TI_cleanup                   
20000618  __TI_cleanup_ptr               
000036a5  __TI_closefile                 
00003859  __TI_decompress_lzss           
000042df  __TI_decompress_none           
00003cbd  __TI_doflush                   
2000061c  __TI_dtors_ptr                 
20000620  __TI_enable_exit_profile_output
20000608  __TI_ft_end                    
ffffffff  __TI_pprof_out_hndl            
000000e5  __TI_printfi                   
ffffffff  __TI_prof_data_size            
ffffffff  __TI_prof_data_start           
00004085  __TI_readmsg                   
00000000  __TI_static_base__             
20000780  __TI_tmpnams                   
00003f71  __TI_writemsg                  
000039f1  __TI_wrt_ok                    
000042bb  __TI_zero_init_nomemset        
000034a5  __aeabi_cdcmpeq                
000034a5  __aeabi_cdcmple                
0000352b  __aeabi_cdrcmple               
00003d9d  __aeabi_d2iz                   
00002067  __aeabi_dadd                   
00002645  __aeabi_ddiv                   
00002bf9  __aeabi_dmul                   
0000205d  __aeabi_dsub                   
000042fd  __aeabi_errno_addr             
0000411d  __aeabi_i2d                    
00002213  __aeabi_idiv0                  
00002213  __aeabi_ldiv0                  
000035b1  __aeabi_memclr                 
000035b1  __aeabi_memclr4                
000035b1  __aeabi_memclr8                
000032e5  __aeabi_memcpy                 
000032e5  __aeabi_memcpy4                
000032e5  __aeabi_memcpy8                
000035b3  __aeabi_memset                 
000035b3  __aeabi_memset4                
000035b3  __aeabi_memset8                
20000614  __aeabi_stderr                 
2000060c  __aeabi_stdin                  
20000610  __aeabi_stdout                 
00003381  __aeabi_uldivmod               
ffffffff  __binit__                      
ffffffff  __c_args__                     
UNDEFED   __mpu_init                     
2000fe00  __stack                        
00003fa9  _c_int00_noargs                
00004314  _ctypes_                       
200004f0  _device                        
20000400  _ftable                        
2000063c  _lock                          
00000b43  _nop                           
20000568  _stream                        
20000000  _sys_memory                    
UNDEFED   _system_post_cinit             
0000430d  _system_pre_init               
20000640  _unlock                        
00004311  abort                          
00003035  add_device                     
00003d09  atoi                           
00001535  avg                            
ffffffff  binit                          
00003ab5  close                          
0000427f  copysign                       
0000427f  copysignl                      
00001dc9  delay                          
20000650  errno                          
00003d55  exit                           
000010af  ferror                         
0000108f  fgetc                          
000040ed  finddevice                     
00003249  fopen                          
00003419  fputc                          
000029d5  fputs                          
00002dd1  free                           
000040b9  freopen                        
00003929  frexp                          
00003929  frexpl                         
0000398d  fseek                          
00003eb1  getdevice                      
00000000  interruptVectors               
00002ae9  ldexp                          
00002ae9  ldexpl                         
00004179  lseek                          
00003c17  ltoa                           
00001577  main                           
0000362d  malloc                         
00004235  memccpy                        
00004215  memchr                         
000032e5  memcpy                         
000035b9  memset                         
00003fe1  minit                          
00002f79  open                           
00000fd1  outnibble                      
20000850  parmbuf                        
000038c1  printf                         
00003419  putc                           
0000414d  remove                         
00002ae9  scalbn                         
00002ae9  scalbnl                        
00002cf5  setvbuf                        
00004269  strchr                         
00004251  strcmp                         
00004293  strcpy                         
000042a7  strlen                         
00004019  strncpy                        
0000277d  ta3dummy                       
000023e7  tachometerLeftInt              
000023a1  tachometerRightInt             
000010cd  uart_close                     
0000114b  uart_lseek                     
000010bd  uart_open                      
000010df  uart_read                      
00001167  uart_rename                    
0000115b  uart_unlink                    
00001109  uart_write                     
0000414d  unlink                         
000042cd  wcslen                         
000041c9  write                          


GLOBAL SYMBOLS: SORTED BY Symbol Address 

address   name                           
-------   ----                           
00000000  __TI_static_base__             
00000000  interruptVectors               
000000e5  __TI_printfi                   
00000200  __STACK_SIZE                   
00000400  __SYSMEM_SIZE                  
00000b43  _nop                           
00000b45  UART0_Init                     
00000b8b  UART0_InChar                   
00000b9b  UART0_OutChar                  
00000bb7  UART0_OutString                
00000bd5  UART0_InUDec                   
00000c59  UART0_OutUDec                  
00000dc5  UART0_OutUDec4                 
00000e19  UART0_OutUDec5                 
00000e55  UART0_OutUFix1                 
00000e7d  UART0_OutUFix2                 
00000ec9  UART0_InUHex                   
00000f8d  UART0_OutUHex                  
00000fd1  outnibble                      
00000ff9  UART0_OutUHex2                 
00001015  UART0_InString                 
0000108f  fgetc                          
000010af  ferror                         
000010bd  uart_open                      
000010cd  uart_close                     
000010df  uart_read                      
00001109  uart_write                     
0000114b  uart_lseek                     
0000115b  uart_unlink                    
00001167  uart_rename                    
00001175  UART0_Initprintf               
00001201  SystemCoreClockUpdate          
00001479  SystemInit                     
00001535  avg                            
00001577  main                           
00001a85  PWM_Init1                      
00001aeb  PWM_Init12                     
00001b6f  PWM_Duty1                      
00001b8f  PWM_Duty2                      
00001baf  PWM_Init34                     
00001c33  PWM_Duty3                      
00001c53  PWM_Duty4                      
00001cad  Clock_Init48MHz                
00001dc3  Clock_GetFreq                  
00001dc9  delay                          
00001dd7  Clock_Delay1us                 
00001e01  Clock_Delay1ms                 
0000205d  __aeabi_dsub                   
00002067  __aeabi_dadd                   
00002213  __aeabi_idiv0                  
00002213  __aeabi_ldiv0                  
00002215  Motor_Init                     
00002267  Motor_Stop                     
0000227b  Motor_Forward                  
000022b7  Motor_Right                    
000022fd  Motor_Left                     
00002343  Motor_Backward                 
000023a1  tachometerRightInt             
000023e7  tachometerLeftInt              
0000242d  Tachometer_Init                
00002475  Tachometer_Get                 
00002645  __aeabi_ddiv                   
0000277d  ta3dummy                       
00002789  TimerA3Capture_Init            
0000283b  TA3_0_IRQHandler               
0000283b  TA3_0_IRQHandler               
00002855  TA3_N_IRQHandler               
00002855  TA3_N_IRQHandler               
000029d5  fputs                          
00002ae9  ldexp                          
00002ae9  ldexpl                         
00002ae9  scalbn                         
00002ae9  scalbnl                        
00002bf9  __aeabi_dmul                   
00002cf5  setvbuf                        
00002dd1  free                           
00002f79  open                           
00003035  add_device                     
000031a1  TimerA1_Init                   
000031ff  TimerA1_Stop                   
00003213  TA1_0_IRQHandler               
00003213  TA1_0_IRQHandler               
00003249  fopen                          
000032e5  __aeabi_memcpy                 
000032e5  __aeabi_memcpy4                
000032e5  __aeabi_memcpy8                
000032e5  memcpy                         
00003381  __aeabi_uldivmod               
00003419  fputc                          
00003419  putc                           
000034a5  __aeabi_cdcmpeq                
000034a5  __aeabi_cdcmple                
0000352b  __aeabi_cdrcmple               
000035b1  __aeabi_memclr                 
000035b1  __aeabi_memclr4                
000035b1  __aeabi_memclr8                
000035b3  __aeabi_memset                 
000035b3  __aeabi_memset4                
000035b3  __aeabi_memset8                
000035b9  memset                         
0000362d  malloc                         
000036a5  __TI_closefile                 
00003789  HOSTlseek                      
000037f1  HOSTrename                     
00003859  __TI_decompress_lzss           
000038c1  printf                         
00003929  frexp                          
00003929  frexpl                         
0000398d  fseek                          
000039f1  __TI_wrt_ok                    
00003a55  HOSTopen                       
00003ab5  close                          
00003b11  HOSTread                       
00003b69  HOSTwrite                      
00003c17  ltoa                           
00003cbd  __TI_doflush                   
00003d09  atoi                           
00003d55  exit                           
00003d9d  __aeabi_d2iz                   
00003de5  HOSTclose                      
00003e29  HOSTunlink                     
00003e6d  __TI_auto_init_nobinit_nopinit 
00003eb1  getdevice                      
00003f71  __TI_writemsg                  
00003f9f  C$$IO$$                        
00003fa9  _c_int00_noargs                
00003fe1  minit                          
00004019  strncpy                        
00004051  __TI_cleanup                   
00004085  __TI_readmsg                   
000040b9  freopen                        
000040ed  finddevice                     
0000411d  __aeabi_i2d                    
0000414d  remove                         
0000414d  unlink                         
00004179  lseek                          
000041c9  write                          
000041f1  DisableInterrupts              
000041f7  EnableInterrupts               
000041fd  StartCritical                  
00004207  EndCritical                    
0000420f  WaitForInterrupt               
00004215  memchr                         
00004235  memccpy                        
00004251  strcmp                         
00004269  strchr                         
0000427f  copysign                       
0000427f  copysignl                      
00004293  strcpy                         
000042a7  strlen                         
000042bb  __TI_zero_init_nomemset        
000042cd  wcslen                         
000042df  __TI_decompress_none           
000042ed  Reset_Handler                  
000042f9  ADC14_IRQHandler               
000042f9  AES256_IRQHandler              
000042f9  BusFault_Handler               
000042f9  COMP_E0_IRQHandler             
000042f9  COMP_E1_IRQHandler             
000042f9  CS_IRQHandler                  
000042f9  DMA_ERR_IRQHandler             
000042f9  DMA_INT0_IRQHandler            
000042f9  DMA_INT1_IRQHandler            
000042f9  DMA_INT2_IRQHandler            
000042f9  DMA_INT3_IRQHandler            
000042f9  DebugMon_Handler               
000042f9  Default_Handler                
000042f9  EUSCIA0_IRQHandler             
000042f9  EUSCIA1_IRQHandler             
000042f9  EUSCIA2_IRQHandler             
000042f9  EUSCIA3_IRQHandler             
000042f9  EUSCIB0_IRQHandler             
000042f9  EUSCIB1_IRQHandler             
000042f9  EUSCIB2_IRQHandler             
000042f9  EUSCIB3_IRQHandler             
000042f9  FLCTL_IRQHandler               
000042f9  FPU_IRQHandler                 
000042f9  HardFault_Handler              
000042f9  MemManage_Handler              
000042f9  NMI_Handler                    
000042f9  PCM_IRQHandler                 
000042f9  PORT1_IRQHandler               
000042f9  PORT2_IRQHandler               
000042f9  PORT3_IRQHandler               
000042f9  PORT4_IRQHandler               
000042f9  PORT5_IRQHandler               
000042f9  PORT6_IRQHandler               
000042f9  PSS_IRQHandler                 
000042f9  PendSV_Handler                 
000042f9  RTC_C_IRQHandler               
000042f9  SVC_Handler                    
000042f9  SysTick_Handler                
000042f9  T32_INT1_IRQHandler            
000042f9  T32_INT2_IRQHandler            
000042f9  T32_INTC_IRQHandler            
000042f9  TA0_0_IRQHandler               
000042f9  TA0_N_IRQHandler               
000042f9  TA1_N_IRQHandler               
000042f9  TA2_0_IRQHandler               
000042f9  TA2_N_IRQHandler               
000042f9  UsageFault_Handler             
000042f9  WDT_A_IRQHandler               
000042fd  __aeabi_errno_addr             
0000430d  _system_pre_init               
00004311  C$$EXIT                        
00004311  abort                          
00004314  _ctypes_                       
000044a8  __TI_Handler_Table_Base        
000044b4  __TI_Handler_Table_Limit       
000044c0  __TI_CINIT_Base                
000044d0  __TI_CINIT_Limit               
20000000  _sys_memory                    
20000400  _ftable                        
200004f0  _device                        
20000568  _stream                        
200005b8  Ki_L                           
200005bc  Kp_L                           
200005c0  Ki_R                           
200005c4  Kp_R                           
200005c8  ErrL                           
200005cc  ErrR                           
200005d0  ErrL_pre                       
200005d4  ErrR_pre                       
200005d8  ErrSumL                        
200005dc  ErrSumR                        
200005e0  ErrSumL_pre                    
200005e4  ErrSumR_pre                    
200005e8  DesiredL                       
200005ea  DesiredR                       
200005ec  LeftDuty                       
200005ee  RightDuty                      
200005f0  ClockFrequency                 
200005f4  Prewait                        
200005f8  CPMwait                        
200005fc  Postwait                       
20000600  IFlags                         
20000604  Crystalstable                  
20000608  __TI_ft_end                    
2000060c  __aeabi_stdin                  
20000610  __aeabi_stdout                 
20000614  __aeabi_stderr                 
20000618  __TI_cleanup_ptr               
2000061c  __TI_dtors_ptr                 
20000620  __TI_enable_exit_profile_output
20000630  Tachometer_RightSteps          
20000634  Tachometer_LeftSteps           
20000638  Tachometer_RightDir            
20000639  Tachometer_LeftDir             
2000063c  _lock                          
20000640  _unlock                        
20000644  CaptureTask0                   
20000648  CaptureTask2                   
20000650  errno                          
2000065c  SystemCoreClock                
20000660  __CIOBUF_                      
20000780  __TI_tmpnams                   
20000820  LeftTach                       
20000834  RightTach                      
20000848  Messageb                       
20000850  parmbuf                        
20000858  LeftSteps                      
2000085c  Messageindexb                  
20000860  RightSteps                     
20000864  TimerA1Task                    
20000868  ActualL                        
2000086a  ActualR                        
2000086c  Tachometer_FirstLeftTime       
2000086e  Tachometer_FirstRightTime      
20000870  Tachometer_SecondLeftTime      
20000872  Tachometer_SecondRightTime     
20000874  LeftDir                        
20000875  RightDir                       
2000fe00  __stack                        
20010000  __STACK_END                    
4000480c  WDTCTL_SYM                     
ffffffff  __TI_pprof_out_hndl            
ffffffff  __TI_prof_data_size            
ffffffff  __TI_prof_data_start           
ffffffff  __binit__                      
ffffffff  __c_args__                     
ffffffff  binit                          
UNDEFED   __mpu_init                     
UNDEFED   _system_post_cinit             

[283 symbols]
