******************************************************************************
                  TI ARM Linker PC v18.1.4                     
******************************************************************************
>> Linked Wed Jan  9 16:02:52 2019

OUTPUT FILE NAME:   <motor_control.out>
ENTRY POINT SYMBOL: "_c_int00_noargs"  address: 00004141


MEMORY CONFIGURATION

         name            origin    length      used     unused   attr    fill
----------------------  --------  ---------  --------  --------  ----  --------
  MAIN                  00000000   00040000  00004665  0003b99b  R  X
  INFO                  00200000   00004000  00000000  00004000  R  X
  SRAM_CODE             01000000   00010000  00000a56  0000f5aa  RW X
  SRAM_DATA             20000000   00010000  00000a56  0000f5aa  RW  


SEGMENT ALLOCATION MAP

run origin  load origin   length   init length attrs members
----------  ----------- ---------- ----------- ----- -------
00000000    00000000    00004668   00004668    r-x
  00000000    00000000    000000e4   000000e4    r-- .intvecs
  000000e4    000000e4    000043c8   000043c8    r-x .text
  000044ac    000044ac    00000101   00000101    r-- .const
  000045b0    000045b0    000000b8   000000b8    r-- .cinit
20000000    20000000    00000856   00000000    rw-
  20000000    20000000    00000400   00000000    rw- .sysmem
  20000400    20000400    00000240   00000000    rw- .data
  20000640    20000640    00000216   00000000    rw- .bss
2000fe00    2000fe00    00000200   00000000    rw-
  2000fe00    2000fe00    00000200   00000000    rw- .stack


SECTION ALLOCATION MAP

 output                                  attributes/
section   page    origin      length       input sections
--------  ----  ----------  ----------   ----------------
.intvecs   0    00000000    000000e4     
                  00000000    000000e4     startup_msp432p401r_ccs.obj (.intvecs:retain)

.text      0    000000e4    000043c8     
                  000000e4    00000a5e     rtsv7M4_T_le_v4SPD16_eabi.lib : _printfi.c.obj (.text:__TI_printfi)
                  00000b42    00000002                                   : _lock.c.obj (.text:_nop)
                  00000b44    000006bc     UART0.obj (.text)
                  00001200    00000334     system_msp432p401r.obj (.text)
                  00001534    0000030c     main.obj (.text)
                  00001840    00000270     rtsv7M4_T_le_v4SPD16_eabi.lib : _printfi.c.obj (.text:_pconv_a)
                  00001ab0    00000228     PWM.obj (.text)
                  00001cd8    000001e0     Clock.obj (.text)
                  00001eb8    000001d0     rtsv7M4_T_le_v4SPD16_eabi.lib : _printfi.c.obj (.text:_pconv_g)
                  00002088    000001b6                                   : fd_add_t2.asm.obj (.text)
                  0000223e    00000002                                   : div0.asm.obj (.text)
                  00002240    0000018c     Motor.obj (.text)
                  000023cc    00000168     Tachometer.obj (.text)
                  00002534    0000013c     rtsv7M4_T_le_v4SPD16_eabi.lib : _printfi.c.obj (.text:_pconv_e)
                  00002670    00000136                                   : fd_div_t2.asm.obj (.text)
                  000027a6    00000002     --HOLE-- [fill = 0]
                  000027a8    00000134     TA3InputCapture.obj (.text)
                  000028dc    00000124     rtsv7M4_T_le_v4SPD16_eabi.lib : _printfi.c.obj (.text:fcvt)
                  00002a00    00000114                                   : fputs.c.obj (.text:fputs)
                  00002b14    00000110                                   : s_scalbn.c.obj (.text:scalbn)
                  00002c24    000000fc                                   : fd_mul_t2.asm.obj (.text)
                  00002d20    000000f4     LaunchPad.obj (.text)
                  00002e14    000000dc     rtsv7M4_T_le_v4SPD16_eabi.lib : setvbuf.c.obj (.text:setvbuf)
                  00002ef0    000000d8                                   : memory.c.obj (.text:free)
                  00002fc8    000000d0                                   : fopen.c.obj (.text:_openfile)
                  00003098    000000bc                                   : open.c.obj (.text:open)
                  00003154    000000b8                                   : add_device.c.obj (.text:add_device)
                  0000320c    000000b1                                   : _printfi.c.obj (.text:_ltostr)
                  000032bd    00000003     --HOLE-- [fill = 0]
                  000032c0    000000a8     TimerA1.obj (.text)
                  00003368    0000009c     rtsv7M4_T_le_v4SPD16_eabi.lib : fopen.c.obj (.text:fopen)
                  00003404    0000009c                                   : memcpy_t2.asm.obj (.text)
                  000034a0    00000096                                   : ull_div_t2.asm.obj (.text)
                  00003536    00000002     --HOLE-- [fill = 0]
                  00003538    0000008c                                   : fputc.c.obj (.text:fputc)
                  000035c4    00000086                                   : fd_cmp_t2.asm.obj (.text:__aeabi_cdcmple)
                  0000364a    00000086                                   : fd_cmp_t2.asm.obj (.text:__aeabi_cdrcmple)
                  000036d0    0000007a                                   : memset_t2.asm.obj (.text)
                  0000374a    00000002     --HOLE-- [fill = 0]
                  0000374c    00000078     Bump.obj (.text)
                  000037c4    00000078     rtsv7M4_T_le_v4SPD16_eabi.lib : memory.c.obj (.text:malloc)
                  0000383c    00000074                                   : fclose.c.obj (.text:__TI_closefile)
                  000038b0    0000006e                                   : _printfi.c.obj (.text:_mcpy)
                  0000391e    00000002     --HOLE-- [fill = 0]
                  00003920    00000068                                   : hostlseek.c.obj (.text:HOSTlseek)
                  00003988    00000068                                   : hostrename.c.obj (.text:HOSTrename)
                  000039f0    00000068                                   : copy_decompress_lzss.c.obj (.text:decompress:lzss:__TI_decompress_lzss)
                  00003a58    00000068                                   : printf.c.obj (.text:printf)
                  00003ac0    00000064                                   : s_frexp.c.obj (.text:frexp)
                  00003b24    00000064                                   : fseek.c.obj (.text:fseek)
                  00003b88    00000062                                   : _io_perm.c.obj (.text:__TI_wrt_ok)
                  00003bea    00000002     --HOLE-- [fill = 0]
                  00003bec    00000060                                   : hostopen.c.obj (.text:HOSTopen)
                  00003c4c    0000005c                                   : close.c.obj (.text:close)
                  00003ca8    00000058                                   : hostread.c.obj (.text:HOSTread)
                  00003d00    00000058                                   : hostwrite.c.obj (.text:HOSTwrite)
                  00003d58    00000056                                   : _printfi.c.obj (.text:_pconv_f)
                  00003dae    00000054                                   : ltoa.c.obj (.text:ltoa)
                  00003e02    00000052                                   : _printfi.c.obj (.text:_ecpy)
                  00003e54    0000004c                                   : fflush.c.obj (.text:__TI_doflush)
                  00003ea0    0000004c                                   : atoi.c.obj (.text:atoi)
                  00003eec    00000048                                   : exit.c.obj (.text:exit)
                  00003f34    00000048                                   : fd_toi_t2.asm.obj (.text)
                  00003f7c    00000044                                   : hostclose.c.obj (.text:HOSTclose)
                  00003fc0    00000044                                   : hostunlink.c.obj (.text:HOSTunlink)
                  00004004    00000044                                   : autoinit.c.obj (.text:__TI_auto_init_nobinit_nopinit:__TI_auto_init_nobinit_nopinit)
                  00004048    00000044                                   : getdevice.c.obj (.text:getdevice)
                  0000408c    0000003e                                   : _printfi.c.obj (.text:_fcpy)
                  000040ca    00000002     --HOLE-- [fill = 0]
                  000040cc    0000003c                                   : memory.c.obj (.text:minsert)
                  00004108    00000038                                   : trgmsg.c.obj (.text:__TI_writemsg)
                  00004140    00000038                                   : boot_cortex_m.c.obj (.text:_c_int00_noargs:_c_int00_noargs)
                  00004178    00000038                                   : memory.c.obj (.text:minit)
                  000041b0    00000036                                   : strncpy.c.obj (.text:strncpy)
                  000041e6    00000002     --HOLE-- [fill = 0]
                  000041e8    00000034                                   : fopen.c.obj (.text:__TI_cleanup)
                  0000421c    00000034                                   : trgmsg.c.obj (.text:__TI_readmsg)
                  00004250    00000034                                   : fopen.c.obj (.text:freopen)
                  00004284    00000030                                   : getdevice.c.obj (.text:finddevice)
                  000042b4    0000002e                                   : i_tofd_t2.asm.obj (.text)
                  000042e2    00000002     --HOLE-- [fill = 0]
                  000042e4    0000002c                                   : unlink.c.obj (.text:unlink)
                  00004310    00000028                                   : lseek.c.obj (.text:lseek)
                  00004338    00000028                                   : memory.c.obj (.text:mremove)
                  00004360    00000028                                   : write.c.obj (.text:write)
                  00004388    00000024     CortexM.obj (.text)
                  000043ac    00000020     rtsv7M4_T_le_v4SPD16_eabi.lib : memchr.c.obj (.text:memchr)
                  000043cc    0000001c                                   : memccpy.c.obj (.text:memccpy)
                  000043e8    00000018                                   : strcmp.c.obj (.text:strcmp)
                  00004400    00000016                                   : strchr.c.obj (.text:strchr)
                  00004416    00000014                                   : s_copysign.c.obj (.text:copysign)
                  0000442a    00000014                                   : strcpy.c.obj (.text:strcpy)
                  0000443e    00000014                                   : strlen.c.obj (.text:strlen)
                  00004452    00000012                                   : copy_zero_init.c.obj (.text:decompress:ZI:__TI_zero_init_nomemset:__TI_zero_init_nomemset)
                  00004464    00000012                                   : wcslen.c.obj (.text:wcslen)
                  00004476    0000000e                                   : copy_decompress_none.c.obj (.text:decompress:none:__TI_decompress_none)
                  00004484    0000000e     startup_msp432p401r_ccs.obj (.text)
                  00004492    00000002     --HOLE-- [fill = 0]
                  00004494    00000008     rtsv7M4_T_le_v4SPD16_eabi.lib : errno.c.obj (.text:__aeabi_errno_addr)
                  0000449c    00000004                                   : printf.c.obj (.text:_outc)
                  000044a0    00000004                                   : printf.c.obj (.text:_outs)
                  000044a4    00000004                                   : pre_init.c.obj (.text:_system_pre_init)
                  000044a8    00000004                                   : exit.c.obj (.text:abort:abort)

.const     0    000044ac    00000101     
                  000044ac    00000101     rtsv7M4_T_le_v4SPD16_eabi.lib : ctype.c.obj (.const:.string:_ctypes_)

.cinit     0    000045b0    000000b8     
                  000045b0    0000008f     (.cinit..data.load) [load image, compression = lzss]
                  0000463f    00000001     --HOLE-- [fill = 0]
                  00004640    0000000c     (__TI_handler_table)
                  0000464c    00000004     --HOLE-- [fill = 0]
                  00004650    00000008     (.cinit..bss.load) [load image, compression = zero_init]
                  00004658    00000010     (__TI_cinit_table)

.init_array 
*          0    00000000    00000000     UNINITIALIZED

.binit     0    00000000    00000000     

.sysmem    0    20000000    00000400     UNINITIALIZED
                  20000000    00000008     rtsv7M4_T_le_v4SPD16_eabi.lib : memory.c.obj (.sysmem)
                  20000008    000003f8     --HOLE--

.data      0    20000400    00000240     UNINITIALIZED
                  20000400    000000f0     rtsv7M4_T_le_v4SPD16_eabi.lib : defs.c.obj (.data:_ftable)
                  200004f0    00000078                                   : write.c.obj (.data:_device)
                  20000568    00000050                                   : write.c.obj (.data:_stream)
                  200005b8    00000018     Clock.obj (.data)
                  200005d0    00000018     main.obj (.data)
                  200005e8    00000010     rtsv7M4_T_le_v4SPD16_eabi.lib : defs.c.obj (.data)
                  200005f8    0000000c                                   : exit.c.obj (.data:$O1$$)
                  20000604    0000000c                                   : memory.c.obj (.data:$O1$$)
                  20000610    0000000a     Tachometer.obj (.data)
                  2000061a    00000002     --HOLE--
                  2000061c    00000008     rtsv7M4_T_le_v4SPD16_eabi.lib : _lock.c.obj (.data:$O1$$)
                  20000624    00000008     TA3InputCapture.obj (.data)
                  2000062c    00000004     rtsv7M4_T_le_v4SPD16_eabi.lib : add_device.c.obj (.data)
                  20000630    00000004                                   : errno.c.obj (.data)
                  20000634    00000004                                   : fopen.c.obj (.data)
                  20000638    00000004                                   : open.c.obj (.data)
                  2000063c    00000004     system_msp432p401r.obj (.data)

.bss       0    20000640    00000216     UNINITIALIZED
                  20000640    00000120     rtsv7M4_T_le_v4SPD16_eabi.lib : trgmsg.c.obj (.bss:_CIOBUF_)
                  20000760    000000a0     (.common:__TI_tmpnams)
                  20000800    00000014     (.common:LeftTach)
                  20000814    00000014     (.common:RightTach)
                  20000828    00000008     (.common:Messageb)
                  20000830    00000008     (.common:parmbuf)
                  20000838    00000004     (.common:LeftSteps)
                  2000083c    00000004     (.common:Messageindexb)
                  20000840    00000004     (.common:RightSteps)
                  20000844    00000004     (.common:TimerA1Task)
                  20000848    00000002     (.common:ActualL)
                  2000084a    00000002     (.common:ActualR)
                  2000084c    00000002     (.common:Tachometer_FirstLeftTime)
                  2000084e    00000002     (.common:Tachometer_FirstRightTime)
                  20000850    00000002     (.common:Tachometer_SecondLeftTime)
                  20000852    00000002     (.common:Tachometer_SecondRightTime)
                  20000854    00000001     (.common:LeftDir)
                  20000855    00000001     (.common:RightDir)

.stack     0    2000fe00    00000200     UNINITIALIZED
                  2000fe00    00000004     rtsv7M4_T_le_v4SPD16_eabi.lib : boot_cortex_m.c.obj (.stack)
                  2000fe04    000001fc     --HOLE--

MODULE SUMMARY

       Module                        code    ro data   rw data
       ------                        ----    -------   -------
    .\
       UART0.obj                     1724    0         24     
       main.obj                      780     0         156    
       system_msp432p401r.obj        820     0         8      
       PWM.obj                       552     0         0      
       Clock.obj                     480     0         48     
       Motor.obj                     396     0         0      
       Tachometer.obj                360     0         36     
       TA3InputCapture.obj           308     0         16     
       LaunchPad.obj                 244     0         0      
       startup_msp432p401r_ccs.obj   14      228       0      
       TimerA1.obj                   168     0         8      
       Bump.obj                      120     0         0      
       CortexM.obj                   36      0         0      
    +--+-----------------------------+-------+---------+---------+
       Total:                        6002    228       296    
                                                              
    C:\ti\ccsv8\tools\compiler\ti-cgt-arm_18.1.4.LTS\lib\rtsv7M4_T_le_v4SPD16_eabi.lib
       _printfi.c.obj                4867    0         0      
       defs.c.obj                    0       0         832    
       trgmsg.c.obj                  108     0         576    
       memory.c.obj                  492     0         24     
       fopen.c.obj                   468     0         8      
       write.c.obj                   40      0         400    
       fd_add_t2.asm.obj             438     0         0      
       fd_div_t2.asm.obj             310     0         0      
       fputs.c.obj                   276     0         0      
       s_scalbn.c.obj                272     0         0      
       fd_cmp_t2.asm.obj             268     0         0      
       ctype.c.obj                   0       257       0      
       fd_mul_t2.asm.obj             252     0         0      
       setvbuf.c.obj                 220     0         0      
       open.c.obj                    188     0         8      
       add_device.c.obj              184     0         8      
       memcpy_t2.asm.obj             156     0         0      
       ull_div_t2.asm.obj            150     0         0      
       fputc.c.obj                   140     0         0      
       memset_t2.asm.obj             122     0         0      
       fclose.c.obj                  116     0         0      
       getdevice.c.obj               116     0         0      
       hostopen.c.obj                96      0         16     
       printf.c.obj                  112     0         0      
       copy_decompress_lzss.c.obj    104     0         0      
       hostlseek.c.obj               104     0         0      
       hostrename.c.obj              104     0         0      
       exit.c.obj                    76      0         24     
       fseek.c.obj                   100     0         0      
       s_frexp.c.obj                 100     0         0      
       _io_perm.c.obj                98      0         0      
       close.c.obj                   92      0         0      
       hostread.c.obj                88      0         0      
       hostwrite.c.obj               88      0         0      
       ltoa.c.obj                    84      0         0      
       atoi.c.obj                    76      0         0      
       fflush.c.obj                  76      0         0      
       fd_toi_t2.asm.obj             72      0         0      
       autoinit.c.obj                68      0         0      
       hostclose.c.obj               68      0         0      
       hostunlink.c.obj              68      0         0      
       boot_cortex_m.c.obj           56      0         0      
       strncpy.c.obj                 54      0         0      
       i_tofd_t2.asm.obj             46      0         0      
       unlink.c.obj                  44      0         0      
       lseek.c.obj                   40      0         0      
       memchr.c.obj                  32      0         0      
       memccpy.c.obj                 28      0         0      
       strcmp.c.obj                  24      0         0      
       strchr.c.obj                  22      0         0      
       s_copysign.c.obj              20      0         0      
       strcpy.c.obj                  20      0         0      
       strlen.c.obj                  20      0         0      
       _lock.c.obj                   2       0         16     
       copy_zero_init.c.obj          18      0         0      
       wcslen.c.obj                  18      0         0      
       errno.c.obj                   8       0         8      
       copy_decompress_none.c.obj    14      0         0      
       pre_init.c.obj                4       0         0      
       div0.asm.obj                  2       0         0      
    +--+-----------------------------+-------+---------+---------+
       Total:                        11329   257       1920   
                                                              
       Heap:                         0       0         2048   
       Stack:                        0       0         1024   
       Linker Generated:             0       179       0      
    +--+-----------------------------+-------+---------+---------+
       Grand Total:                  17331   664       5288   


LINKER GENERATED COPY TABLES

__TI_cinit_table @ 00004658 records: 2, size/record: 8, table size: 16
	.data: load addr=000045b0, load size=0000008f bytes, run addr=20000400, run size=00000240 bytes, compression=lzss
	.bss: load addr=00004650, load size=00000008 bytes, run addr=20000640, run size=00000216 bytes, compression=zero_init


LINKER GENERATED HANDLER TABLE

__TI_handler_table @ 00004640 records: 3, size/record: 4, table size: 12
	index: 0, handler: __TI_decompress_lzss
	index: 1, handler: __TI_decompress_none
	index: 2, handler: __TI_zero_init


GLOBAL SYMBOLS: SORTED ALPHABETICALLY BY Name 

address   name                           
-------   ----                           
00004491  ADC14_IRQHandler               
00004491  AES256_IRQHandler              
20000848  ActualL                        
2000084a  ActualR                        
0000374d  Bump_Init                      
00003781  Bump_Read                      
00004491  BusFault_Handler               
000044a9  C$$EXIT                        
00004137  C$$IO$$                        
00004491  COMP_E0_IRQHandler             
00004491  COMP_E1_IRQHandler             
200005c0  CPMwait                        
00004491  CS_IRQHandler                  
20000624  CaptureTask0                   
20000628  CaptureTask2                   
200005b8  ClockFrequency                 
00001e2d  Clock_Delay1ms                 
00001e03  Clock_Delay1us                 
00001def  Clock_GetFreq                  
00001cd9  Clock_Init48MHz                
200005cc  Crystalstable                  
00004491  DMA_ERR_IRQHandler             
00004491  DMA_INT0_IRQHandler            
00004491  DMA_INT1_IRQHandler            
00004491  DMA_INT2_IRQHandler            
00004491  DMA_INT3_IRQHandler            
00004491  DebugMon_Handler               
00004491  Default_Handler                
200005e0  DesiredL                       
200005e2  DesiredR                       
00004389  DisableInterrupts              
00004491  EUSCIA0_IRQHandler             
00004491  EUSCIA1_IRQHandler             
00004491  EUSCIA2_IRQHandler             
00004491  EUSCIA3_IRQHandler             
00004491  EUSCIB0_IRQHandler             
00004491  EUSCIB1_IRQHandler             
00004491  EUSCIB2_IRQHandler             
00004491  EUSCIB3_IRQHandler             
0000438f  EnableInterrupts               
0000439f  EndCritical                    
00004491  FLCTL_IRQHandler               
00004491  FPU_IRQHandler                 
00003f7d  HOSTclose                      
00003921  HOSTlseek                      
00003bed  HOSTopen                       
00003ca9  HOSTread                       
00003989  HOSTrename                     
00003fc1  HOSTunlink                     
00003d01  HOSTwrite                      
00004491  HardFault_Handler              
200005c8  IFlags                         
200005d4  Ki                             
200005d8  Kp                             
00002d21  LaunchPad_Init                 
00002d91  LaunchPad_Input                
00002dab  LaunchPad_LED                  
00002dc9  LaunchPad_Output               
20000854  LeftDir                        
200005e4  LeftDuty                       
20000838  LeftSteps                      
20000800  LeftTach                       
00004491  MemManage_Handler              
20000828  Messageb                       
2000083c  Messageindexb                  
200005d0  Mode                           
0000236f  Motor_Backward                 
000022a7  Motor_Forward                  
00002241  Motor_Init                     
00002329  Motor_Left                     
000022e3  Motor_Right                    
00002293  Motor_Stop                     
00004491  NMI_Handler                    
00004491  PCM_IRQHandler                 
00004491  PORT1_IRQHandler               
00004491  PORT2_IRQHandler               
00004491  PORT3_IRQHandler               
00004491  PORT4_IRQHandler               
00004491  PORT5_IRQHandler               
00004491  PORT6_IRQHandler               
00004491  PSS_IRQHandler                 
00001b9b  PWM_Duty1                      
00001bbb  PWM_Duty2                      
00001c5f  PWM_Duty3                      
00001c7f  PWM_Duty4                      
00001ab1  PWM_Init1                      
00001b17  PWM_Init12                     
00001bdb  PWM_Init34                     
00004491  PendSV_Handler                 
200005c4  Postwait                       
200005bc  Prewait                        
00004491  RTC_C_IRQHandler               
00004485  Reset_Handler                  
20000855  RightDir                       
200005e6  RightDuty                      
20000840  RightSteps                     
20000814  RightTach                      
00004491  SVC_Handler                    
200005dc  SetPoint                       
00004395  StartCritical                  
00004491  SysTick_Handler                
2000063c  SystemCoreClock                
00001201  SystemCoreClockUpdate          
00001479  SystemInit                     
00004491  T32_INT1_IRQHandler            
00004491  T32_INT2_IRQHandler            
00004491  T32_INTC_IRQHandler            
00004491  TA0_0_IRQHandler               
00004491  TA0_N_IRQHandler               
00003333  TA1_0_IRQHandler               
00003333  TA1_0_IRQHandler               
00004491  TA1_N_IRQHandler               
00004491  TA2_0_IRQHandler               
00004491  TA2_N_IRQHandler               
00002867  TA3_0_IRQHandler               
00002867  TA3_0_IRQHandler               
00002881  TA3_N_IRQHandler               
00002881  TA3_N_IRQHandler               
2000084c  Tachometer_FirstLeftTime       
2000084e  Tachometer_FirstRightTime      
000024a1  Tachometer_Get                 
00002459  Tachometer_Init                
20000619  Tachometer_LeftDir             
20000614  Tachometer_LeftSteps           
20000618  Tachometer_RightDir            
20000610  Tachometer_RightSteps          
20000850  Tachometer_SecondLeftTime      
20000852  Tachometer_SecondRightTime     
20000844  TimerA1Task                    
000032c1  TimerA1_Init                   
0000331f  TimerA1_Stop                   
000027b5  TimerA3Capture_Init            
00000b8b  UART0_InChar                   
00001015  UART0_InString                 
00000bd5  UART0_InUDec                   
00000ec9  UART0_InUHex                   
00000b45  UART0_Init                     
00001175  UART0_Initprintf               
00000b9b  UART0_OutChar                  
00000bb7  UART0_OutString                
00000c59  UART0_OutUDec                  
00000dc5  UART0_OutUDec4                 
00000e19  UART0_OutUDec5                 
00000e55  UART0_OutUFix1                 
00000e7d  UART0_OutUFix2                 
00000f8d  UART0_OutUHex                  
00000ff9  UART0_OutUHex2                 
00004491  UsageFault_Handler             
4000480c  WDTCTL_SYM                     
00004491  WDT_A_IRQHandler               
000043a7  WaitForInterrupt               
20000640  __CIOBUF_                      
20010000  __STACK_END                    
00000200  __STACK_SIZE                   
00000400  __SYSMEM_SIZE                  
00004658  __TI_CINIT_Base                
00004668  __TI_CINIT_Limit               
00004640  __TI_Handler_Table_Base        
0000464c  __TI_Handler_Table_Limit       
00004005  __TI_auto_init_nobinit_nopinit 
000041e9  __TI_cleanup                   
200005f8  __TI_cleanup_ptr               
0000383d  __TI_closefile                 
000039f1  __TI_decompress_lzss           
00004477  __TI_decompress_none           
00003e55  __TI_doflush                   
200005fc  __TI_dtors_ptr                 
20000600  __TI_enable_exit_profile_output
200005e8  __TI_ft_end                    
ffffffff  __TI_pprof_out_hndl            
000000e5  __TI_printfi                   
ffffffff  __TI_prof_data_size            
ffffffff  __TI_prof_data_start           
0000421d  __TI_readmsg                   
00000000  __TI_static_base__             
20000760  __TI_tmpnams                   
00004109  __TI_writemsg                  
00003b89  __TI_wrt_ok                    
00004453  __TI_zero_init_nomemset        
000035c5  __aeabi_cdcmpeq                
000035c5  __aeabi_cdcmple                
0000364b  __aeabi_cdrcmple               
00003f35  __aeabi_d2iz                   
00002093  __aeabi_dadd                   
00002671  __aeabi_ddiv                   
00002c25  __aeabi_dmul                   
00002089  __aeabi_dsub                   
00004495  __aeabi_errno_addr             
000042b5  __aeabi_i2d                    
0000223f  __aeabi_idiv0                  
0000223f  __aeabi_ldiv0                  
000036d1  __aeabi_memclr                 
000036d1  __aeabi_memclr4                
000036d1  __aeabi_memclr8                
00003405  __aeabi_memcpy                 
00003405  __aeabi_memcpy4                
00003405  __aeabi_memcpy8                
000036d3  __aeabi_memset                 
000036d3  __aeabi_memset4                
000036d3  __aeabi_memset8                
200005f4  __aeabi_stderr                 
200005ec  __aeabi_stdin                  
200005f0  __aeabi_stdout                 
000034a1  __aeabi_uldivmod               
ffffffff  __binit__                      
ffffffff  __c_args__                     
UNDEFED   __mpu_init                     
2000fe00  __stack                        
00004141  _c_int00_noargs                
000044ac  _ctypes_                       
200004f0  _device                        
20000400  _ftable                        
2000061c  _lock                          
00000b43  _nop                           
20000568  _stream                        
20000000  _sys_memory                    
UNDEFED   _system_post_cinit             
000044a5  _system_pre_init               
20000620  _unlock                        
000044a9  abort                          
00003155  add_device                     
00003ea1  atoi                           
00001535  avg                            
ffffffff  binit                          
00003c4d  close                          
00004417  copysign                       
00004417  copysignl                      
00001df5  delay                          
20000630  errno                          
00003eed  exit                           
000010af  ferror                         
0000108f  fgetc                          
00004285  finddevice                     
00003369  fopen                          
00003539  fputc                          
00002a01  fputs                          
00002ef1  free                           
00004251  freopen                        
00003ac1  frexp                          
00003ac1  frexpl                         
00003b25  fseek                          
00004049  getdevice                      
00000000  interruptVectors               
00002b15  ldexp                          
00002b15  ldexpl                         
00004311  lseek                          
00003daf  ltoa                           
00001577  main                           
000037c5  malloc                         
000043cd  memccpy                        
000043ad  memchr                         
00003405  memcpy                         
000036d9  memset                         
00004179  minit                          
00003099  open                           
00000fd1  outnibble                      
20000830  parmbuf                        
00003a59  printf                         
00003539  putc                           
000042e5  remove                         
00002b15  scalbn                         
00002b15  scalbnl                        
00002e15  setvbuf                        
00004401  strchr                         
000043e9  strcmp                         
0000442b  strcpy                         
0000443f  strlen                         
000041b1  strncpy                        
000027a9  ta3dummy                       
00002413  tachometerLeftInt              
000023cd  tachometerRightInt             
000010cd  uart_close                     
0000114b  uart_lseek                     
000010bd  uart_open                      
000010df  uart_read                      
00001167  uart_rename                    
0000115b  uart_unlink                    
00001109  uart_write                     
000042e5  unlink                         
00004465  wcslen                         
00004361  write                          


GLOBAL SYMBOLS: SORTED BY Symbol Address 

address   name                           
-------   ----                           
00000000  __TI_static_base__             
00000000  interruptVectors               
000000e5  __TI_printfi                   
00000200  __STACK_SIZE                   
00000400  __SYSMEM_SIZE                  
00000b43  _nop                           
00000b45  UART0_Init                     
00000b8b  UART0_InChar                   
00000b9b  UART0_OutChar                  
00000bb7  UART0_OutString                
00000bd5  UART0_InUDec                   
00000c59  UART0_OutUDec                  
00000dc5  UART0_OutUDec4                 
00000e19  UART0_OutUDec5                 
00000e55  UART0_OutUFix1                 
00000e7d  UART0_OutUFix2                 
00000ec9  UART0_InUHex                   
00000f8d  UART0_OutUHex                  
00000fd1  outnibble                      
00000ff9  UART0_OutUHex2                 
00001015  UART0_InString                 
0000108f  fgetc                          
000010af  ferror                         
000010bd  uart_open                      
000010cd  uart_close                     
000010df  uart_read                      
00001109  uart_write                     
0000114b  uart_lseek                     
0000115b  uart_unlink                    
00001167  uart_rename                    
00001175  UART0_Initprintf               
00001201  SystemCoreClockUpdate          
00001479  SystemInit                     
00001535  avg                            
00001577  main                           
00001ab1  PWM_Init1                      
00001b17  PWM_Init12                     
00001b9b  PWM_Duty1                      
00001bbb  PWM_Duty2                      
00001bdb  PWM_Init34                     
00001c5f  PWM_Duty3                      
00001c7f  PWM_Duty4                      
00001cd9  Clock_Init48MHz                
00001def  Clock_GetFreq                  
00001df5  delay                          
00001e03  Clock_Delay1us                 
00001e2d  Clock_Delay1ms                 
00002089  __aeabi_dsub                   
00002093  __aeabi_dadd                   
0000223f  __aeabi_idiv0                  
0000223f  __aeabi_ldiv0                  
00002241  Motor_Init                     
00002293  Motor_Stop                     
000022a7  Motor_Forward                  
000022e3  Motor_Right                    
00002329  Motor_Left                     
0000236f  Motor_Backward                 
000023cd  tachometerRightInt             
00002413  tachometerLeftInt              
00002459  Tachometer_Init                
000024a1  Tachometer_Get                 
00002671  __aeabi_ddiv                   
000027a9  ta3dummy                       
000027b5  TimerA3Capture_Init            
00002867  TA3_0_IRQHandler               
00002867  TA3_0_IRQHandler               
00002881  TA3_N_IRQHandler               
00002881  TA3_N_IRQHandler               
00002a01  fputs                          
00002b15  ldexp                          
00002b15  ldexpl                         
00002b15  scalbn                         
00002b15  scalbnl                        
00002c25  __aeabi_dmul                   
00002d21  LaunchPad_Init                 
00002d91  LaunchPad_Input                
00002dab  LaunchPad_LED                  
00002dc9  LaunchPad_Output               
00002e15  setvbuf                        
00002ef1  free                           
00003099  open                           
00003155  add_device                     
000032c1  TimerA1_Init                   
0000331f  TimerA1_Stop                   
00003333  TA1_0_IRQHandler               
00003333  TA1_0_IRQHandler               
00003369  fopen                          
00003405  __aeabi_memcpy                 
00003405  __aeabi_memcpy4                
00003405  __aeabi_memcpy8                
00003405  memcpy                         
000034a1  __aeabi_uldivmod               
00003539  fputc                          
00003539  putc                           
000035c5  __aeabi_cdcmpeq                
000035c5  __aeabi_cdcmple                
0000364b  __aeabi_cdrcmple               
000036d1  __aeabi_memclr                 
000036d1  __aeabi_memclr4                
000036d1  __aeabi_memclr8                
000036d3  __aeabi_memset                 
000036d3  __aeabi_memset4                
000036d3  __aeabi_memset8                
000036d9  memset                         
0000374d  Bump_Init                      
00003781  Bump_Read                      
000037c5  malloc                         
0000383d  __TI_closefile                 
00003921  HOSTlseek                      
00003989  HOSTrename                     
000039f1  __TI_decompress_lzss           
00003a59  printf                         
00003ac1  frexp                          
00003ac1  frexpl                         
00003b25  fseek                          
00003b89  __TI_wrt_ok                    
00003bed  HOSTopen                       
00003c4d  close                          
00003ca9  HOSTread                       
00003d01  HOSTwrite                      
00003daf  ltoa                           
00003e55  __TI_doflush                   
00003ea1  atoi                           
00003eed  exit                           
00003f35  __aeabi_d2iz                   
00003f7d  HOSTclose                      
00003fc1  HOSTunlink                     
00004005  __TI_auto_init_nobinit_nopinit 
00004049  getdevice                      
00004109  __TI_writemsg                  
00004137  C$$IO$$                        
00004141  _c_int00_noargs                
00004179  minit                          
000041b1  strncpy                        
000041e9  __TI_cleanup                   
0000421d  __TI_readmsg                   
00004251  freopen                        
00004285  finddevice                     
000042b5  __aeabi_i2d                    
000042e5  remove                         
000042e5  unlink                         
00004311  lseek                          
00004361  write                          
00004389  DisableInterrupts              
0000438f  EnableInterrupts               
00004395  StartCritical                  
0000439f  EndCritical                    
000043a7  WaitForInterrupt               
000043ad  memchr                         
000043cd  memccpy                        
000043e9  strcmp                         
00004401  strchr                         
00004417  copysign                       
00004417  copysignl                      
0000442b  strcpy                         
0000443f  strlen                         
00004453  __TI_zero_init_nomemset        
00004465  wcslen                         
00004477  __TI_decompress_none           
00004485  Reset_Handler                  
00004491  ADC14_IRQHandler               
00004491  AES256_IRQHandler              
00004491  BusFault_Handler               
00004491  COMP_E0_IRQHandler             
00004491  COMP_E1_IRQHandler             
00004491  CS_IRQHandler                  
00004491  DMA_ERR_IRQHandler             
00004491  DMA_INT0_IRQHandler            
00004491  DMA_INT1_IRQHandler            
00004491  DMA_INT2_IRQHandler            
00004491  DMA_INT3_IRQHandler            
00004491  DebugMon_Handler               
00004491  Default_Handler                
00004491  EUSCIA0_IRQHandler             
00004491  EUSCIA1_IRQHandler             
00004491  EUSCIA2_IRQHandler             
00004491  EUSCIA3_IRQHandler             
00004491  EUSCIB0_IRQHandler             
00004491  EUSCIB1_IRQHandler             
00004491  EUSCIB2_IRQHandler             
00004491  EUSCIB3_IRQHandler             
00004491  FLCTL_IRQHandler               
00004491  FPU_IRQHandler                 
00004491  HardFault_Handler              
00004491  MemManage_Handler              
00004491  NMI_Handler                    
00004491  PCM_IRQHandler                 
00004491  PORT1_IRQHandler               
00004491  PORT2_IRQHandler               
00004491  PORT3_IRQHandler               
00004491  PORT4_IRQHandler               
00004491  PORT5_IRQHandler               
00004491  PORT6_IRQHandler               
00004491  PSS_IRQHandler                 
00004491  PendSV_Handler                 
00004491  RTC_C_IRQHandler               
00004491  SVC_Handler                    
00004491  SysTick_Handler                
00004491  T32_INT1_IRQHandler            
00004491  T32_INT2_IRQHandler            
00004491  T32_INTC_IRQHandler            
00004491  TA0_0_IRQHandler               
00004491  TA0_N_IRQHandler               
00004491  TA1_N_IRQHandler               
00004491  TA2_0_IRQHandler               
00004491  TA2_N_IRQHandler               
00004491  UsageFault_Handler             
00004491  WDT_A_IRQHandler               
00004495  __aeabi_errno_addr             
000044a5  _system_pre_init               
000044a9  C$$EXIT                        
000044a9  abort                          
000044ac  _ctypes_                       
00004640  __TI_Handler_Table_Base        
0000464c  __TI_Handler_Table_Limit       
00004658  __TI_CINIT_Base                
00004668  __TI_CINIT_Limit               
20000000  _sys_memory                    
20000400  _ftable                        
200004f0  _device                        
20000568  _stream                        
200005b8  ClockFrequency                 
200005bc  Prewait                        
200005c0  CPMwait                        
200005c4  Postwait                       
200005c8  IFlags                         
200005cc  Crystalstable                  
200005d0  Mode                           
200005d4  Ki                             
200005d8  Kp                             
200005dc  SetPoint                       
200005e0  DesiredL                       
200005e2  DesiredR                       
200005e4  LeftDuty                       
200005e6  RightDuty                      
200005e8  __TI_ft_end                    
200005ec  __aeabi_stdin                  
200005f0  __aeabi_stdout                 
200005f4  __aeabi_stderr                 
200005f8  __TI_cleanup_ptr               
200005fc  __TI_dtors_ptr                 
20000600  __TI_enable_exit_profile_output
20000610  Tachometer_RightSteps          
20000614  Tachometer_LeftSteps           
20000618  Tachometer_RightDir            
20000619  Tachometer_LeftDir             
2000061c  _lock                          
20000620  _unlock                        
20000624  CaptureTask0                   
20000628  CaptureTask2                   
20000630  errno                          
2000063c  SystemCoreClock                
20000640  __CIOBUF_                      
20000760  __TI_tmpnams                   
20000800  LeftTach                       
20000814  RightTach                      
20000828  Messageb                       
20000830  parmbuf                        
20000838  LeftSteps                      
2000083c  Messageindexb                  
20000840  RightSteps                     
20000844  TimerA1Task                    
20000848  ActualL                        
2000084a  ActualR                        
2000084c  Tachometer_FirstLeftTime       
2000084e  Tachometer_FirstRightTime      
20000850  Tachometer_SecondLeftTime      
20000852  Tachometer_SecondRightTime     
20000854  LeftDir                        
20000855  RightDir                       
2000fe00  __stack                        
20010000  __STACK_END                    
4000480c  WDTCTL_SYM                     
ffffffff  __TI_pprof_out_hndl            
ffffffff  __TI_prof_data_size            
ffffffff  __TI_prof_data_start           
ffffffff  __binit__                      
ffffffff  __c_args__                     
ffffffff  binit                          
UNDEFED   __mpu_init                     
UNDEFED   _system_post_cinit             

[281 symbols]
