******************************************************************************
                  TI ARM Linker PC v18.1.4                     
******************************************************************************
>> Linked Fri Jan  4 10:13:47 2019

OUTPUT FILE NAME:   <motor_ctrl.out>
ENTRY POINT SYMBOL: "_c_int00_noargs"  address: 000049dd


MEMORY CONFIGURATION

         name            origin    length      used     unused   attr    fill
----------------------  --------  ---------  --------  --------  ----  --------
  MAIN                  00000000   00040000  00004ef9  0003b107  R  X
  INFO                  00200000   00004000  00000000  00004000  R  X
  SRAM_CODE             01000000   00010000  00003aa2  0000c55e  RW X
  SRAM_DATA             20000000   00010000  00003aa2  0000c55e  RW  


SEGMENT ALLOCATION MAP

run origin  load origin   length   init length attrs members
----------  ----------- ---------- ----------- ----- -------
00000000    00000000    00004f00   00004f00    r-x
  00000000    00000000    000000e4   000000e4    r-- .intvecs
  000000e4    000000e4    00004c5c   00004c5c    r-x .text
  00004d40    00004d40    00000101   00000101    r-- .const
  00004e48    00004e48    000000b8   000000b8    r-- .cinit
20000000    20000000    000038a8   00000000    rw-
  20000000    20000000    00003262   00000000    rw- .bss
  20003268    20003268    00000400   00000000    rw- .sysmem
  20003668    20003668    00000240   00000000    rw- .data
2000fe00    2000fe00    00000200   00000000    rw-
  2000fe00    2000fe00    00000200   00000000    rw- .stack


SECTION ALLOCATION MAP

 output                                  attributes/
section   page    origin      length       input sections
--------  ----  ----------  ----------   ----------------
.intvecs   0    00000000    000000e4     
                  00000000    000000e4     startup_msp432p401r_ccs.obj (.intvecs:retain)

.text      0    000000e4    00004c5c     
                  000000e4    00000a5e     rtsv7M4_T_le_v4SPD16_eabi.lib : _printfi.c.obj (.text:__TI_printfi)
                  00000b42    00000002                                   : _lock.c.obj (.text:_nop)
                  00000b44    000006bc     UART0.obj (.text)
                  00001200    00000538     main.obj (.text)
                  00001738    00000334     system_msp432p401r.obj (.text)
                  00001a6c    00000308     LPF.obj (.text)
                  00001d74    000002ec     ADC14.obj (.text)
                  00002060    00000270     rtsv7M4_T_le_v4SPD16_eabi.lib : _printfi.c.obj (.text:_pconv_a)
                  000022d0    00000228     PWM.obj (.text)
                  000024f8    000001e0     Clock.obj (.text)
                  000026d8    000001d0     rtsv7M4_T_le_v4SPD16_eabi.lib : _printfi.c.obj (.text:_pconv_g)
                  000028a8    000001b6                                   : fd_add_t2.asm.obj (.text)
                  00002a5e    00000002                                   : div0.asm.obj (.text)
                  00002a60    0000018c     Motor.obj (.text)
                  00002bec    00000168     Tachometer.obj (.text)
                  00002d54    0000013c     rtsv7M4_T_le_v4SPD16_eabi.lib : _printfi.c.obj (.text:_pconv_e)
                  00002e90    00000136                                   : fd_div_t2.asm.obj (.text)
                  00002fc6    00000002     --HOLE-- [fill = 0]
                  00002fc8    00000134     TA3InputCapture.obj (.text)
                  000030fc    00000124     rtsv7M4_T_le_v4SPD16_eabi.lib : _printfi.c.obj (.text:fcvt)
                  00003220    00000114                                   : fputs.c.obj (.text:fputs)
                  00003334    00000110                                   : s_scalbn.c.obj (.text:scalbn)
                  00003444    000000fc                                   : fd_mul_t2.asm.obj (.text)
                  00003540    000000f4     LaunchPad.obj (.text)
                  00003634    000000dc     rtsv7M4_T_le_v4SPD16_eabi.lib : setvbuf.c.obj (.text:setvbuf)
                  00003710    000000d8                                   : memory.c.obj (.text:free)
                  000037e8    000000d0                                   : fopen.c.obj (.text:_openfile)
                  000038b8    000000bc                                   : open.c.obj (.text:open)
                  00003974    000000b8                                   : add_device.c.obj (.text:add_device)
                  00003a2c    000000b1                                   : _printfi.c.obj (.text:_ltostr)
                  00003add    00000003     --HOLE-- [fill = 0]
                  00003ae0    000000a8     TimerA1.obj (.text)
                  00003b88    0000009c     rtsv7M4_T_le_v4SPD16_eabi.lib : fopen.c.obj (.text:fopen)
                  00003c24    0000009c                                   : memcpy_t2.asm.obj (.text)
                  00003cc0    00000096                                   : ull_div_t2.asm.obj (.text)
                  00003d56    00000002     --HOLE-- [fill = 0]
                  00003d58    0000008c                                   : fputc.c.obj (.text:fputc)
                  00003de4    00000086                                   : fd_cmp_t2.asm.obj (.text:__aeabi_cdcmple)
                  00003e6a    00000086                                   : fd_cmp_t2.asm.obj (.text:__aeabi_cdrcmple)
                  00003ef0    0000007c     IRDistance.obj (.text)
                  00003f6c    0000007a     rtsv7M4_T_le_v4SPD16_eabi.lib : memset_t2.asm.obj (.text)
                  00003fe6    00000002     --HOLE-- [fill = 0]
                  00003fe8    00000078     Bump.obj (.text)
                  00004060    00000078     rtsv7M4_T_le_v4SPD16_eabi.lib : memory.c.obj (.text:malloc)
                  000040d8    00000074                                   : fclose.c.obj (.text:__TI_closefile)
                  0000414c    0000006e                                   : _printfi.c.obj (.text:_mcpy)
                  000041ba    00000002     --HOLE-- [fill = 0]
                  000041bc    00000068                                   : hostlseek.c.obj (.text:HOSTlseek)
                  00004224    00000068                                   : hostrename.c.obj (.text:HOSTrename)
                  0000428c    00000068                                   : copy_decompress_lzss.c.obj (.text:decompress:lzss:__TI_decompress_lzss)
                  000042f4    00000068                                   : printf.c.obj (.text:printf)
                  0000435c    00000064                                   : s_frexp.c.obj (.text:frexp)
                  000043c0    00000064                                   : fseek.c.obj (.text:fseek)
                  00004424    00000062                                   : _io_perm.c.obj (.text:__TI_wrt_ok)
                  00004486    00000002     --HOLE-- [fill = 0]
                  00004488    00000060                                   : hostopen.c.obj (.text:HOSTopen)
                  000044e8    0000005c                                   : close.c.obj (.text:close)
                  00004544    00000058                                   : hostread.c.obj (.text:HOSTread)
                  0000459c    00000058                                   : hostwrite.c.obj (.text:HOSTwrite)
                  000045f4    00000056                                   : _printfi.c.obj (.text:_pconv_f)
                  0000464a    00000054                                   : ltoa.c.obj (.text:ltoa)
                  0000469e    00000052                                   : _printfi.c.obj (.text:_ecpy)
                  000046f0    0000004c                                   : fflush.c.obj (.text:__TI_doflush)
                  0000473c    0000004c                                   : atoi.c.obj (.text:atoi)
                  00004788    00000048                                   : exit.c.obj (.text:exit)
                  000047d0    00000048                                   : fd_toi_t2.asm.obj (.text)
                  00004818    00000044                                   : hostclose.c.obj (.text:HOSTclose)
                  0000485c    00000044                                   : hostunlink.c.obj (.text:HOSTunlink)
                  000048a0    00000044                                   : autoinit.c.obj (.text:__TI_auto_init_nobinit_nopinit:__TI_auto_init_nobinit_nopinit)
                  000048e4    00000044                                   : getdevice.c.obj (.text:getdevice)
                  00004928    0000003e                                   : _printfi.c.obj (.text:_fcpy)
                  00004966    00000002     --HOLE-- [fill = 0]
                  00004968    0000003c                                   : memory.c.obj (.text:minsert)
                  000049a4    00000038                                   : trgmsg.c.obj (.text:__TI_writemsg)
                  000049dc    00000038                                   : boot_cortex_m.c.obj (.text:_c_int00_noargs:_c_int00_noargs)
                  00004a14    00000038                                   : memory.c.obj (.text:minit)
                  00004a4c    00000036                                   : strncpy.c.obj (.text:strncpy)
                  00004a82    00000002     --HOLE-- [fill = 0]
                  00004a84    00000034                                   : fopen.c.obj (.text:__TI_cleanup)
                  00004ab8    00000034                                   : trgmsg.c.obj (.text:__TI_readmsg)
                  00004aec    00000034                                   : fopen.c.obj (.text:freopen)
                  00004b20    00000030                                   : getdevice.c.obj (.text:finddevice)
                  00004b50    0000002e                                   : i_tofd_t2.asm.obj (.text)
                  00004b7e    00000002     --HOLE-- [fill = 0]
                  00004b80    0000002c                                   : unlink.c.obj (.text:unlink)
                  00004bac    00000028                                   : lseek.c.obj (.text:lseek)
                  00004bd4    00000028                                   : memory.c.obj (.text:mremove)
                  00004bfc    00000028                                   : write.c.obj (.text:write)
                  00004c24    00000024     CortexM.obj (.text)
                  00004c48    00000020     rtsv7M4_T_le_v4SPD16_eabi.lib : memchr.c.obj (.text:memchr)
                  00004c68    0000001c                                   : memccpy.c.obj (.text:memccpy)
                  00004c84    00000018                                   : strcmp.c.obj (.text:strcmp)
                  00004c9c    00000016                                   : strchr.c.obj (.text:strchr)
                  00004cb2    00000014                                   : s_copysign.c.obj (.text:copysign)
                  00004cc6    00000014                                   : strcpy.c.obj (.text:strcpy)
                  00004cda    00000014                                   : strlen.c.obj (.text:strlen)
                  00004cee    00000012                                   : wcslen.c.obj (.text:wcslen)
                  00004d00    0000000e                                   : copy_decompress_none.c.obj (.text:decompress:none:__TI_decompress_none)
                  00004d0e    0000000e     startup_msp432p401r_ccs.obj (.text)
                  00004d1c    0000000c     rtsv7M4_T_le_v4SPD16_eabi.lib : copy_zero_init.c.obj (.text:decompress:ZI:__TI_zero_init)
                  00004d28    00000008                                   : errno.c.obj (.text:__aeabi_errno_addr)
                  00004d30    00000004                                   : printf.c.obj (.text:_outc)
                  00004d34    00000004                                   : printf.c.obj (.text:_outs)
                  00004d38    00000004                                   : pre_init.c.obj (.text:_system_pre_init)
                  00004d3c    00000004                                   : exit.c.obj (.text:abort:abort)

.const     0    00004d40    00000101     
                  00004d40    00000101     rtsv7M4_T_le_v4SPD16_eabi.lib : ctype.c.obj (.const:.string:_ctypes_)

.cinit     0    00004e48    000000b8     
                  00004e48    00000092     (.cinit..data.load) [load image, compression = lzss]
                  00004eda    00000002     --HOLE-- [fill = 0]
                  00004edc    0000000c     (__TI_handler_table)
                  00004ee8    00000008     (.cinit..bss.load) [load image, compression = zero_init]
                  00004ef0    00000010     (__TI_cinit_table)

.init_array 
*          0    00000000    00000000     UNINITIALIZED

.binit     0    00000000    00000000     

.bss       0    20000000    00003262     UNINITIALIZED
                  20000000    00001000     (.common:x)
                  20001000    00001000     (.common:x2)
                  20002000    00001000     (.common:x3)
                  20003000    00000120     rtsv7M4_T_le_v4SPD16_eabi.lib : trgmsg.c.obj (.bss:_CIOBUF_)
                  20003120    000000a0     (.common:__TI_tmpnams)
                  200031c0    00000014     (.common:LeftTach)
                  200031d4    00000014     (.common:RightTach)
                  200031e8    00000008     (.common:Messageb)
                  200031f0    00000008     (.common:parmbuf)
                  200031f8    00000004     (.common:ADCflag)
                  200031fc    00000004     (.common:Center)
                  20003200    00000004     (.common:ControllerFlag)
                  20003204    00000004     (.common:Error)
                  20003208    00000004     (.common:I1)
                  2000320c    00000004     (.common:LPFSum)
                  20003210    00000004     (.common:LPFSum2)
                  20003214    00000004     (.common:LPFSum3)
                  20003218    00000004     (.common:Left)
                  2000321c    00000004     (.common:LeftSteps)
                  20003220    00000004     (.common:Messageindexb)
                  20003224    00000004     (.common:Pt)
                  20003228    00000004     (.common:Pt2)
                  2000322c    00000004     (.common:Pt3)
                  20003230    00000004     (.common:Right)
                  20003234    00000004     (.common:RightSteps)
                  20003238    00000004     (.common:Size)
                  2000323c    00000004     (.common:TimerA1Task)
                  20003240    00000004     (.common:UL)
                  20003244    00000004     (.common:UR)
                  20003248    00000004     (.common:nc)
                  2000324c    00000004     (.common:nl)
                  20003250    00000004     (.common:nr)
                  20003254    00000002     (.common:ActualL)
                  20003256    00000002     (.common:ActualR)
                  20003258    00000002     (.common:Tachometer_FirstLeftTime)
                  2000325a    00000002     (.common:Tachometer_FirstRightTime)
                  2000325c    00000002     (.common:Tachometer_SecondLeftTime)
                  2000325e    00000002     (.common:Tachometer_SecondRightTime)
                  20003260    00000001     (.common:LeftDir)
                  20003261    00000001     (.common:RightDir)

.sysmem    0    20003268    00000400     UNINITIALIZED
                  20003268    00000008     rtsv7M4_T_le_v4SPD16_eabi.lib : memory.c.obj (.sysmem)
                  20003270    000003f8     --HOLE--

.data      0    20003668    00000240     UNINITIALIZED
                  20003668    000000f0     rtsv7M4_T_le_v4SPD16_eabi.lib : defs.c.obj (.data:_ftable)
                  20003758    00000078                                   : write.c.obj (.data:_device)
                  200037d0    00000050                                   : write.c.obj (.data:_stream)
                  20003820    00000018     Clock.obj (.data)
                  20003838    00000018     main.obj (.data)
                  20003850    00000010     rtsv7M4_T_le_v4SPD16_eabi.lib : defs.c.obj (.data)
                  20003860    0000000c                                   : exit.c.obj (.data:$O1$$)
                  2000386c    0000000c                                   : memory.c.obj (.data:$O1$$)
                  20003878    0000000a     Tachometer.obj (.data)
                  20003882    00000002     --HOLE--
                  20003884    00000008     rtsv7M4_T_le_v4SPD16_eabi.lib : _lock.c.obj (.data:$O1$$)
                  2000388c    00000008     TA3InputCapture.obj (.data)
                  20003894    00000004     rtsv7M4_T_le_v4SPD16_eabi.lib : add_device.c.obj (.data)
                  20003898    00000004                                   : errno.c.obj (.data)
                  2000389c    00000004                                   : fopen.c.obj (.data)
                  200038a0    00000004                                   : open.c.obj (.data)
                  200038a4    00000004     system_msp432p401r.obj (.data)

.stack     0    2000fe00    00000200     UNINITIALIZED
                  2000fe00    00000004     rtsv7M4_T_le_v4SPD16_eabi.lib : boot_cortex_m.c.obj (.stack)
                  2000fe04    000001fc     --HOLE--

MODULE SUMMARY

       Module                        code    ro data   rw data
       ------                        ----    -------   -------
    .\
       LPF.obj                       776     0         24640  
       UART0.obj                     1724    0         24     
       main.obj                      1336    0         244    
       system_msp432p401r.obj        820     0         8      
       ADC14.obj                     748     0         0      
       PWM.obj                       552     0         0      
       Clock.obj                     480     0         48     
       Motor.obj                     396     0         0      
       Tachometer.obj                360     0         36     
       TA3InputCapture.obj           308     0         16     
       LaunchPad.obj                 244     0         0      
       startup_msp432p401r_ccs.obj   14      228       0      
       TimerA1.obj                   168     0         8      
       IRDistance.obj                124     0         0      
       Bump.obj                      120     0         0      
       CortexM.obj                   36      0         0      
    +--+-----------------------------+-------+---------+---------+
       Total:                        8206    228       25024  
                                                              
    C:\ti\ccsv8\tools\compiler\ti-cgt-arm_18.1.4.LTS\lib\rtsv7M4_T_le_v4SPD16_eabi.lib
       _printfi.c.obj                4867    0         0      
       defs.c.obj                    0       0         832    
       trgmsg.c.obj                  108     0         576    
       memory.c.obj                  492     0         24     
       fopen.c.obj                   468     0         8      
       write.c.obj                   40      0         400    
       fd_add_t2.asm.obj             438     0         0      
       fd_div_t2.asm.obj             310     0         0      
       fputs.c.obj                   276     0         0      
       s_scalbn.c.obj                272     0         0      
       fd_cmp_t2.asm.obj             268     0         0      
       ctype.c.obj                   0       257       0      
       fd_mul_t2.asm.obj             252     0         0      
       setvbuf.c.obj                 220     0         0      
       open.c.obj                    188     0         8      
       add_device.c.obj              184     0         8      
       memcpy_t2.asm.obj             156     0         0      
       ull_div_t2.asm.obj            150     0         0      
       fputc.c.obj                   140     0         0      
       memset_t2.asm.obj             122     0         0      
       fclose.c.obj                  116     0         0      
       getdevice.c.obj               116     0         0      
       hostopen.c.obj                96      0         16     
       printf.c.obj                  112     0         0      
       copy_decompress_lzss.c.obj    104     0         0      
       hostlseek.c.obj               104     0         0      
       hostrename.c.obj              104     0         0      
       exit.c.obj                    76      0         24     
       fseek.c.obj                   100     0         0      
       s_frexp.c.obj                 100     0         0      
       _io_perm.c.obj                98      0         0      
       close.c.obj                   92      0         0      
       hostread.c.obj                88      0         0      
       hostwrite.c.obj               88      0         0      
       ltoa.c.obj                    84      0         0      
       atoi.c.obj                    76      0         0      
       fflush.c.obj                  76      0         0      
       fd_toi_t2.asm.obj             72      0         0      
       autoinit.c.obj                68      0         0      
       hostclose.c.obj               68      0         0      
       hostunlink.c.obj              68      0         0      
       boot_cortex_m.c.obj           56      0         0      
       strncpy.c.obj                 54      0         0      
       i_tofd_t2.asm.obj             46      0         0      
       unlink.c.obj                  44      0         0      
       lseek.c.obj                   40      0         0      
       memchr.c.obj                  32      0         0      
       memccpy.c.obj                 28      0         0      
       strcmp.c.obj                  24      0         0      
       strchr.c.obj                  22      0         0      
       s_copysign.c.obj              20      0         0      
       strcpy.c.obj                  20      0         0      
       strlen.c.obj                  20      0         0      
       _lock.c.obj                   2       0         16     
       wcslen.c.obj                  18      0         0      
       errno.c.obj                   8       0         8      
       copy_decompress_none.c.obj    14      0         0      
       copy_zero_init.c.obj          12      0         0      
       pre_init.c.obj                4       0         0      
       div0.asm.obj                  2       0         0      
    +--+-----------------------------+-------+---------+---------+
       Total:                        11323   257       1920   
                                                              
       Heap:                         0       0         2048   
       Stack:                        0       0         1024   
       Linker Generated:             0       182       0      
    +--+-----------------------------+-------+---------+---------+
       Grand Total:                  19529   667       30016  


LINKER GENERATED COPY TABLES

__TI_cinit_table @ 00004ef0 records: 2, size/record: 8, table size: 16
	.data: load addr=00004e48, load size=00000092 bytes, run addr=20003668, run size=00000240 bytes, compression=lzss
	.bss: load addr=00004ee8, load size=00000008 bytes, run addr=20000000, run size=00003262 bytes, compression=zero_init


LINKER GENERATED HANDLER TABLE

__TI_handler_table @ 00004edc records: 3, size/record: 4, table size: 12
	index: 0, handler: __TI_decompress_lzss
	index: 1, handler: __TI_decompress_none
	index: 2, handler: __TI_zero_init


GLOBAL SYMBOLS: SORTED ALPHABETICALLY BY Name 

address   name                           
-------   ----                           
00001e71  ADC0_InitSWTriggerCh12         
00001ee1  ADC0_InitSWTriggerCh17_12_16   
00001f91  ADC0_InitSWTriggerCh19         
00001d75  ADC0_InitSWTriggerCh6          
00001de5  ADC0_InitSWTriggerCh67         
00004d1b  ADC14_IRQHandler               
00001ec1  ADC_In12                       
00001f51  ADC_In17_12_16                 
00001fe1  ADC_In19                       
00001dc5  ADC_In6                        
00001e3b  ADC_In67                       
200031f8  ADCflag                        
00004d1b  AES256_IRQHandler              
20003254  ActualL                        
20003256  ActualR                        
00003fe9  Bump_Init                      
0000401d  Bump_Read                      
00004d1b  BusFault_Handler               
00004d3d  C$$EXIT                        
000049d3  C$$IO$$                        
00004d1b  COMP_E0_IRQHandler             
00004d1b  COMP_E1_IRQHandler             
20003828  CPMwait                        
00004d1b  CS_IRQHandler                  
2000388c  CaptureTask0                   
20003890  CaptureTask2                   
200031fc  Center                         
00003f19  CenterConvert                  
20003820  ClockFrequency                 
0000264d  Clock_Delay1ms                 
00002623  Clock_Delay1us                 
0000260f  Clock_GetFreq                  
000024f9  Clock_Init48MHz                
20003200  ControllerFlag                 
20003834  Crystalstable                  
00004d1b  DMA_ERR_IRQHandler             
00004d1b  DMA_INT0_IRQHandler            
00004d1b  DMA_INT1_IRQHandler            
00004d1b  DMA_INT2_IRQHandler            
00004d1b  DMA_INT3_IRQHandler            
00004d1b  DebugMon_Handler               
00004d1b  Default_Handler                
20003848  DesiredL                       
2000384a  DesiredR                       
00004c25  DisableInterrupts              
00004d1b  EUSCIA0_IRQHandler             
00004d1b  EUSCIA1_IRQHandler             
00004d1b  EUSCIA2_IRQHandler             
00004d1b  EUSCIA3_IRQHandler             
00004d1b  EUSCIB0_IRQHandler             
00004d1b  EUSCIB1_IRQHandler             
00004d1b  EUSCIB2_IRQHandler             
00004d1b  EUSCIB3_IRQHandler             
00004c2b  EnableInterrupts               
00004c3b  EndCritical                    
20003204  Error                          
00004d1b  FLCTL_IRQHandler               
00004d1b  FPU_IRQHandler                 
00004819  HOSTclose                      
000041bd  HOSTlseek                      
00004489  HOSTopen                       
00004545  HOSTread                       
00004225  HOSTrename                     
0000485d  HOSTunlink                     
0000459d  HOSTwrite                      
00004d1b  HardFault_Handler              
20003208  I1                             
20003830  IFlags                         
00001201  IRsampling                     
2000383c  Ki                             
20003840  Kp                             
2000320c  LPFSum                         
20003210  LPFSum2                        
20003214  LPFSum3                        
00001b81  LPF_Calc                       
00001c29  LPF_Calc2                      
00001ced  LPF_Calc3                      
00001ac1  LPF_Calc_old                   
00001b23  LPF_Init                       
00001bd5  LPF_Init2                      
00001c8b  LPF_Init3                      
00001a6d  LPF_Init_old                   
00003541  LaunchPad_Init                 
000035b1  LaunchPad_Input                
000035cb  LaunchPad_LED                  
000035e9  LaunchPad_Output               
20003218  Left                           
00003ef1  LeftConvert                    
20003260  LeftDir                        
2000384c  LeftDuty                       
2000321c  LeftSteps                      
200031c0  LeftTach                       
00004d1b  MemManage_Handler              
200031e8  Messageb                       
20003220  Messageindexb                  
20003838  Mode                           
00002b8f  Motor_Backward                 
00002ac7  Motor_Forward                  
00002a61  Motor_Init                     
00002b49  Motor_Left                     
00002b03  Motor_Right                    
00002ab3  Motor_Stop                     
00004d1b  NMI_Handler                    
00004d1b  PCM_IRQHandler                 
00004d1b  PORT1_IRQHandler               
00004d1b  PORT2_IRQHandler               
00004d1b  PORT3_IRQHandler               
00004d1b  PORT4_IRQHandler               
00004d1b  PORT5_IRQHandler               
00004d1b  PORT6_IRQHandler               
00004d1b  PSS_IRQHandler                 
000023bb  PWM_Duty1                      
000023db  PWM_Duty2                      
0000247f  PWM_Duty3                      
0000249f  PWM_Duty4                      
000022d1  PWM_Init1                      
00002337  PWM_Init12                     
000023fb  PWM_Init34                     
00001341  Pause                          
00004d1b  PendSV_Handler                 
2000382c  Postwait                       
20003824  Prewait                        
20003224  Pt                             
20003228  Pt2                            
2000322c  Pt3                            
00004d1b  RTC_C_IRQHandler               
00004d0f  Reset_Handler                  
20003230  Right                          
00003f41  RightConvert                   
20003261  RightDir                       
2000384e  RightDuty                      
20003234  RightSteps                     
200031d4  RightTach                      
00004d1b  SVC_Handler                    
20003844  SetPoint                       
20003238  Size                           
00004c31  StartCritical                  
00001257  SysTick_Handler                
00001257  SysTick_Handler                
200038a4  SystemCoreClock                
00001739  SystemCoreClockUpdate          
000019b1  SystemInit                     
00004d1b  T32_INT1_IRQHandler            
00004d1b  T32_INT2_IRQHandler            
00004d1b  T32_INTC_IRQHandler            
00004d1b  TA0_0_IRQHandler               
00004d1b  TA0_N_IRQHandler               
00003b53  TA1_0_IRQHandler               
00003b53  TA1_0_IRQHandler               
00004d1b  TA1_N_IRQHandler               
00004d1b  TA2_0_IRQHandler               
00004d1b  TA2_N_IRQHandler               
00003087  TA3_0_IRQHandler               
00003087  TA3_0_IRQHandler               
000030a1  TA3_N_IRQHandler               
000030a1  TA3_N_IRQHandler               
20003258  Tachometer_FirstLeftTime       
2000325a  Tachometer_FirstRightTime      
00002cc1  Tachometer_Get                 
00002c79  Tachometer_Init                
20003881  Tachometer_LeftDir             
2000387c  Tachometer_LeftSteps           
20003880  Tachometer_RightDir            
20003878  Tachometer_RightSteps          
2000325c  Tachometer_SecondLeftTime      
2000325e  Tachometer_SecondRightTime     
2000323c  TimerA1Task                    
00003ae1  TimerA1_Init                   
00003b3f  TimerA1_Stop                   
00002fd5  TimerA3Capture_Init            
00000b8b  UART0_InChar                   
00001015  UART0_InString                 
00000bd5  UART0_InUDec                   
00000ec9  UART0_InUHex                   
00000b45  UART0_Init                     
00001175  UART0_Initprintf               
00000b9b  UART0_OutChar                  
00000bb7  UART0_OutString                
00000c59  UART0_OutUDec                  
00000dc5  UART0_OutUDec4                 
00000e19  UART0_OutUDec5                 
00000e55  UART0_OutUFix1                 
00000e7d  UART0_OutUFix2                 
00000f8d  UART0_OutUHex                  
00000ff9  UART0_OutUHex2                 
20003240  UL                             
20003244  UR                             
00004d1b  UsageFault_Handler             
4000480c  WDTCTL_SYM                     
00004d1b  WDT_A_IRQHandler               
00004c43  WaitForInterrupt               
20003000  __CIOBUF_                      
20010000  __STACK_END                    
00000200  __STACK_SIZE                   
00000400  __SYSMEM_SIZE                  
00004ef0  __TI_CINIT_Base                
00004f00  __TI_CINIT_Limit               
00004edc  __TI_Handler_Table_Base        
00004ee8  __TI_Handler_Table_Limit       
000048a1  __TI_auto_init_nobinit_nopinit 
00004a85  __TI_cleanup                   
20003860  __TI_cleanup_ptr               
000040d9  __TI_closefile                 
0000428d  __TI_decompress_lzss           
00004d01  __TI_decompress_none           
000046f1  __TI_doflush                   
20003864  __TI_dtors_ptr                 
20003868  __TI_enable_exit_profile_output
20003850  __TI_ft_end                    
ffffffff  __TI_pprof_out_hndl            
000000e5  __TI_printfi                   
ffffffff  __TI_prof_data_size            
ffffffff  __TI_prof_data_start           
00004ab9  __TI_readmsg                   
00000000  __TI_static_base__             
20003120  __TI_tmpnams                   
000049a5  __TI_writemsg                  
00004425  __TI_wrt_ok                    
00004d1d  __TI_zero_init                 
00003de5  __aeabi_cdcmpeq                
00003de5  __aeabi_cdcmple                
00003e6b  __aeabi_cdrcmple               
000047d1  __aeabi_d2iz                   
000028b3  __aeabi_dadd                   
00002e91  __aeabi_ddiv                   
00003445  __aeabi_dmul                   
000028a9  __aeabi_dsub                   
00004d29  __aeabi_errno_addr             
00004b51  __aeabi_i2d                    
00002a5f  __aeabi_idiv0                  
00002a5f  __aeabi_ldiv0                  
00003f6d  __aeabi_memclr                 
00003f6d  __aeabi_memclr4                
00003f6d  __aeabi_memclr8                
00003c25  __aeabi_memcpy                 
00003c25  __aeabi_memcpy4                
00003c25  __aeabi_memcpy8                
00003f6f  __aeabi_memset                 
00003f6f  __aeabi_memset4                
00003f6f  __aeabi_memset8                
2000385c  __aeabi_stderr                 
20003854  __aeabi_stdin                  
20003858  __aeabi_stdout                 
00003cc1  __aeabi_uldivmod               
ffffffff  __binit__                      
ffffffff  __c_args__                     
UNDEFED   __mpu_init                     
2000fe00  __stack                        
000049dd  _c_int00_noargs                
00004d40  _ctypes_                       
20003758  _device                        
20003668  _ftable                        
20003884  _lock                          
00000b43  _nop                           
200037d0  _stream                        
20003268  _sys_memory                    
UNDEFED   _system_post_cinit             
00004d39  _system_pre_init               
20003888  _unlock                        
00004d3d  abort                          
00003975  add_device                     
0000473d  atoi                           
000013f3  avg                            
ffffffff  binit                          
000044e9  close                          
00004cb3  copysign                       
00004cb3  copysignl                      
00002615  delay                          
20003898  errno                          
00004789  exit                           
000010af  ferror                         
0000108f  fgetc                          
00004b21  finddevice                     
00003b89  fopen                          
00003d59  fputc                          
00003221  fputs                          
00003711  free                           
00004aed  freopen                        
0000435d  frexp                          
0000435d  frexpl                         
000043c1  fseek                          
000048e5  getdevice                      
00000000  interruptVectors               
00003335  ldexp                          
00003335  ldexpl                         
00004bad  lseek                          
0000464b  ltoa                           
0000146d  main                           
00004061  malloc                         
00004c69  memccpy                        
00004c49  memchr                         
00003c25  memcpy                         
00003f75  memset                         
00004a15  minit                          
20003248  nc                             
2000324c  nl                             
20003250  nr                             
000038b9  open                           
00000fd1  outnibble                      
200031f0  parmbuf                        
000042f5  printf                         
00003d59  putc                           
00004b81  remove                         
00003335  scalbn                         
00003335  scalbnl                        
00003635  setvbuf                        
00004c9d  strchr                         
00004c85  strcmp                         
00004cc7  strcpy                         
00004cdb  strlen                         
00004a4d  strncpy                        
00002fc9  ta3dummy                       
00002c33  tachometerLeftInt              
00002bed  tachometerRightInt             
000010cd  uart_close                     
0000114b  uart_lseek                     
000010bd  uart_open                      
000010df  uart_read                      
00001167  uart_rename                    
0000115b  uart_unlink                    
00001109  uart_write                     
00004b81  unlink                         
00004cef  wcslen                         
00004bfd  write                          
20000000  x                              
20001000  x2                             
20002000  x3                             


GLOBAL SYMBOLS: SORTED BY Symbol Address 

address   name                           
-------   ----                           
00000000  __TI_static_base__             
00000000  interruptVectors               
000000e5  __TI_printfi                   
00000200  __STACK_SIZE                   
00000400  __SYSMEM_SIZE                  
00000b43  _nop                           
00000b45  UART0_Init                     
00000b8b  UART0_InChar                   
00000b9b  UART0_OutChar                  
00000bb7  UART0_OutString                
00000bd5  UART0_InUDec                   
00000c59  UART0_OutUDec                  
00000dc5  UART0_OutUDec4                 
00000e19  UART0_OutUDec5                 
00000e55  UART0_OutUFix1                 
00000e7d  UART0_OutUFix2                 
00000ec9  UART0_InUHex                   
00000f8d  UART0_OutUHex                  
00000fd1  outnibble                      
00000ff9  UART0_OutUHex2                 
00001015  UART0_InString                 
0000108f  fgetc                          
000010af  ferror                         
000010bd  uart_open                      
000010cd  uart_close                     
000010df  uart_read                      
00001109  uart_write                     
0000114b  uart_lseek                     
0000115b  uart_unlink                    
00001167  uart_rename                    
00001175  UART0_Initprintf               
00001201  IRsampling                     
00001257  SysTick_Handler                
00001257  SysTick_Handler                
00001341  Pause                          
000013f3  avg                            
0000146d  main                           
00001739  SystemCoreClockUpdate          
000019b1  SystemInit                     
00001a6d  LPF_Init_old                   
00001ac1  LPF_Calc_old                   
00001b23  LPF_Init                       
00001b81  LPF_Calc                       
00001bd5  LPF_Init2                      
00001c29  LPF_Calc2                      
00001c8b  LPF_Init3                      
00001ced  LPF_Calc3                      
00001d75  ADC0_InitSWTriggerCh6          
00001dc5  ADC_In6                        
00001de5  ADC0_InitSWTriggerCh67         
00001e3b  ADC_In67                       
00001e71  ADC0_InitSWTriggerCh12         
00001ec1  ADC_In12                       
00001ee1  ADC0_InitSWTriggerCh17_12_16   
00001f51  ADC_In17_12_16                 
00001f91  ADC0_InitSWTriggerCh19         
00001fe1  ADC_In19                       
000022d1  PWM_Init1                      
00002337  PWM_Init12                     
000023bb  PWM_Duty1                      
000023db  PWM_Duty2                      
000023fb  PWM_Init34                     
0000247f  PWM_Duty3                      
0000249f  PWM_Duty4                      
000024f9  Clock_Init48MHz                
0000260f  Clock_GetFreq                  
00002615  delay                          
00002623  Clock_Delay1us                 
0000264d  Clock_Delay1ms                 
000028a9  __aeabi_dsub                   
000028b3  __aeabi_dadd                   
00002a5f  __aeabi_idiv0                  
00002a5f  __aeabi_ldiv0                  
00002a61  Motor_Init                     
00002ab3  Motor_Stop                     
00002ac7  Motor_Forward                  
00002b03  Motor_Right                    
00002b49  Motor_Left                     
00002b8f  Motor_Backward                 
00002bed  tachometerRightInt             
00002c33  tachometerLeftInt              
00002c79  Tachometer_Init                
00002cc1  Tachometer_Get                 
00002e91  __aeabi_ddiv                   
00002fc9  ta3dummy                       
00002fd5  TimerA3Capture_Init            
00003087  TA3_0_IRQHandler               
00003087  TA3_0_IRQHandler               
000030a1  TA3_N_IRQHandler               
000030a1  TA3_N_IRQHandler               
00003221  fputs                          
00003335  ldexp                          
00003335  ldexpl                         
00003335  scalbn                         
00003335  scalbnl                        
00003445  __aeabi_dmul                   
00003541  LaunchPad_Init                 
000035b1  LaunchPad_Input                
000035cb  LaunchPad_LED                  
000035e9  LaunchPad_Output               
00003635  setvbuf                        
00003711  free                           
000038b9  open                           
00003975  add_device                     
00003ae1  TimerA1_Init                   
00003b3f  TimerA1_Stop                   
00003b53  TA1_0_IRQHandler               
00003b53  TA1_0_IRQHandler               
00003b89  fopen                          
00003c25  __aeabi_memcpy                 
00003c25  __aeabi_memcpy4                
00003c25  __aeabi_memcpy8                
00003c25  memcpy                         
00003cc1  __aeabi_uldivmod               
00003d59  fputc                          
00003d59  putc                           
00003de5  __aeabi_cdcmpeq                
00003de5  __aeabi_cdcmple                
00003e6b  __aeabi_cdrcmple               
00003ef1  LeftConvert                    
00003f19  CenterConvert                  
00003f41  RightConvert                   
00003f6d  __aeabi_memclr                 
00003f6d  __aeabi_memclr4                
00003f6d  __aeabi_memclr8                
00003f6f  __aeabi_memset                 
00003f6f  __aeabi_memset4                
00003f6f  __aeabi_memset8                
00003f75  memset                         
00003fe9  Bump_Init                      
0000401d  Bump_Read                      
00004061  malloc                         
000040d9  __TI_closefile                 
000041bd  HOSTlseek                      
00004225  HOSTrename                     
0000428d  __TI_decompress_lzss           
000042f5  printf                         
0000435d  frexp                          
0000435d  frexpl                         
000043c1  fseek                          
00004425  __TI_wrt_ok                    
00004489  HOSTopen                       
000044e9  close                          
00004545  HOSTread                       
0000459d  HOSTwrite                      
0000464b  ltoa                           
000046f1  __TI_doflush                   
0000473d  atoi                           
00004789  exit                           
000047d1  __aeabi_d2iz                   
00004819  HOSTclose                      
0000485d  HOSTunlink                     
000048a1  __TI_auto_init_nobinit_nopinit 
000048e5  getdevice                      
000049a5  __TI_writemsg                  
000049d3  C$$IO$$                        
000049dd  _c_int00_noargs                
00004a15  minit                          
00004a4d  strncpy                        
00004a85  __TI_cleanup                   
00004ab9  __TI_readmsg                   
00004aed  freopen                        
00004b21  finddevice                     
00004b51  __aeabi_i2d                    
00004b81  remove                         
00004b81  unlink                         
00004bad  lseek                          
00004bfd  write                          
00004c25  DisableInterrupts              
00004c2b  EnableInterrupts               
00004c31  StartCritical                  
00004c3b  EndCritical                    
00004c43  WaitForInterrupt               
00004c49  memchr                         
00004c69  memccpy                        
00004c85  strcmp                         
00004c9d  strchr                         
00004cb3  copysign                       
00004cb3  copysignl                      
00004cc7  strcpy                         
00004cdb  strlen                         
00004cef  wcslen                         
00004d01  __TI_decompress_none           
00004d0f  Reset_Handler                  
00004d1b  ADC14_IRQHandler               
00004d1b  AES256_IRQHandler              
00004d1b  BusFault_Handler               
00004d1b  COMP_E0_IRQHandler             
00004d1b  COMP_E1_IRQHandler             
00004d1b  CS_IRQHandler                  
00004d1b  DMA_ERR_IRQHandler             
00004d1b  DMA_INT0_IRQHandler            
00004d1b  DMA_INT1_IRQHandler            
00004d1b  DMA_INT2_IRQHandler            
00004d1b  DMA_INT3_IRQHandler            
00004d1b  DebugMon_Handler               
00004d1b  Default_Handler                
00004d1b  EUSCIA0_IRQHandler             
00004d1b  EUSCIA1_IRQHandler             
00004d1b  EUSCIA2_IRQHandler             
00004d1b  EUSCIA3_IRQHandler             
00004d1b  EUSCIB0_IRQHandler             
00004d1b  EUSCIB1_IRQHandler             
00004d1b  EUSCIB2_IRQHandler             
00004d1b  EUSCIB3_IRQHandler             
00004d1b  FLCTL_IRQHandler               
00004d1b  FPU_IRQHandler                 
00004d1b  HardFault_Handler              
00004d1b  MemManage_Handler              
00004d1b  NMI_Handler                    
00004d1b  PCM_IRQHandler                 
00004d1b  PORT1_IRQHandler               
00004d1b  PORT2_IRQHandler               
00004d1b  PORT3_IRQHandler               
00004d1b  PORT4_IRQHandler               
00004d1b  PORT5_IRQHandler               
00004d1b  PORT6_IRQHandler               
00004d1b  PSS_IRQHandler                 
00004d1b  PendSV_Handler                 
00004d1b  RTC_C_IRQHandler               
00004d1b  SVC_Handler                    
00004d1b  T32_INT1_IRQHandler            
00004d1b  T32_INT2_IRQHandler            
00004d1b  T32_INTC_IRQHandler            
00004d1b  TA0_0_IRQHandler               
00004d1b  TA0_N_IRQHandler               
00004d1b  TA1_N_IRQHandler               
00004d1b  TA2_0_IRQHandler               
00004d1b  TA2_N_IRQHandler               
00004d1b  UsageFault_Handler             
00004d1b  WDT_A_IRQHandler               
00004d1d  __TI_zero_init                 
00004d29  __aeabi_errno_addr             
00004d39  _system_pre_init               
00004d3d  C$$EXIT                        
00004d3d  abort                          
00004d40  _ctypes_                       
00004edc  __TI_Handler_Table_Base        
00004ee8  __TI_Handler_Table_Limit       
00004ef0  __TI_CINIT_Base                
00004f00  __TI_CINIT_Limit               
20000000  x                              
20001000  x2                             
20002000  x3                             
20003000  __CIOBUF_                      
20003120  __TI_tmpnams                   
200031c0  LeftTach                       
200031d4  RightTach                      
200031e8  Messageb                       
200031f0  parmbuf                        
200031f8  ADCflag                        
200031fc  Center                         
20003200  ControllerFlag                 
20003204  Error                          
20003208  I1                             
2000320c  LPFSum                         
20003210  LPFSum2                        
20003214  LPFSum3                        
20003218  Left                           
2000321c  LeftSteps                      
20003220  Messageindexb                  
20003224  Pt                             
20003228  Pt2                            
2000322c  Pt3                            
20003230  Right                          
20003234  RightSteps                     
20003238  Size                           
2000323c  TimerA1Task                    
20003240  UL                             
20003244  UR                             
20003248  nc                             
2000324c  nl                             
20003250  nr                             
20003254  ActualL                        
20003256  ActualR                        
20003258  Tachometer_FirstLeftTime       
2000325a  Tachometer_FirstRightTime      
2000325c  Tachometer_SecondLeftTime      
2000325e  Tachometer_SecondRightTime     
20003260  LeftDir                        
20003261  RightDir                       
20003268  _sys_memory                    
20003668  _ftable                        
20003758  _device                        
200037d0  _stream                        
20003820  ClockFrequency                 
20003824  Prewait                        
20003828  CPMwait                        
2000382c  Postwait                       
20003830  IFlags                         
20003834  Crystalstable                  
20003838  Mode                           
2000383c  Ki                             
20003840  Kp                             
20003844  SetPoint                       
20003848  DesiredL                       
2000384a  DesiredR                       
2000384c  LeftDuty                       
2000384e  RightDuty                      
20003850  __TI_ft_end                    
20003854  __aeabi_stdin                  
20003858  __aeabi_stdout                 
2000385c  __aeabi_stderr                 
20003860  __TI_cleanup_ptr               
20003864  __TI_dtors_ptr                 
20003868  __TI_enable_exit_profile_output
20003878  Tachometer_RightSteps          
2000387c  Tachometer_LeftSteps           
20003880  Tachometer_RightDir            
20003881  Tachometer_LeftDir             
20003884  _lock                          
20003888  _unlock                        
2000388c  CaptureTask0                   
20003890  CaptureTask2                   
20003898  errno                          
200038a4  SystemCoreClock                
2000fe00  __stack                        
20010000  __STACK_END                    
4000480c  WDTCTL_SYM                     
ffffffff  __TI_pprof_out_hndl            
ffffffff  __TI_prof_data_size            
ffffffff  __TI_prof_data_start           
ffffffff  __binit__                      
ffffffff  __c_args__                     
ffffffff  binit                          
UNDEFED   __mpu_init                     
UNDEFED   _system_post_cinit             

[327 symbols]
