******************************************************************************
                  TI ARM Linker PC v18.1.4                     
******************************************************************************
>> Linked Fri Jan  4 09:53:39 2019

OUTPUT FILE NAME:   <motor_ctrl.out>
ENTRY POINT SYMBOL: "_c_int00_noargs"  address: 00005a55


MEMORY CONFIGURATION

         name            origin    length      used     unused   attr    fill
----------------------  --------  ---------  --------  --------  ----  --------
  MAIN                  00000000   00040000  000061a4  00039e5c  R  X
  INFO                  00200000   00004000  00000000  00004000  R  X
  SRAM_CODE             01000000   00010000  00003cbf  0000c341  RW X
  SRAM_DATA             20000000   00010000  00003cbf  0000c341  RW  


SEGMENT ALLOCATION MAP

run origin  load origin   length   init length attrs members
----------  ----------- ---------- ----------- ----- -------
00000000    00000000    000061a8   000061a8    r-x
  00000000    00000000    000000e4   000000e4    r-- .intvecs
  000000e4    000000e4    00005cd4   00005cd4    r-x .text
  00005db8    00005db8    0000032c   0000032c    r-- .const
  000060e8    000060e8    000000c0   000000c0    r-- .cinit
20000000    20000000    00003ac4   00000000    rw-
  20000000    20000000    00003463   00000000    rw- .bss
  20003468    20003468    00000400   00000000    rw- .sysmem
  20003868    20003868    0000025c   00000000    rw- .data
2000fe00    2000fe00    00000200   00000000    rw-
  2000fe00    2000fe00    00000200   00000000    rw- .stack


SECTION ALLOCATION MAP

 output                                  attributes/
section   page    origin      length       input sections
--------  ----  ----------  ----------   ----------------
.intvecs   0    00000000    000000e4     
                  00000000    000000e4     startup_msp432p401r_ccs.obj (.intvecs:retain)

.text      0    000000e4    00005cd4     
                  000000e4    00000a5e     rtsv7M4_T_le_v4SPD16_eabi.lib : _printfi.c.obj (.text:__TI_printfi)
                  00000b42    00000002                                   : _lock.c.obj (.text:_nop)
                  00000b44    00000a4c     main.obj (.text)
                  00001590    0000093c     Nokia5110.obj (.text)
                  00001ecc    000006bc     UART0.obj (.text)
                  00002588    00000334     system_msp432p401r.obj (.text)
                  000028bc    00000308     LPF.obj (.text)
                  00002bc4    000002ec     ADC14.obj (.text)
                  00002eb0    00000270     rtsv7M4_T_le_v4SPD16_eabi.lib : _printfi.c.obj (.text:_pconv_a)
                  00003120    00000228     PWM.obj (.text)
                  00003348    000001e8     Reflectance.obj (.text)
                  00003530    000001e0     Clock.obj (.text)
                  00003710    000001d0     rtsv7M4_T_le_v4SPD16_eabi.lib : _printfi.c.obj (.text:_pconv_g)
                  000038e0    000001b6                                   : fd_add_t2.asm.obj (.text)
                  00003a96    00000002                                   : div0.asm.obj (.text)
                  00003a98    0000018c     Motor.obj (.text)
                  00003c24    00000168     Tachometer.obj (.text)
                  00003d8c    0000013c     rtsv7M4_T_le_v4SPD16_eabi.lib : _printfi.c.obj (.text:_pconv_e)
                  00003ec8    00000136                                   : fd_div_t2.asm.obj (.text)
                  00003ffe    00000002     --HOLE-- [fill = 0]
                  00004000    00000134     TA3InputCapture.obj (.text)
                  00004134    00000124     rtsv7M4_T_le_v4SPD16_eabi.lib : _printfi.c.obj (.text:fcvt)
                  00004258    00000114                                   : fputs.c.obj (.text:fputs)
                  0000436c    00000110                                   : s_scalbn.c.obj (.text:scalbn)
                  0000447c    000000fc                                   : fd_mul_t2.asm.obj (.text)
                  00004578    000000f4     LaunchPad.obj (.text)
                  0000466c    000000dc     rtsv7M4_T_le_v4SPD16_eabi.lib : setvbuf.c.obj (.text:setvbuf)
                  00004748    000000d8                                   : memory.c.obj (.text:free)
                  00004820    000000d0                                   : fopen.c.obj (.text:_openfile)
                  000048f0    000000bc                                   : open.c.obj (.text:open)
                  000049ac    000000b8                                   : add_device.c.obj (.text:add_device)
                  00004a64    000000b1                                   : _printfi.c.obj (.text:_ltostr)
                  00004b15    00000003     --HOLE-- [fill = 0]
                  00004b18    000000a8     TimerA1.obj (.text)
                  00004bc0    0000009c     rtsv7M4_T_le_v4SPD16_eabi.lib : fopen.c.obj (.text:fopen)
                  00004c5c    0000009c                                   : memcpy_t2.asm.obj (.text)
                  00004cf8    00000096                                   : ull_div_t2.asm.obj (.text)
                  00004d8e    00000002     --HOLE-- [fill = 0]
                  00004d90    0000008c                                   : fputc.c.obj (.text:fputc)
                  00004e1c    00000086                                   : fd_cmp_t2.asm.obj (.text:__aeabi_cdcmple)
                  00004ea2    00000086                                   : fd_cmp_t2.asm.obj (.text:__aeabi_cdrcmple)
                  00004f28    0000007c     IRDistance.obj (.text)
                  00004fa4    0000007a     rtsv7M4_T_le_v4SPD16_eabi.lib : memset_t2.asm.obj (.text)
                  0000501e    00000002     --HOLE-- [fill = 0]
                  00005020    00000078     Bump.obj (.text)
                  00005098    00000078     rtsv7M4_T_le_v4SPD16_eabi.lib : memory.c.obj (.text:malloc)
                  00005110    00000074                                   : fclose.c.obj (.text:__TI_closefile)
                  00005184    0000006e                                   : _printfi.c.obj (.text:_mcpy)
                  000051f2    00000002     --HOLE-- [fill = 0]
                  000051f4    00000068                                   : hostlseek.c.obj (.text:HOSTlseek)
                  0000525c    00000068                                   : hostrename.c.obj (.text:HOSTrename)
                  000052c4    00000068                                   : copy_decompress_lzss.c.obj (.text:decompress:lzss:__TI_decompress_lzss)
                  0000532c    00000068                                   : printf.c.obj (.text:printf)
                  00005394    00000064                                   : s_frexp.c.obj (.text:frexp)
                  000053f8    00000064                                   : fseek.c.obj (.text:fseek)
                  0000545c    00000062                                   : _io_perm.c.obj (.text:__TI_wrt_ok)
                  000054be    00000002     --HOLE-- [fill = 0]
                  000054c0    00000060                                   : hostopen.c.obj (.text:HOSTopen)
                  00005520    0000005c                                   : close.c.obj (.text:close)
                  0000557c    00000058                                   : hostread.c.obj (.text:HOSTread)
                  000055d4    00000058                                   : hostwrite.c.obj (.text:HOSTwrite)
                  0000562c    00000056                                   : _printfi.c.obj (.text:_pconv_f)
                  00005682    00000054                                   : ltoa.c.obj (.text:ltoa)
                  000056d6    00000052                                   : _printfi.c.obj (.text:_ecpy)
                  00005728    0000004c                                   : fflush.c.obj (.text:__TI_doflush)
                  00005774    0000004c                                   : atoi.c.obj (.text:atoi)
                  000057c0    00000048                                   : exit.c.obj (.text:exit)
                  00005808    00000048                                   : fd_toi_t2.asm.obj (.text)
                  00005850    00000044                                   : hostclose.c.obj (.text:HOSTclose)
                  00005894    00000044                                   : hostunlink.c.obj (.text:HOSTunlink)
                  000058d8    00000044                                   : autoinit.c.obj (.text:__TI_auto_init_nobinit_nopinit:__TI_auto_init_nobinit_nopinit)
                  0000591c    00000044                                   : getdevice.c.obj (.text:getdevice)
                  00005960    00000040     SysTickInts.obj (.text)
                  000059a0    0000003e     rtsv7M4_T_le_v4SPD16_eabi.lib : _printfi.c.obj (.text:_fcpy)
                  000059de    00000002     --HOLE-- [fill = 0]
                  000059e0    0000003c                                   : memory.c.obj (.text:minsert)
                  00005a1c    00000038                                   : trgmsg.c.obj (.text:__TI_writemsg)
                  00005a54    00000038                                   : boot_cortex_m.c.obj (.text:_c_int00_noargs:_c_int00_noargs)
                  00005a8c    00000038                                   : memory.c.obj (.text:minit)
                  00005ac4    00000036                                   : strncpy.c.obj (.text:strncpy)
                  00005afa    00000002     --HOLE-- [fill = 0]
                  00005afc    00000034                                   : fopen.c.obj (.text:__TI_cleanup)
                  00005b30    00000034                                   : trgmsg.c.obj (.text:__TI_readmsg)
                  00005b64    00000034                                   : fopen.c.obj (.text:freopen)
                  00005b98    00000030                                   : getdevice.c.obj (.text:finddevice)
                  00005bc8    0000002e                                   : i_tofd_t2.asm.obj (.text)
                  00005bf6    00000002     --HOLE-- [fill = 0]
                  00005bf8    0000002c                                   : unlink.c.obj (.text:unlink)
                  00005c24    00000028                                   : lseek.c.obj (.text:lseek)
                  00005c4c    00000028                                   : memory.c.obj (.text:mremove)
                  00005c74    00000028                                   : write.c.obj (.text:write)
                  00005c9c    00000024     CortexM.obj (.text)
                  00005cc0    00000020     rtsv7M4_T_le_v4SPD16_eabi.lib : memchr.c.obj (.text:memchr)
                  00005ce0    0000001c                                   : memccpy.c.obj (.text:memccpy)
                  00005cfc    00000018                                   : strcmp.c.obj (.text:strcmp)
                  00005d14    00000016                                   : strchr.c.obj (.text:strchr)
                  00005d2a    00000014                                   : s_copysign.c.obj (.text:copysign)
                  00005d3e    00000014                                   : strcpy.c.obj (.text:strcpy)
                  00005d52    00000014                                   : strlen.c.obj (.text:strlen)
                  00005d66    00000012                                   : wcslen.c.obj (.text:wcslen)
                  00005d78    0000000e                                   : copy_decompress_none.c.obj (.text:decompress:none:__TI_decompress_none)
                  00005d86    0000000e     startup_msp432p401r_ccs.obj (.text)
                  00005d94    0000000c     rtsv7M4_T_le_v4SPD16_eabi.lib : copy_zero_init.c.obj (.text:decompress:ZI:__TI_zero_init)
                  00005da0    00000008                                   : errno.c.obj (.text:__aeabi_errno_addr)
                  00005da8    00000004                                   : printf.c.obj (.text:_outc)
                  00005dac    00000004                                   : printf.c.obj (.text:_outs)
                  00005db0    00000004                                   : pre_init.c.obj (.text:_system_pre_init)
                  00005db4    00000004                                   : exit.c.obj (.text:abort:abort)

.const     0    00005db8    0000032c     
                  00005db8    000001e0     Nokia5110.obj (.const:ASCII)
                  00005f98    00000101     rtsv7M4_T_le_v4SPD16_eabi.lib : ctype.c.obj (.const:.string:_ctypes_)
                  00006099    00000003     --HOLE-- [fill = 0]
                  0000609c    00000020     Reflectance.obj (.const:Mask)
                  000060bc    00000020     Reflectance.obj (.const:Weight)
                  000060dc    00000008     Nokia5110.obj (.const:.string:Masks)

.cinit     0    000060e8    000000c0     
                  000060e8    00000095     (.cinit..data.load) [load image, compression = lzss]
                  0000617d    00000003     --HOLE-- [fill = 0]
                  00006180    0000000c     (__TI_handler_table)
                  0000618c    00000004     --HOLE-- [fill = 0]
                  00006190    00000008     (.cinit..bss.load) [load image, compression = zero_init]
                  00006198    00000010     (__TI_cinit_table)

.init_array 
*          0    00000000    00000000     UNINITIALIZED

.binit     0    00000000    00000000     

.bss       0    20000000    00003463     UNINITIALIZED
                  20000000    00001000     (.common:x)
                  20001000    00001000     (.common:x2)
                  20002000    00001000     (.common:x3)
                  20003000    000001f8     (.common:Screen)
                  200031f8    00000120     rtsv7M4_T_le_v4SPD16_eabi.lib : trgmsg.c.obj (.bss:_CIOBUF_)
                  20003318    000000a0     (.common:__TI_tmpnams)
                  200033b8    00000014     (.common:LeftTach)
                  200033cc    00000014     (.common:RightTach)
                  200033e0    00000008     (.common:Messageb)
                  200033e8    00000008     (.common:parmbuf)
                  200033f0    00000004     (.common:ADCflag)
                  200033f4    00000004     (.common:Center)
                  200033f8    00000004     (.common:ControllerFlag)
                  200033fc    00000004     (.common:Error)
                  20003400    00000004     (.common:I1)
                  20003404    00000004     (.common:LPFSum)
                  20003408    00000004     (.common:LPFSum2)
                  2000340c    00000004     (.common:LPFSum3)
                  20003410    00000004     (.common:Left)
                  20003414    00000004     (.common:LeftSteps)
                  20003418    00000004     (.common:Messageindexb)
                  2000341c    00000004     (.common:Position)
                  20003420    00000004     (.common:Pt)
                  20003424    00000004     (.common:Pt2)
                  20003428    00000004     (.common:Pt3)
                  2000342c    00000004     (.common:Right)
                  20003430    00000004     (.common:RightSteps)
                  20003434    00000004     (.common:Size)
                  20003438    00000004     (.common:Time)
                  2000343c    00000004     (.common:TimerA1Task)
                  20003440    00000004     (.common:UL)
                  20003444    00000004     (.common:UR)
                  20003448    00000004     (.common:nc)
                  2000344c    00000004     (.common:nl)
                  20003450    00000004     (.common:nr)
                  20003454    00000002     (.common:ActualL)
                  20003456    00000002     (.common:ActualR)
                  20003458    00000002     (.common:Tachometer_FirstLeftTime)
                  2000345a    00000002     (.common:Tachometer_FirstRightTime)
                  2000345c    00000002     (.common:Tachometer_SecondLeftTime)
                  2000345e    00000002     (.common:Tachometer_SecondRightTime)
                  20003460    00000001     (.common:LeftDir)
                  20003461    00000001     (.common:LineData)
                  20003462    00000001     (.common:RightDir)

.sysmem    0    20003468    00000400     UNINITIALIZED
                  20003468    00000008     rtsv7M4_T_le_v4SPD16_eabi.lib : memory.c.obj (.sysmem)
                  20003470    000003f8     --HOLE--

.data      0    20003868    0000025c     UNINITIALIZED
                  20003868    000000f0     rtsv7M4_T_le_v4SPD16_eabi.lib : defs.c.obj (.data:_ftable)
                  20003958    00000078                                   : write.c.obj (.data:_device)
                  200039d0    00000050                                   : write.c.obj (.data:_stream)
                  20003a20    00000034     main.obj (.data)
                  20003a54    00000018     Clock.obj (.data)
                  20003a6c    00000010     rtsv7M4_T_le_v4SPD16_eabi.lib : defs.c.obj (.data)
                  20003a7c    0000000c                                   : exit.c.obj (.data:$O1$$)
                  20003a88    0000000c                                   : memory.c.obj (.data:$O1$$)
                  20003a94    0000000a     Tachometer.obj (.data)
                  20003a9e    00000002     --HOLE--
                  20003aa0    00000008     rtsv7M4_T_le_v4SPD16_eabi.lib : _lock.c.obj (.data:$O1$$)
                  20003aa8    00000008     TA3InputCapture.obj (.data)
                  20003ab0    00000004     rtsv7M4_T_le_v4SPD16_eabi.lib : add_device.c.obj (.data)
                  20003ab4    00000004                                   : errno.c.obj (.data)
                  20003ab8    00000004                                   : fopen.c.obj (.data)
                  20003abc    00000004                                   : open.c.obj (.data)
                  20003ac0    00000004     system_msp432p401r.obj (.data)

.stack     0    2000fe00    00000200     UNINITIALIZED
                  2000fe00    00000004     rtsv7M4_T_le_v4SPD16_eabi.lib : boot_cortex_m.c.obj (.stack)
                  2000fe04    000001fc     --HOLE--

MODULE SUMMARY

       Module                        code    ro data   rw data
       ------                        ----    -------   -------
    .\
       LPF.obj                       776     0         24640  
       Nokia5110.obj                 2364    488       1008   
       main.obj                      2636    0         318    
       UART0.obj                     1724    0         24     
       system_msp432p401r.obj        820     0         8      
       ADC14.obj                     748     0         0      
       PWM.obj                       552     0         0      
       Reflectance.obj               488     64        0      
       Clock.obj                     480     0         48     
       Motor.obj                     396     0         0      
       Tachometer.obj                360     0         36     
       TA3InputCapture.obj           308     0         16     
       LaunchPad.obj                 244     0         0      
       startup_msp432p401r_ccs.obj   14      228       0      
       TimerA1.obj                   168     0         8      
       IRDistance.obj                124     0         0      
       Bump.obj                      120     0         0      
       SysTickInts.obj               64      0         0      
       CortexM.obj                   36      0         0      
    +--+-----------------------------+-------+---------+---------+
       Total:                        12422   780       26106  
                                                              
    C:\ti\ccsv8\tools\compiler\ti-cgt-arm_18.1.4.LTS\lib\rtsv7M4_T_le_v4SPD16_eabi.lib
       _printfi.c.obj                4867    0         0      
       defs.c.obj                    0       0         832    
       trgmsg.c.obj                  108     0         576    
       memory.c.obj                  492     0         24     
       fopen.c.obj                   468     0         8      
       write.c.obj                   40      0         400    
       fd_add_t2.asm.obj             438     0         0      
       fd_div_t2.asm.obj             310     0         0      
       fputs.c.obj                   276     0         0      
       s_scalbn.c.obj                272     0         0      
       fd_cmp_t2.asm.obj             268     0         0      
       ctype.c.obj                   0       257       0      
       fd_mul_t2.asm.obj             252     0         0      
       setvbuf.c.obj                 220     0         0      
       open.c.obj                    188     0         8      
       add_device.c.obj              184     0         8      
       memcpy_t2.asm.obj             156     0         0      
       ull_div_t2.asm.obj            150     0         0      
       fputc.c.obj                   140     0         0      
       memset_t2.asm.obj             122     0         0      
       fclose.c.obj                  116     0         0      
       getdevice.c.obj               116     0         0      
       hostopen.c.obj                96      0         16     
       printf.c.obj                  112     0         0      
       copy_decompress_lzss.c.obj    104     0         0      
       hostlseek.c.obj               104     0         0      
       hostrename.c.obj              104     0         0      
       exit.c.obj                    76      0         24     
       fseek.c.obj                   100     0         0      
       s_frexp.c.obj                 100     0         0      
       _io_perm.c.obj                98      0         0      
       close.c.obj                   92      0         0      
       hostread.c.obj                88      0         0      
       hostwrite.c.obj               88      0         0      
       ltoa.c.obj                    84      0         0      
       atoi.c.obj                    76      0         0      
       fflush.c.obj                  76      0         0      
       fd_toi_t2.asm.obj             72      0         0      
       autoinit.c.obj                68      0         0      
       hostclose.c.obj               68      0         0      
       hostunlink.c.obj              68      0         0      
       boot_cortex_m.c.obj           56      0         0      
       strncpy.c.obj                 54      0         0      
       i_tofd_t2.asm.obj             46      0         0      
       unlink.c.obj                  44      0         0      
       lseek.c.obj                   40      0         0      
       memchr.c.obj                  32      0         0      
       memccpy.c.obj                 28      0         0      
       strcmp.c.obj                  24      0         0      
       strchr.c.obj                  22      0         0      
       s_copysign.c.obj              20      0         0      
       strcpy.c.obj                  20      0         0      
       strlen.c.obj                  20      0         0      
       _lock.c.obj                   2       0         16     
       wcslen.c.obj                  18      0         0      
       errno.c.obj                   8       0         8      
       copy_decompress_none.c.obj    14      0         0      
       copy_zero_init.c.obj          12      0         0      
       pre_init.c.obj                4       0         0      
       div0.asm.obj                  2       0         0      
    +--+-----------------------------+-------+---------+---------+
       Total:                        11323   257       1920   
                                                              
       Heap:                         0       0         2048   
       Stack:                        0       0         1024   
       Linker Generated:             0       185       0      
    +--+-----------------------------+-------+---------+---------+
       Grand Total:                  23745   1222      31098  


LINKER GENERATED COPY TABLES

__TI_cinit_table @ 00006198 records: 2, size/record: 8, table size: 16
	.data: load addr=000060e8, load size=00000095 bytes, run addr=20003868, run size=0000025c bytes, compression=lzss
	.bss: load addr=00006190, load size=00000008 bytes, run addr=20000000, run size=00003463 bytes, compression=zero_init


LINKER GENERATED HANDLER TABLE

__TI_handler_table @ 00006180 records: 3, size/record: 4, table size: 12
	index: 0, handler: __TI_decompress_lzss
	index: 1, handler: __TI_decompress_none
	index: 2, handler: __TI_zero_init


GLOBAL SYMBOLS: SORTED ALPHABETICALLY BY Name 

address   name                           
-------   ----                           
00002cc1  ADC0_InitSWTriggerCh12         
00002d31  ADC0_InitSWTriggerCh17_12_16   
00002de1  ADC0_InitSWTriggerCh19         
00002bc5  ADC0_InitSWTriggerCh6          
00002c35  ADC0_InitSWTriggerCh67         
00005d93  ADC14_IRQHandler               
00002d11  ADC_In12                       
00002da1  ADC_In17_12_16                 
00002e31  ADC_In19                       
00002c15  ADC_In6                        
00002c8b  ADC_In67                       
200033f0  ADCflag                        
00005d93  AES256_IRQHandler              
20003454  ActualL                        
20003456  ActualR                        
00005021  Bump_Init                      
00005055  Bump_Read                      
00005d93  BusFault_Handler               
00005db5  C$$EXIT                        
00005a4b  C$$IO$$                        
00005d93  COMP_E0_IRQHandler             
00005d93  COMP_E1_IRQHandler             
20003a5c  CPMwait                        
00005d93  CS_IRQHandler                  
20003aa8  CaptureTask0                   
20003aac  CaptureTask2                   
200033f4  Center                         
00004f51  CenterConvert                  
20003a54  ClockFrequency                 
00003685  Clock_Delay1ms                 
0000365b  Clock_Delay1us                 
00003647  Clock_GetFreq                  
00003531  Clock_Init48MHz                
000012d5  Controller                     
200033f8  ControllerFlag                 
20003a68  Crystalstable                  
00005d93  DMA_ERR_IRQHandler             
00005d93  DMA_INT0_IRQHandler            
00005d93  DMA_INT1_IRQHandler            
00005d93  DMA_INT2_IRQHandler            
00005d93  DMA_INT3_IRQHandler            
00005d93  DebugMon_Handler               
00005d93  Default_Handler                
20003a30  DesiredL                       
20003a32  DesiredR                       
00005c9d  DisableInterrupts              
00005d93  EUSCIA0_IRQHandler             
00005d93  EUSCIA1_IRQHandler             
00005d93  EUSCIA2_IRQHandler             
00005d93  EUSCIA3_IRQHandler             
00005d93  EUSCIB0_IRQHandler             
00005d93  EUSCIB1_IRQHandler             
00005d93  EUSCIB2_IRQHandler             
00005d93  EUSCIB3_IRQHandler             
00005ca3  EnableInterrupts               
00005cb3  EndCritical                    
200033fc  Error                          
00005d93  FLCTL_IRQHandler               
00005d93  FPU_IRQHandler                 
00005851  HOSTclose                      
000051f5  HOSTlseek                      
000054c1  HOSTopen                       
0000557d  HOSTread                       
0000525d  HOSTrename                     
00005895  HOSTunlink                     
000055d5  HOSTwrite                      
00005d93  HardFault_Handler              
20003400  I1                             
20003a64  IFlags                         
00000b45  IRsampling                     
20003a24  Ki                             
20003a28  Kp                             
20003a38  Kp3                            
00000b9b  LCDClear1                      
000011bd  LCDClear3                      
00000baf  LCDOut1                        
0000122d  LCDOut3                        
20003404  LPFSum                         
20003408  LPFSum2                        
2000340c  LPFSum3                        
000029d1  LPF_Calc                       
00002a79  LPF_Calc2                      
00002b3d  LPF_Calc3                      
00002911  LPF_Calc_old                   
00002973  LPF_Init                       
00002a25  LPF_Init2                      
00002adb  LPF_Init3                      
000028bd  LPF_Init_old                   
00004579  LaunchPad_Init                 
000045e9  LaunchPad_Input                
00004603  LaunchPad_LED                  
00004621  LaunchPad_Output               
20003410  Left                           
00004f29  LeftConvert                    
20003460  LeftDir                        
20003a34  LeftDuty                       
20003414  LeftSteps                      
200033b8  LeftTach                       
20003461  LineData                       
0000609c  Mask                           
000060dc  Masks                          
00005d93  MemManage_Handler              
200033e0  Messageb                       
20003418  Messageindexb                  
20003a20  Mode                           
00003bc7  Motor_Backward                 
00003aff  Motor_Forward                  
00003a99  Motor_Init                     
00003b81  Motor_Left                     
00003b3b  Motor_Right                    
00003aeb  Motor_Stop                     
00005d93  NMI_Handler                    
00001c01  Nokia5110_Clear                
00001e43  Nokia5110_ClearBuffer          
00001e77  Nokia5110_ClrPxl               
00001e6d  Nokia5110_DisplayBuffer        
00001c2d  Nokia5110_DrawFullImage        
000015e7  Nokia5110_Init                 
00001691  Nokia5110_OutChar              
00001901  Nokia5110_OutSDec              
000016d1  Nokia5110_OutString            
000016ef  Nokia5110_OutUDec              
00001b37  Nokia5110_OutUFix1             
00001c5f  Nokia5110_PrintBMP             
00001bc5  Nokia5110_SetCursor            
00001e9d  Nokia5110_SetPxl               
00005d93  PCM_IRQHandler                 
00005d93  PORT1_IRQHandler               
00005d93  PORT2_IRQHandler               
00005d93  PORT3_IRQHandler               
00005d93  PORT4_IRQHandler               
00005d93  PORT5_IRQHandler               
00005d93  PORT6_IRQHandler               
00005d93  PSS_IRQHandler                 
0000320b  PWM_Duty1                      
0000322b  PWM_Duty2                      
000032cf  PWM_Duty3                      
000032ef  PWM_Duty4                      
00003121  PWM_Init1                      
00003187  PWM_Init12                     
0000324b  PWM_Init34                     
00000d2d  Pause                          
000013cd  Pause3                         
00005d93  PendSV_Handler                 
2000341c  Position                       
20003a60  Postwait                       
20003a58  Prewait                        
20003420  Pt                             
20003424  Pt2                            
20003428  Pt3                            
00005d93  RTC_C_IRQHandler               
000033c9  Reflectance_Center             
000034e7  Reflectance_End                
00003349  Reflectance_Init               
000033db  Reflectance_Init2              
0000345b  Reflectance_Position           
00003385  Reflectance_Read               
0000341d  Reflectance_Read2              
000034c1  Reflectance_Start              
00005d87  Reset_Handler                  
2000342c  Right                          
00004f79  RightConvert                   
20003462  RightDir                       
20003a36  RightDuty                      
20003430  RightSteps                     
200033cc  RightTach                      
00005d93  SVC_Handler                    
20003000  Screen                         
20003a2c  SetPoint                       
20003434  Size                           
00005ca9  StartCritical                  
00000c43  SysTick_Handler                
00000c43  SysTick_Handler                
00005961  SysTick_Init                   
20003ac0  SystemCoreClock                
00002589  SystemCoreClockUpdate          
00002801  SystemInit                     
00005d93  T32_INT1_IRQHandler            
00005d93  T32_INT2_IRQHandler            
00005d93  T32_INTC_IRQHandler            
00005d93  TA0_0_IRQHandler               
00005d93  TA0_N_IRQHandler               
00004b8b  TA1_0_IRQHandler               
00004b8b  TA1_0_IRQHandler               
00005d93  TA1_N_IRQHandler               
00005d93  TA2_0_IRQHandler               
00005d93  TA2_N_IRQHandler               
000040bf  TA3_0_IRQHandler               
000040bf  TA3_0_IRQHandler               
000040d9  TA3_N_IRQHandler               
000040d9  TA3_N_IRQHandler               
20003458  Tachometer_FirstLeftTime       
2000345a  Tachometer_FirstRightTime      
00003cf9  Tachometer_Get                 
00003cb1  Tachometer_Init                
20003a9d  Tachometer_LeftDir             
20003a98  Tachometer_LeftSteps           
20003a9c  Tachometer_RightDir            
20003a94  Tachometer_RightSteps          
2000345c  Tachometer_SecondLeftTime      
2000345e  Tachometer_SecondRightTime     
000015bb  Testlcdcommandwrite            
20003438  Time                           
2000343c  TimerA1Task                    
00004b19  TimerA1_Init                   
00004b77  TimerA1_Stop                   
0000400d  TimerA3Capture_Init            
00001f13  UART0_InChar                   
0000239d  UART0_InString                 
00001f5d  UART0_InUDec                   
00002251  UART0_InUHex                   
00001ecd  UART0_Init                     
000024fd  UART0_Initprintf               
00001f23  UART0_OutChar                  
00001f3f  UART0_OutString                
00001fe1  UART0_OutUDec                  
0000214d  UART0_OutUDec4                 
000021a1  UART0_OutUDec5                 
000021dd  UART0_OutUFix1                 
00002205  UART0_OutUFix2                 
00002315  UART0_OutUHex                  
00002381  UART0_OutUHex2                 
20003440  UL                             
20003444  UR                             
00005d93  UsageFault_Handler             
4000480c  WDTCTL_SYM                     
00005d93  WDT_A_IRQHandler               
00005cbb  WaitForInterrupt               
000060bc  Weight                         
200031f8  __CIOBUF_                      
20010000  __STACK_END                    
00000200  __STACK_SIZE                   
00000400  __SYSMEM_SIZE                  
00006198  __TI_CINIT_Base                
000061a8  __TI_CINIT_Limit               
00006180  __TI_Handler_Table_Base        
0000618c  __TI_Handler_Table_Limit       
000058d9  __TI_auto_init_nobinit_nopinit 
00005afd  __TI_cleanup                   
20003a7c  __TI_cleanup_ptr               
00005111  __TI_closefile                 
000052c5  __TI_decompress_lzss           
00005d79  __TI_decompress_none           
00005729  __TI_doflush                   
20003a80  __TI_dtors_ptr                 
20003a84  __TI_enable_exit_profile_output
20003a6c  __TI_ft_end                    
ffffffff  __TI_pprof_out_hndl            
000000e5  __TI_printfi                   
ffffffff  __TI_prof_data_size            
ffffffff  __TI_prof_data_start           
00005b31  __TI_readmsg                   
00000000  __TI_static_base__             
20003318  __TI_tmpnams                   
00005a1d  __TI_writemsg                  
0000545d  __TI_wrt_ok                    
00005d95  __TI_zero_init                 
00004e1d  __aeabi_cdcmpeq                
00004e1d  __aeabi_cdcmple                
00004ea3  __aeabi_cdrcmple               
00005809  __aeabi_d2iz                   
000038eb  __aeabi_dadd                   
00003ec9  __aeabi_ddiv                   
0000447d  __aeabi_dmul                   
000038e1  __aeabi_dsub                   
00005da1  __aeabi_errno_addr             
00005bc9  __aeabi_i2d                    
00003a97  __aeabi_idiv0                  
00003a97  __aeabi_ldiv0                  
00004fa5  __aeabi_memclr                 
00004fa5  __aeabi_memclr4                
00004fa5  __aeabi_memclr8                
00004c5d  __aeabi_memcpy                 
00004c5d  __aeabi_memcpy4                
00004c5d  __aeabi_memcpy8                
00004fa7  __aeabi_memset                 
00004fa7  __aeabi_memset4                
00004fa7  __aeabi_memset8                
20003a78  __aeabi_stderr                 
20003a70  __aeabi_stdin                  
20003a74  __aeabi_stdout                 
00004cf9  __aeabi_uldivmod               
ffffffff  __binit__                      
ffffffff  __c_args__                     
UNDEFED   __mpu_init                     
2000fe00  __stack                        
00005a55  _c_int00_noargs                
00005f98  _ctypes_                       
20003958  _device                        
20003868  _ftable                        
20003aa0  _lock                          
00000b43  _nop                           
200039d0  _stream                        
20003468  _sys_memory                    
UNDEFED   _system_post_cinit             
00005db1  _system_pre_init               
20003aa4  _unlock                        
00005db5  abort                          
000049ad  add_device                     
00005775  atoi                           
00000f21  avg                            
ffffffff  binit                          
20003a3c  change                         
00005521  close                          
00005d2b  copysign                       
00005d2b  copysignl                      
0000364d  delay                          
20003ab4  errno                          
000057c1  exit                           
00002437  ferror                         
00002417  fgetc                          
00005b99  finddevice                     
00004bc1  fopen                          
00004d91  fputc                          
00004259  fputs                          
00004749  free                           
00005b65  freopen                        
00005395  frexp                          
00005395  frexpl                         
000053f9  fseek                          
0000591d  getdevice                      
00000000  interruptVectors               
0000436d  ldexp                          
0000436d  ldexpl                         
00005c25  lseek                          
00005683  ltoa                           
00000f85  main                           
00000e65  mainProportialControl          
000014fd  mainreal                       
00005099  malloc                         
00005ce1  memccpy                        
00005cc1  memchr                         
00004c5d  memcpy                         
00004fad  memset                         
00005a8d  minit                          
20003448  nc                             
2000344c  nl                             
20003450  nr                             
000048f1  open                           
00002359  outnibble                      
200033e8  parmbuf                        
0000532d  printf                         
00004d91  putc                           
00005bf9  remove                         
0000436d  scalbn                         
0000436d  scalbnl                        
0000466d  setvbuf                        
00005d15  strchr                         
00005cfd  strcmp                         
00005d3f  strcpy                         
00005d53  strlen                         
00005ac5  strncpy                        
00004001  ta3dummy                       
00003c6b  tachometerLeftInt              
00003c25  tachometerRightInt             
00002455  uart_close                     
000024d3  uart_lseek                     
00002445  uart_open                      
00002467  uart_read                      
000024ef  uart_rename                    
000024e3  uart_unlink                    
00002491  uart_write                     
00005bf9  unlink                         
00005d67  wcslen                         
00005c75  write                          
20000000  x                              
20001000  x2                             
20002000  x3                             


GLOBAL SYMBOLS: SORTED BY Symbol Address 

address   name                           
-------   ----                           
00000000  __TI_static_base__             
00000000  interruptVectors               
000000e5  __TI_printfi                   
00000200  __STACK_SIZE                   
00000400  __SYSMEM_SIZE                  
00000b43  _nop                           
00000b45  IRsampling                     
00000b9b  LCDClear1                      
00000baf  LCDOut1                        
00000c43  SysTick_Handler                
00000c43  SysTick_Handler                
00000d2d  Pause                          
00000e65  mainProportialControl          
00000f21  avg                            
00000f85  main                           
000011bd  LCDClear3                      
0000122d  LCDOut3                        
000012d5  Controller                     
000013cd  Pause3                         
000014fd  mainreal                       
000015bb  Testlcdcommandwrite            
000015e7  Nokia5110_Init                 
00001691  Nokia5110_OutChar              
000016d1  Nokia5110_OutString            
000016ef  Nokia5110_OutUDec              
00001901  Nokia5110_OutSDec              
00001b37  Nokia5110_OutUFix1             
00001bc5  Nokia5110_SetCursor            
00001c01  Nokia5110_Clear                
00001c2d  Nokia5110_DrawFullImage        
00001c5f  Nokia5110_PrintBMP             
00001e43  Nokia5110_ClearBuffer          
00001e6d  Nokia5110_DisplayBuffer        
00001e77  Nokia5110_ClrPxl               
00001e9d  Nokia5110_SetPxl               
00001ecd  UART0_Init                     
00001f13  UART0_InChar                   
00001f23  UART0_OutChar                  
00001f3f  UART0_OutString                
00001f5d  UART0_InUDec                   
00001fe1  UART0_OutUDec                  
0000214d  UART0_OutUDec4                 
000021a1  UART0_OutUDec5                 
000021dd  UART0_OutUFix1                 
00002205  UART0_OutUFix2                 
00002251  UART0_InUHex                   
00002315  UART0_OutUHex                  
00002359  outnibble                      
00002381  UART0_OutUHex2                 
0000239d  UART0_InString                 
00002417  fgetc                          
00002437  ferror                         
00002445  uart_open                      
00002455  uart_close                     
00002467  uart_read                      
00002491  uart_write                     
000024d3  uart_lseek                     
000024e3  uart_unlink                    
000024ef  uart_rename                    
000024fd  UART0_Initprintf               
00002589  SystemCoreClockUpdate          
00002801  SystemInit                     
000028bd  LPF_Init_old                   
00002911  LPF_Calc_old                   
00002973  LPF_Init                       
000029d1  LPF_Calc                       
00002a25  LPF_Init2                      
00002a79  LPF_Calc2                      
00002adb  LPF_Init3                      
00002b3d  LPF_Calc3                      
00002bc5  ADC0_InitSWTriggerCh6          
00002c15  ADC_In6                        
00002c35  ADC0_InitSWTriggerCh67         
00002c8b  ADC_In67                       
00002cc1  ADC0_InitSWTriggerCh12         
00002d11  ADC_In12                       
00002d31  ADC0_InitSWTriggerCh17_12_16   
00002da1  ADC_In17_12_16                 
00002de1  ADC0_InitSWTriggerCh19         
00002e31  ADC_In19                       
00003121  PWM_Init1                      
00003187  PWM_Init12                     
0000320b  PWM_Duty1                      
0000322b  PWM_Duty2                      
0000324b  PWM_Init34                     
000032cf  PWM_Duty3                      
000032ef  PWM_Duty4                      
00003349  Reflectance_Init               
00003385  Reflectance_Read               
000033c9  Reflectance_Center             
000033db  Reflectance_Init2              
0000341d  Reflectance_Read2              
0000345b  Reflectance_Position           
000034c1  Reflectance_Start              
000034e7  Reflectance_End                
00003531  Clock_Init48MHz                
00003647  Clock_GetFreq                  
0000364d  delay                          
0000365b  Clock_Delay1us                 
00003685  Clock_Delay1ms                 
000038e1  __aeabi_dsub                   
000038eb  __aeabi_dadd                   
00003a97  __aeabi_idiv0                  
00003a97  __aeabi_ldiv0                  
00003a99  Motor_Init                     
00003aeb  Motor_Stop                     
00003aff  Motor_Forward                  
00003b3b  Motor_Right                    
00003b81  Motor_Left                     
00003bc7  Motor_Backward                 
00003c25  tachometerRightInt             
00003c6b  tachometerLeftInt              
00003cb1  Tachometer_Init                
00003cf9  Tachometer_Get                 
00003ec9  __aeabi_ddiv                   
00004001  ta3dummy                       
0000400d  TimerA3Capture_Init            
000040bf  TA3_0_IRQHandler               
000040bf  TA3_0_IRQHandler               
000040d9  TA3_N_IRQHandler               
000040d9  TA3_N_IRQHandler               
00004259  fputs                          
0000436d  ldexp                          
0000436d  ldexpl                         
0000436d  scalbn                         
0000436d  scalbnl                        
0000447d  __aeabi_dmul                   
00004579  LaunchPad_Init                 
000045e9  LaunchPad_Input                
00004603  LaunchPad_LED                  
00004621  LaunchPad_Output               
0000466d  setvbuf                        
00004749  free                           
000048f1  open                           
000049ad  add_device                     
00004b19  TimerA1_Init                   
00004b77  TimerA1_Stop                   
00004b8b  TA1_0_IRQHandler               
00004b8b  TA1_0_IRQHandler               
00004bc1  fopen                          
00004c5d  __aeabi_memcpy                 
00004c5d  __aeabi_memcpy4                
00004c5d  __aeabi_memcpy8                
00004c5d  memcpy                         
00004cf9  __aeabi_uldivmod               
00004d91  fputc                          
00004d91  putc                           
00004e1d  __aeabi_cdcmpeq                
00004e1d  __aeabi_cdcmple                
00004ea3  __aeabi_cdrcmple               
00004f29  LeftConvert                    
00004f51  CenterConvert                  
00004f79  RightConvert                   
00004fa5  __aeabi_memclr                 
00004fa5  __aeabi_memclr4                
00004fa5  __aeabi_memclr8                
00004fa7  __aeabi_memset                 
00004fa7  __aeabi_memset4                
00004fa7  __aeabi_memset8                
00004fad  memset                         
00005021  Bump_Init                      
00005055  Bump_Read                      
00005099  malloc                         
00005111  __TI_closefile                 
000051f5  HOSTlseek                      
0000525d  HOSTrename                     
000052c5  __TI_decompress_lzss           
0000532d  printf                         
00005395  frexp                          
00005395  frexpl                         
000053f9  fseek                          
0000545d  __TI_wrt_ok                    
000054c1  HOSTopen                       
00005521  close                          
0000557d  HOSTread                       
000055d5  HOSTwrite                      
00005683  ltoa                           
00005729  __TI_doflush                   
00005775  atoi                           
000057c1  exit                           
00005809  __aeabi_d2iz                   
00005851  HOSTclose                      
00005895  HOSTunlink                     
000058d9  __TI_auto_init_nobinit_nopinit 
0000591d  getdevice                      
00005961  SysTick_Init                   
00005a1d  __TI_writemsg                  
00005a4b  C$$IO$$                        
00005a55  _c_int00_noargs                
00005a8d  minit                          
00005ac5  strncpy                        
00005afd  __TI_cleanup                   
00005b31  __TI_readmsg                   
00005b65  freopen                        
00005b99  finddevice                     
00005bc9  __aeabi_i2d                    
00005bf9  remove                         
00005bf9  unlink                         
00005c25  lseek                          
00005c75  write                          
00005c9d  DisableInterrupts              
00005ca3  EnableInterrupts               
00005ca9  StartCritical                  
00005cb3  EndCritical                    
00005cbb  WaitForInterrupt               
00005cc1  memchr                         
00005ce1  memccpy                        
00005cfd  strcmp                         
00005d15  strchr                         
00005d2b  copysign                       
00005d2b  copysignl                      
00005d3f  strcpy                         
00005d53  strlen                         
00005d67  wcslen                         
00005d79  __TI_decompress_none           
00005d87  Reset_Handler                  
00005d93  ADC14_IRQHandler               
00005d93  AES256_IRQHandler              
00005d93  BusFault_Handler               
00005d93  COMP_E0_IRQHandler             
00005d93  COMP_E1_IRQHandler             
00005d93  CS_IRQHandler                  
00005d93  DMA_ERR_IRQHandler             
00005d93  DMA_INT0_IRQHandler            
00005d93  DMA_INT1_IRQHandler            
00005d93  DMA_INT2_IRQHandler            
00005d93  DMA_INT3_IRQHandler            
00005d93  DebugMon_Handler               
00005d93  Default_Handler                
00005d93  EUSCIA0_IRQHandler             
00005d93  EUSCIA1_IRQHandler             
00005d93  EUSCIA2_IRQHandler             
00005d93  EUSCIA3_IRQHandler             
00005d93  EUSCIB0_IRQHandler             
00005d93  EUSCIB1_IRQHandler             
00005d93  EUSCIB2_IRQHandler             
00005d93  EUSCIB3_IRQHandler             
00005d93  FLCTL_IRQHandler               
00005d93  FPU_IRQHandler                 
00005d93  HardFault_Handler              
00005d93  MemManage_Handler              
00005d93  NMI_Handler                    
00005d93  PCM_IRQHandler                 
00005d93  PORT1_IRQHandler               
00005d93  PORT2_IRQHandler               
00005d93  PORT3_IRQHandler               
00005d93  PORT4_IRQHandler               
00005d93  PORT5_IRQHandler               
00005d93  PORT6_IRQHandler               
00005d93  PSS_IRQHandler                 
00005d93  PendSV_Handler                 
00005d93  RTC_C_IRQHandler               
00005d93  SVC_Handler                    
00005d93  T32_INT1_IRQHandler            
00005d93  T32_INT2_IRQHandler            
00005d93  T32_INTC_IRQHandler            
00005d93  TA0_0_IRQHandler               
00005d93  TA0_N_IRQHandler               
00005d93  TA1_N_IRQHandler               
00005d93  TA2_0_IRQHandler               
00005d93  TA2_N_IRQHandler               
00005d93  UsageFault_Handler             
00005d93  WDT_A_IRQHandler               
00005d95  __TI_zero_init                 
00005da1  __aeabi_errno_addr             
00005db1  _system_pre_init               
00005db5  C$$EXIT                        
00005db5  abort                          
00005f98  _ctypes_                       
0000609c  Mask                           
000060bc  Weight                         
000060dc  Masks                          
00006180  __TI_Handler_Table_Base        
0000618c  __TI_Handler_Table_Limit       
00006198  __TI_CINIT_Base                
000061a8  __TI_CINIT_Limit               
20000000  x                              
20001000  x2                             
20002000  x3                             
20003000  Screen                         
200031f8  __CIOBUF_                      
20003318  __TI_tmpnams                   
200033b8  LeftTach                       
200033cc  RightTach                      
200033e0  Messageb                       
200033e8  parmbuf                        
200033f0  ADCflag                        
200033f4  Center                         
200033f8  ControllerFlag                 
200033fc  Error                          
20003400  I1                             
20003404  LPFSum                         
20003408  LPFSum2                        
2000340c  LPFSum3                        
20003410  Left                           
20003414  LeftSteps                      
20003418  Messageindexb                  
2000341c  Position                       
20003420  Pt                             
20003424  Pt2                            
20003428  Pt3                            
2000342c  Right                          
20003430  RightSteps                     
20003434  Size                           
20003438  Time                           
2000343c  TimerA1Task                    
20003440  UL                             
20003444  UR                             
20003448  nc                             
2000344c  nl                             
20003450  nr                             
20003454  ActualL                        
20003456  ActualR                        
20003458  Tachometer_FirstLeftTime       
2000345a  Tachometer_FirstRightTime      
2000345c  Tachometer_SecondLeftTime      
2000345e  Tachometer_SecondRightTime     
20003460  LeftDir                        
20003461  LineData                       
20003462  RightDir                       
20003468  _sys_memory                    
20003868  _ftable                        
20003958  _device                        
200039d0  _stream                        
20003a20  Mode                           
20003a24  Ki                             
20003a28  Kp                             
20003a2c  SetPoint                       
20003a30  DesiredL                       
20003a32  DesiredR                       
20003a34  LeftDuty                       
20003a36  RightDuty                      
20003a38  Kp3                            
20003a3c  change                         
20003a54  ClockFrequency                 
20003a58  Prewait                        
20003a5c  CPMwait                        
20003a60  Postwait                       
20003a64  IFlags                         
20003a68  Crystalstable                  
20003a6c  __TI_ft_end                    
20003a70  __aeabi_stdin                  
20003a74  __aeabi_stdout                 
20003a78  __aeabi_stderr                 
20003a7c  __TI_cleanup_ptr               
20003a80  __TI_dtors_ptr                 
20003a84  __TI_enable_exit_profile_output
20003a94  Tachometer_RightSteps          
20003a98  Tachometer_LeftSteps           
20003a9c  Tachometer_RightDir            
20003a9d  Tachometer_LeftDir             
20003aa0  _lock                          
20003aa4  _unlock                        
20003aa8  CaptureTask0                   
20003aac  CaptureTask2                   
20003ab4  errno                          
20003ac0  SystemCoreClock                
2000fe00  __stack                        
20010000  __STACK_END                    
4000480c  WDTCTL_SYM                     
ffffffff  __TI_pprof_out_hndl            
ffffffff  __TI_prof_data_size            
ffffffff  __TI_prof_data_start           
ffffffff  __binit__                      
ffffffff  __c_args__                     
ffffffff  binit                          
UNDEFED   __mpu_init                     
UNDEFED   _system_post_cinit             

[368 symbols]
