<?xml version="1.0" encoding="ISO-8859-1" ?>
<link_info>
   <banner>TI ARM Linker PC v18.1.4.LTS</banner>
   <copyright>Copyright (c) 1996-2018 Texas Instruments Incorporated</copyright>
   <link_time>0x5c2f863b</link_time>
   <link_errors>0x0</link_errors>
   <output_file>motor_ctrl.out</output_file>
   <entry_point>
      <name>_c_int00_noargs</name>
      <address>0x49dd</address>
   </entry_point>
   <input_file_list>
      <input_file id="fl-2">
         <path>.\</path>
         <kind>object</kind>
         <file>ADC14.obj</file>
         <name>ADC14.obj</name>
      </input_file>
      <input_file id="fl-3">
         <path>.\</path>
         <kind>object</kind>
         <file>Bump.obj</file>
         <name>Bump.obj</name>
      </input_file>
      <input_file id="fl-4">
         <path>.\</path>
         <kind>object</kind>
         <file>Clock.obj</file>
         <name>Clock.obj</name>
      </input_file>
      <input_file id="fl-5">
         <path>.\</path>
         <kind>object</kind>
         <file>CortexM.obj</file>
         <name>CortexM.obj</name>
      </input_file>
      <input_file id="fl-6">
         <path>.\</path>
         <kind>object</kind>
         <file>IRDistance.obj</file>
         <name>IRDistance.obj</name>
      </input_file>
      <input_file id="fl-7">
         <path>.\</path>
         <kind>object</kind>
         <file>LPF.obj</file>
         <name>LPF.obj</name>
      </input_file>
      <input_file id="fl-8">
         <path>.\</path>
         <kind>object</kind>
         <file>LaunchPad.obj</file>
         <name>LaunchPad.obj</name>
      </input_file>
      <input_file id="fl-9">
         <path>.\</path>
         <kind>object</kind>
         <file>Motor.obj</file>
         <name>Motor.obj</name>
      </input_file>
      <input_file id="fl-a">
         <path>.\</path>
         <kind>object</kind>
         <file>Nokia5110.obj</file>
         <name>Nokia5110.obj</name>
      </input_file>
      <input_file id="fl-b">
         <path>.\</path>
         <kind>object</kind>
         <file>PWM.obj</file>
         <name>PWM.obj</name>
      </input_file>
      <input_file id="fl-c">
         <path>.\</path>
         <kind>object</kind>
         <file>Reflectance.obj</file>
         <name>Reflectance.obj</name>
      </input_file>
      <input_file id="fl-d">
         <path>.\</path>
         <kind>object</kind>
         <file>SysTickInts.obj</file>
         <name>SysTickInts.obj</name>
      </input_file>
      <input_file id="fl-e">
         <path>.\</path>
         <kind>object</kind>
         <file>TA3InputCapture.obj</file>
         <name>TA3InputCapture.obj</name>
      </input_file>
      <input_file id="fl-f">
         <path>.\</path>
         <kind>object</kind>
         <file>Tachometer.obj</file>
         <name>Tachometer.obj</name>
      </input_file>
      <input_file id="fl-10">
         <path>.\</path>
         <kind>object</kind>
         <file>TimerA1.obj</file>
         <name>TimerA1.obj</name>
      </input_file>
      <input_file id="fl-11">
         <path>.\</path>
         <kind>object</kind>
         <file>UART0.obj</file>
         <name>UART0.obj</name>
      </input_file>
      <input_file id="fl-12">
         <path>.\</path>
         <kind>object</kind>
         <file>main.obj</file>
         <name>main.obj</name>
      </input_file>
      <input_file id="fl-13">
         <path>.\</path>
         <kind>object</kind>
         <file>startup_msp432p401r_ccs.obj</file>
         <name>startup_msp432p401r_ccs.obj</name>
      </input_file>
      <input_file id="fl-14">
         <path>.\</path>
         <kind>object</kind>
         <file>system_msp432p401r.obj</file>
         <name>system_msp432p401r.obj</name>
      </input_file>
      <input_file id="fl-18">
         <kind>object</kind>
         <file>&lt;internal&gt;</file>
         <name>&lt;internal&gt;</name>
      </input_file>
      <input_file id="fl-ce">
         <path>C:\ti\ccsv8\tools\compiler\ti-cgt-arm_18.1.4.LTS\lib\</path>
         <kind>archive</kind>
         <file>rtsv7M4_T_le_v4SPD16_eabi.lib</file>
         <name>copy_zero_init.c.obj</name>
      </input_file>
      <input_file id="fl-cf">
         <path>C:\ti\ccsv8\tools\compiler\ti-cgt-arm_18.1.4.LTS\lib\</path>
         <kind>archive</kind>
         <file>rtsv7M4_T_le_v4SPD16_eabi.lib</file>
         <name>copy_decompress_none.c.obj</name>
      </input_file>
      <input_file id="fl-d0">
         <path>C:\ti\ccsv8\tools\compiler\ti-cgt-arm_18.1.4.LTS\lib\</path>
         <kind>archive</kind>
         <file>rtsv7M4_T_le_v4SPD16_eabi.lib</file>
         <name>copy_decompress_lzss.c.obj</name>
      </input_file>
      <input_file id="fl-d1">
         <path>C:\ti\ccsv8\tools\compiler\ti-cgt-arm_18.1.4.LTS\lib\</path>
         <kind>archive</kind>
         <file>rtsv7M4_T_le_v4SPD16_eabi.lib</file>
         <name>boot_cortex_m.c.obj</name>
      </input_file>
      <input_file id="fl-d2">
         <path>C:\ti\ccsv8\tools\compiler\ti-cgt-arm_18.1.4.LTS\lib\</path>
         <kind>archive</kind>
         <file>rtsv7M4_T_le_v4SPD16_eabi.lib</file>
         <name>exit.c.obj</name>
      </input_file>
      <input_file id="fl-d3">
         <path>C:\ti\ccsv8\tools\compiler\ti-cgt-arm_18.1.4.LTS\lib\</path>
         <kind>archive</kind>
         <file>rtsv7M4_T_le_v4SPD16_eabi.lib</file>
         <name>_lock.c.obj</name>
      </input_file>
      <input_file id="fl-d4">
         <path>C:\ti\ccsv8\tools\compiler\ti-cgt-arm_18.1.4.LTS\lib\</path>
         <kind>archive</kind>
         <file>rtsv7M4_T_le_v4SPD16_eabi.lib</file>
         <name>add_device.c.obj</name>
      </input_file>
      <input_file id="fl-d5">
         <path>C:\ti\ccsv8\tools\compiler\ti-cgt-arm_18.1.4.LTS\lib\</path>
         <kind>archive</kind>
         <file>rtsv7M4_T_le_v4SPD16_eabi.lib</file>
         <name>args_main.c.obj</name>
      </input_file>
      <input_file id="fl-d6">
         <path>C:\ti\ccsv8\tools\compiler\ti-cgt-arm_18.1.4.LTS\lib\</path>
         <kind>archive</kind>
         <file>rtsv7M4_T_le_v4SPD16_eabi.lib</file>
         <name>defs.c.obj</name>
      </input_file>
      <input_file id="fl-d7">
         <path>C:\ti\ccsv8\tools\compiler\ti-cgt-arm_18.1.4.LTS\lib\</path>
         <kind>archive</kind>
         <file>rtsv7M4_T_le_v4SPD16_eabi.lib</file>
         <name>fopen.c.obj</name>
      </input_file>
      <input_file id="fl-d8">
         <path>C:\ti\ccsv8\tools\compiler\ti-cgt-arm_18.1.4.LTS\lib\</path>
         <kind>archive</kind>
         <file>rtsv7M4_T_le_v4SPD16_eabi.lib</file>
         <name>getdevice.c.obj</name>
      </input_file>
      <input_file id="fl-d9">
         <path>C:\ti\ccsv8\tools\compiler\ti-cgt-arm_18.1.4.LTS\lib\</path>
         <kind>archive</kind>
         <file>rtsv7M4_T_le_v4SPD16_eabi.lib</file>
         <name>open.c.obj</name>
      </input_file>
      <input_file id="fl-da">
         <path>C:\ti\ccsv8\tools\compiler\ti-cgt-arm_18.1.4.LTS\lib\</path>
         <kind>archive</kind>
         <file>rtsv7M4_T_le_v4SPD16_eabi.lib</file>
         <name>printf.c.obj</name>
      </input_file>
      <input_file id="fl-db">
         <path>C:\ti\ccsv8\tools\compiler\ti-cgt-arm_18.1.4.LTS\lib\</path>
         <kind>archive</kind>
         <file>rtsv7M4_T_le_v4SPD16_eabi.lib</file>
         <name>setvbuf.c.obj</name>
      </input_file>
      <input_file id="fl-dc">
         <path>C:\ti\ccsv8\tools\compiler\ti-cgt-arm_18.1.4.LTS\lib\</path>
         <kind>archive</kind>
         <file>rtsv7M4_T_le_v4SPD16_eabi.lib</file>
         <name>strchr.c.obj</name>
      </input_file>
      <input_file id="fl-dd">
         <path>C:\ti\ccsv8\tools\compiler\ti-cgt-arm_18.1.4.LTS\lib\</path>
         <kind>archive</kind>
         <file>rtsv7M4_T_le_v4SPD16_eabi.lib</file>
         <name>strcmp.c.obj</name>
      </input_file>
      <input_file id="fl-de">
         <path>C:\ti\ccsv8\tools\compiler\ti-cgt-arm_18.1.4.LTS\lib\</path>
         <kind>archive</kind>
         <file>rtsv7M4_T_le_v4SPD16_eabi.lib</file>
         <name>strncpy.c.obj</name>
      </input_file>
      <input_file id="fl-df">
         <path>C:\ti\ccsv8\tools\compiler\ti-cgt-arm_18.1.4.LTS\lib\</path>
         <kind>archive</kind>
         <file>rtsv7M4_T_le_v4SPD16_eabi.lib</file>
         <name>write.c.obj</name>
      </input_file>
      <input_file id="fl-e0">
         <path>C:\ti\ccsv8\tools\compiler\ti-cgt-arm_18.1.4.LTS\lib\</path>
         <kind>archive</kind>
         <file>rtsv7M4_T_le_v4SPD16_eabi.lib</file>
         <name>memcpy_t2.asm.obj</name>
      </input_file>
      <input_file id="fl-e1">
         <path>C:\ti\ccsv8\tools\compiler\ti-cgt-arm_18.1.4.LTS\lib\</path>
         <kind>archive</kind>
         <file>rtsv7M4_T_le_v4SPD16_eabi.lib</file>
         <name>memset_t2.asm.obj</name>
      </input_file>
      <input_file id="fl-e2">
         <path>C:\ti\ccsv8\tools\compiler\ti-cgt-arm_18.1.4.LTS\lib\</path>
         <kind>archive</kind>
         <file>rtsv7M4_T_le_v4SPD16_eabi.lib</file>
         <name>autoinit.c.obj</name>
      </input_file>
      <input_file id="fl-e3">
         <path>C:\ti\ccsv8\tools\compiler\ti-cgt-arm_18.1.4.LTS\lib\</path>
         <kind>archive</kind>
         <file>rtsv7M4_T_le_v4SPD16_eabi.lib</file>
         <name>pre_init.c.obj</name>
      </input_file>
      <input_file id="fl-e4">
         <path>C:\ti\ccsv8\tools\compiler\ti-cgt-arm_18.1.4.LTS\lib\</path>
         <kind>archive</kind>
         <file>rtsv7M4_T_le_v4SPD16_eabi.lib</file>
         <name>cpy_tbl.c.obj</name>
      </input_file>
      <input_file id="fl-e5">
         <path>C:\ti\ccsv8\tools\compiler\ti-cgt-arm_18.1.4.LTS\lib\</path>
         <kind>archive</kind>
         <file>rtsv7M4_T_le_v4SPD16_eabi.lib</file>
         <name>memory.c.obj</name>
      </input_file>
      <input_file id="fl-e6">
         <path>C:\ti\ccsv8\tools\compiler\ti-cgt-arm_18.1.4.LTS\lib\</path>
         <kind>archive</kind>
         <file>rtsv7M4_T_le_v4SPD16_eabi.lib</file>
         <name>_printfi.c.obj</name>
      </input_file>
      <input_file id="fl-e7">
         <path>C:\ti\ccsv8\tools\compiler\ti-cgt-arm_18.1.4.LTS\lib\</path>
         <kind>archive</kind>
         <file>rtsv7M4_T_le_v4SPD16_eabi.lib</file>
         <name>atoi.c.obj</name>
      </input_file>
      <input_file id="fl-e8">
         <path>C:\ti\ccsv8\tools\compiler\ti-cgt-arm_18.1.4.LTS\lib\</path>
         <kind>archive</kind>
         <file>rtsv7M4_T_le_v4SPD16_eabi.lib</file>
         <name>ctype.c.obj</name>
      </input_file>
      <input_file id="fl-e9">
         <path>C:\ti\ccsv8\tools\compiler\ti-cgt-arm_18.1.4.LTS\lib\</path>
         <kind>archive</kind>
         <file>rtsv7M4_T_le_v4SPD16_eabi.lib</file>
         <name>fclose.c.obj</name>
      </input_file>
      <input_file id="fl-ea">
         <path>C:\ti\ccsv8\tools\compiler\ti-cgt-arm_18.1.4.LTS\lib\</path>
         <kind>archive</kind>
         <file>rtsv7M4_T_le_v4SPD16_eabi.lib</file>
         <name>fflush.c.obj</name>
      </input_file>
      <input_file id="fl-eb">
         <path>C:\ti\ccsv8\tools\compiler\ti-cgt-arm_18.1.4.LTS\lib\</path>
         <kind>archive</kind>
         <file>rtsv7M4_T_le_v4SPD16_eabi.lib</file>
         <name>fputc.c.obj</name>
      </input_file>
      <input_file id="fl-ec">
         <path>C:\ti\ccsv8\tools\compiler\ti-cgt-arm_18.1.4.LTS\lib\</path>
         <kind>archive</kind>
         <file>rtsv7M4_T_le_v4SPD16_eabi.lib</file>
         <name>fputs.c.obj</name>
      </input_file>
      <input_file id="fl-ed">
         <path>C:\ti\ccsv8\tools\compiler\ti-cgt-arm_18.1.4.LTS\lib\</path>
         <kind>archive</kind>
         <file>rtsv7M4_T_le_v4SPD16_eabi.lib</file>
         <name>ltoa.c.obj</name>
      </input_file>
      <input_file id="fl-ee">
         <path>C:\ti\ccsv8\tools\compiler\ti-cgt-arm_18.1.4.LTS\lib\</path>
         <kind>archive</kind>
         <file>rtsv7M4_T_le_v4SPD16_eabi.lib</file>
         <name>memccpy.c.obj</name>
      </input_file>
      <input_file id="fl-ef">
         <path>C:\ti\ccsv8\tools\compiler\ti-cgt-arm_18.1.4.LTS\lib\</path>
         <kind>archive</kind>
         <file>rtsv7M4_T_le_v4SPD16_eabi.lib</file>
         <name>memchr.c.obj</name>
      </input_file>
      <input_file id="fl-f0">
         <path>C:\ti\ccsv8\tools\compiler\ti-cgt-arm_18.1.4.LTS\lib\</path>
         <kind>archive</kind>
         <file>rtsv7M4_T_le_v4SPD16_eabi.lib</file>
         <name>remove.c.obj</name>
      </input_file>
      <input_file id="fl-f1">
         <path>C:\ti\ccsv8\tools\compiler\ti-cgt-arm_18.1.4.LTS\lib\</path>
         <kind>archive</kind>
         <file>rtsv7M4_T_le_v4SPD16_eabi.lib</file>
         <name>strlen.c.obj</name>
      </input_file>
      <input_file id="fl-f2">
         <path>C:\ti\ccsv8\tools\compiler\ti-cgt-arm_18.1.4.LTS\lib\</path>
         <kind>archive</kind>
         <file>rtsv7M4_T_le_v4SPD16_eabi.lib</file>
         <name>hostclose.c.obj</name>
      </input_file>
      <input_file id="fl-f3">
         <path>C:\ti\ccsv8\tools\compiler\ti-cgt-arm_18.1.4.LTS\lib\</path>
         <kind>archive</kind>
         <file>rtsv7M4_T_le_v4SPD16_eabi.lib</file>
         <name>hostlseek.c.obj</name>
      </input_file>
      <input_file id="fl-f4">
         <path>C:\ti\ccsv8\tools\compiler\ti-cgt-arm_18.1.4.LTS\lib\</path>
         <kind>archive</kind>
         <file>rtsv7M4_T_le_v4SPD16_eabi.lib</file>
         <name>hostopen.c.obj</name>
      </input_file>
      <input_file id="fl-f5">
         <path>C:\ti\ccsv8\tools\compiler\ti-cgt-arm_18.1.4.LTS\lib\</path>
         <kind>archive</kind>
         <file>rtsv7M4_T_le_v4SPD16_eabi.lib</file>
         <name>hostread.c.obj</name>
      </input_file>
      <input_file id="fl-f6">
         <path>C:\ti\ccsv8\tools\compiler\ti-cgt-arm_18.1.4.LTS\lib\</path>
         <kind>archive</kind>
         <file>rtsv7M4_T_le_v4SPD16_eabi.lib</file>
         <name>hostrename.c.obj</name>
      </input_file>
      <input_file id="fl-f7">
         <path>C:\ti\ccsv8\tools\compiler\ti-cgt-arm_18.1.4.LTS\lib\</path>
         <kind>archive</kind>
         <file>rtsv7M4_T_le_v4SPD16_eabi.lib</file>
         <name>hostunlink.c.obj</name>
      </input_file>
      <input_file id="fl-f8">
         <path>C:\ti\ccsv8\tools\compiler\ti-cgt-arm_18.1.4.LTS\lib\</path>
         <kind>archive</kind>
         <file>rtsv7M4_T_le_v4SPD16_eabi.lib</file>
         <name>hostwrite.c.obj</name>
      </input_file>
      <input_file id="fl-f9">
         <path>C:\ti\ccsv8\tools\compiler\ti-cgt-arm_18.1.4.LTS\lib\</path>
         <kind>archive</kind>
         <file>rtsv7M4_T_le_v4SPD16_eabi.lib</file>
         <name>trgmsg.c.obj</name>
      </input_file>
      <input_file id="fl-fa">
         <path>C:\ti\ccsv8\tools\compiler\ti-cgt-arm_18.1.4.LTS\lib\</path>
         <kind>archive</kind>
         <file>rtsv7M4_T_le_v4SPD16_eabi.lib</file>
         <name>unlink.c.obj</name>
      </input_file>
      <input_file id="fl-fb">
         <path>C:\ti\ccsv8\tools\compiler\ti-cgt-arm_18.1.4.LTS\lib\</path>
         <kind>archive</kind>
         <file>rtsv7M4_T_le_v4SPD16_eabi.lib</file>
         <name>wcslen.c.obj</name>
      </input_file>
      <input_file id="fl-fc">
         <path>C:\ti\ccsv8\tools\compiler\ti-cgt-arm_18.1.4.LTS\lib\</path>
         <kind>archive</kind>
         <file>rtsv7M4_T_le_v4SPD16_eabi.lib</file>
         <name>s_frexp.c.obj</name>
      </input_file>
      <input_file id="fl-fd">
         <path>C:\ti\ccsv8\tools\compiler\ti-cgt-arm_18.1.4.LTS\lib\</path>
         <kind>archive</kind>
         <file>rtsv7M4_T_le_v4SPD16_eabi.lib</file>
         <name>s_scalbn.c.obj</name>
      </input_file>
      <input_file id="fl-fe">
         <path>C:\ti\ccsv8\tools\compiler\ti-cgt-arm_18.1.4.LTS\lib\</path>
         <kind>archive</kind>
         <file>rtsv7M4_T_le_v4SPD16_eabi.lib</file>
         <name>fd_add_t2.asm.obj</name>
      </input_file>
      <input_file id="fl-ff">
         <path>C:\ti\ccsv8\tools\compiler\ti-cgt-arm_18.1.4.LTS\lib\</path>
         <kind>archive</kind>
         <file>rtsv7M4_T_le_v4SPD16_eabi.lib</file>
         <name>fd_cmp_t2.asm.obj</name>
      </input_file>
      <input_file id="fl-100">
         <path>C:\ti\ccsv8\tools\compiler\ti-cgt-arm_18.1.4.LTS\lib\</path>
         <kind>archive</kind>
         <file>rtsv7M4_T_le_v4SPD16_eabi.lib</file>
         <name>fd_div_t2.asm.obj</name>
      </input_file>
      <input_file id="fl-101">
         <path>C:\ti\ccsv8\tools\compiler\ti-cgt-arm_18.1.4.LTS\lib\</path>
         <kind>archive</kind>
         <file>rtsv7M4_T_le_v4SPD16_eabi.lib</file>
         <name>fd_mul_t2.asm.obj</name>
      </input_file>
      <input_file id="fl-102">
         <path>C:\ti\ccsv8\tools\compiler\ti-cgt-arm_18.1.4.LTS\lib\</path>
         <kind>archive</kind>
         <file>rtsv7M4_T_le_v4SPD16_eabi.lib</file>
         <name>fd_toi_t2.asm.obj</name>
      </input_file>
      <input_file id="fl-103">
         <path>C:\ti\ccsv8\tools\compiler\ti-cgt-arm_18.1.4.LTS\lib\</path>
         <kind>archive</kind>
         <file>rtsv7M4_T_le_v4SPD16_eabi.lib</file>
         <name>i_tofd_t2.asm.obj</name>
      </input_file>
      <input_file id="fl-104">
         <path>C:\ti\ccsv8\tools\compiler\ti-cgt-arm_18.1.4.LTS\lib\</path>
         <kind>archive</kind>
         <file>rtsv7M4_T_le_v4SPD16_eabi.lib</file>
         <name>ull_div_t2.asm.obj</name>
      </input_file>
      <input_file id="fl-105">
         <path>C:\ti\ccsv8\tools\compiler\ti-cgt-arm_18.1.4.LTS\lib\</path>
         <kind>archive</kind>
         <file>rtsv7M4_T_le_v4SPD16_eabi.lib</file>
         <name>errno.c.obj</name>
      </input_file>
      <input_file id="fl-106">
         <path>C:\ti\ccsv8\tools\compiler\ti-cgt-arm_18.1.4.LTS\lib\</path>
         <kind>archive</kind>
         <file>rtsv7M4_T_le_v4SPD16_eabi.lib</file>
         <name>_io_perm.c.obj</name>
      </input_file>
      <input_file id="fl-107">
         <path>C:\ti\ccsv8\tools\compiler\ti-cgt-arm_18.1.4.LTS\lib\</path>
         <kind>archive</kind>
         <file>rtsv7M4_T_le_v4SPD16_eabi.lib</file>
         <name>close.c.obj</name>
      </input_file>
      <input_file id="fl-108">
         <path>C:\ti\ccsv8\tools\compiler\ti-cgt-arm_18.1.4.LTS\lib\</path>
         <kind>archive</kind>
         <file>rtsv7M4_T_le_v4SPD16_eabi.lib</file>
         <name>fseek.c.obj</name>
      </input_file>
      <input_file id="fl-109">
         <path>C:\ti\ccsv8\tools\compiler\ti-cgt-arm_18.1.4.LTS\lib\</path>
         <kind>archive</kind>
         <file>rtsv7M4_T_le_v4SPD16_eabi.lib</file>
         <name>lseek.c.obj</name>
      </input_file>
      <input_file id="fl-10a">
         <path>C:\ti\ccsv8\tools\compiler\ti-cgt-arm_18.1.4.LTS\lib\</path>
         <kind>archive</kind>
         <file>rtsv7M4_T_le_v4SPD16_eabi.lib</file>
         <name>strcpy.c.obj</name>
      </input_file>
      <input_file id="fl-10b">
         <path>C:\ti\ccsv8\tools\compiler\ti-cgt-arm_18.1.4.LTS\lib\</path>
         <kind>archive</kind>
         <file>rtsv7M4_T_le_v4SPD16_eabi.lib</file>
         <name>s_copysign.c.obj</name>
      </input_file>
      <input_file id="fl-10c">
         <path>C:\ti\ccsv8\tools\compiler\ti-cgt-arm_18.1.4.LTS\lib\</path>
         <kind>archive</kind>
         <file>rtsv7M4_T_le_v4SPD16_eabi.lib</file>
         <name>div0.asm.obj</name>
      </input_file>
   </input_file_list>
   <object_component_list>
      <object_component id="oc-23">
         <name>.intvecs:retain</name>
         <load_address>0x0</load_address>
         <run_address>0x0</run_address>
         <size>0xe4</size>
         <input_file_ref idref="fl-13"/>
      </object_component>
      <object_component id="oc-1e0">
         <name>.text:__TI_printfi</name>
         <load_address>0xe4</load_address>
         <run_address>0xe4</run_address>
         <size>0xa5e</size>
         <input_file_ref idref="fl-e6"/>
      </object_component>
      <object_component id="oc-2ce">
         <name>.text:_nop</name>
         <load_address>0xb42</load_address>
         <run_address>0xb42</run_address>
         <size>0x2</size>
         <input_file_ref idref="fl-d3"/>
      </object_component>
      <object_component id="oc-f6">
         <name>.text</name>
         <load_address>0xb44</load_address>
         <run_address>0xb44</run_address>
         <size>0x6bc</size>
         <input_file_ref idref="fl-11"/>
      </object_component>
      <object_component id="oc-6d">
         <name>.text</name>
         <load_address>0x1200</load_address>
         <run_address>0x1200</run_address>
         <size>0x538</size>
         <input_file_ref idref="fl-12"/>
      </object_component>
      <object_component id="oc-b5">
         <name>.text</name>
         <load_address>0x1738</load_address>
         <run_address>0x1738</run_address>
         <size>0x334</size>
         <input_file_ref idref="fl-14"/>
      </object_component>
      <object_component id="oc-c2">
         <name>.text</name>
         <load_address>0x1a6c</load_address>
         <run_address>0x1a6c</run_address>
         <size>0x308</size>
         <input_file_ref idref="fl-7"/>
      </object_component>
      <object_component id="oc-bc">
         <name>.text</name>
         <load_address>0x1d74</load_address>
         <run_address>0x1d74</run_address>
         <size>0x2ec</size>
         <input_file_ref idref="fl-2"/>
      </object_component>
      <object_component id="oc-2aa">
         <name>.text:_pconv_a</name>
         <load_address>0x2060</load_address>
         <run_address>0x2060</run_address>
         <size>0x270</size>
         <input_file_ref idref="fl-e6"/>
      </object_component>
      <object_component id="oc-19b">
         <name>.text</name>
         <load_address>0x22d0</load_address>
         <run_address>0x22d0</run_address>
         <size>0x228</size>
         <input_file_ref idref="fl-b"/>
      </object_component>
      <object_component id="oc-d4">
         <name>.text</name>
         <load_address>0x24f8</load_address>
         <run_address>0x24f8</run_address>
         <size>0x1e0</size>
         <input_file_ref idref="fl-4"/>
      </object_component>
      <object_component id="oc-298">
         <name>.text:_pconv_g</name>
         <load_address>0x26d8</load_address>
         <run_address>0x26d8</run_address>
         <size>0x1d0</size>
         <input_file_ref idref="fl-e6"/>
      </object_component>
      <object_component id="oc-3b6">
         <name>.text</name>
         <load_address>0x28a8</load_address>
         <run_address>0x28a8</run_address>
         <size>0x1b6</size>
         <input_file_ref idref="fl-fe"/>
      </object_component>
      <object_component id="oc-479">
         <name>.text</name>
         <load_address>0x2a5e</load_address>
         <run_address>0x2a5e</run_address>
         <size>0x2</size>
         <input_file_ref idref="fl-10c"/>
      </object_component>
      <object_component id="oc-ce">
         <name>.text</name>
         <load_address>0x2a60</load_address>
         <run_address>0x2a60</run_address>
         <size>0x18c</size>
         <input_file_ref idref="fl-9"/>
      </object_component>
      <object_component id="oc-102">
         <name>.text</name>
         <load_address>0x2bec</load_address>
         <run_address>0x2bec</run_address>
         <size>0x168</size>
         <input_file_ref idref="fl-f"/>
      </object_component>
      <object_component id="oc-2a4">
         <name>.text:_pconv_e</name>
         <load_address>0x2d54</load_address>
         <run_address>0x2d54</run_address>
         <size>0x13c</size>
         <input_file_ref idref="fl-e6"/>
      </object_component>
      <object_component id="oc-39c">
         <name>.text</name>
         <load_address>0x2e90</load_address>
         <run_address>0x2e90</run_address>
         <size>0x136</size>
         <input_file_ref idref="fl-100"/>
      </object_component>
      <object_component id="oc-79">
         <name>.text</name>
         <load_address>0x2fc8</load_address>
         <run_address>0x2fc8</run_address>
         <size>0x134</size>
         <input_file_ref idref="fl-e"/>
      </object_component>
      <object_component id="oc-3c8">
         <name>.text:fcvt</name>
         <load_address>0x30fc</load_address>
         <run_address>0x30fc</run_address>
         <size>0x124</size>
         <input_file_ref idref="fl-e6"/>
      </object_component>
      <object_component id="oc-2d8">
         <name>.text:fputs</name>
         <load_address>0x3220</load_address>
         <run_address>0x3220</run_address>
         <size>0x114</size>
         <input_file_ref idref="fl-ec"/>
      </object_component>
      <object_component id="oc-3dc">
         <name>.text:scalbn</name>
         <load_address>0x3334</load_address>
         <run_address>0x3334</run_address>
         <size>0x110</size>
         <input_file_ref idref="fl-fd"/>
      </object_component>
      <object_component id="oc-397">
         <name>.text</name>
         <load_address>0x3444</load_address>
         <run_address>0x3444</run_address>
         <size>0xfc</size>
         <input_file_ref idref="fl-101"/>
      </object_component>
      <object_component id="oc-da">
         <name>.text</name>
         <load_address>0x3540</load_address>
         <run_address>0x3540</run_address>
         <size>0xf4</size>
         <input_file_ref idref="fl-8"/>
      </object_component>
      <object_component id="oc-1d1">
         <name>.text:setvbuf</name>
         <load_address>0x3634</load_address>
         <run_address>0x3634</run_address>
         <size>0xdc</size>
         <input_file_ref idref="fl-db"/>
      </object_component>
      <object_component id="oc-264">
         <name>.text:free</name>
         <load_address>0x3710</load_address>
         <run_address>0x3710</run_address>
         <size>0xd8</size>
         <input_file_ref idref="fl-e5"/>
      </object_component>
      <object_component id="oc-251">
         <name>.text:_openfile</name>
         <load_address>0x37e8</load_address>
         <run_address>0x37e8</run_address>
         <size>0xd0</size>
         <input_file_ref idref="fl-d7"/>
      </object_component>
      <object_component id="oc-34d">
         <name>.text:open</name>
         <load_address>0x38b8</load_address>
         <run_address>0x38b8</run_address>
         <size>0xbc</size>
         <input_file_ref idref="fl-d9"/>
      </object_component>
      <object_component id="oc-1bf">
         <name>.text:add_device</name>
         <load_address>0x3974</load_address>
         <run_address>0x3974</run_address>
         <size>0xb8</size>
         <input_file_ref idref="fl-d4"/>
      </object_component>
      <object_component id="oc-28d">
         <name>.text:_ltostr</name>
         <load_address>0x3a2c</load_address>
         <run_address>0x3a2c</run_address>
         <size>0xb1</size>
         <input_file_ref idref="fl-e6"/>
      </object_component>
      <object_component id="oc-73">
         <name>.text</name>
         <load_address>0x3ae0</load_address>
         <run_address>0x3ae0</run_address>
         <size>0xa8</size>
         <input_file_ref idref="fl-10"/>
      </object_component>
      <object_component id="oc-1c5">
         <name>.text:fopen</name>
         <load_address>0x3b88</load_address>
         <run_address>0x3b88</run_address>
         <size>0x9c</size>
         <input_file_ref idref="fl-d7"/>
      </object_component>
      <object_component id="oc-37">
         <name>.text</name>
         <load_address>0x3c24</load_address>
         <run_address>0x3c24</run_address>
         <size>0x9c</size>
         <input_file_ref idref="fl-e0"/>
      </object_component>
      <object_component id="oc-390">
         <name>.text</name>
         <load_address>0x3cc0</load_address>
         <run_address>0x3cc0</run_address>
         <size>0x96</size>
         <input_file_ref idref="fl-104"/>
      </object_component>
      <object_component id="oc-2df">
         <name>.text:fputc</name>
         <load_address>0x3d58</load_address>
         <run_address>0x3d58</run_address>
         <size>0x8c</size>
         <input_file_ref idref="fl-eb"/>
      </object_component>
      <object_component id="oc-293">
         <name>.text:__aeabi_cdcmple</name>
         <load_address>0x3de4</load_address>
         <run_address>0x3de4</run_address>
         <size>0x86</size>
         <input_file_ref idref="fl-ff"/>
      </object_component>
      <object_component id="oc-3a1">
         <name>.text:__aeabi_cdrcmple</name>
         <load_address>0x3e6a</load_address>
         <run_address>0x3e6a</run_address>
         <size>0x86</size>
         <input_file_ref idref="fl-ff"/>
      </object_component>
      <object_component id="oc-c8">
         <name>.text</name>
         <load_address>0x3ef0</load_address>
         <run_address>0x3ef0</run_address>
         <size>0x7c</size>
         <input_file_ref idref="fl-6"/>
      </object_component>
      <object_component id="oc-9d">
         <name>.text</name>
         <load_address>0x3f6c</load_address>
         <run_address>0x3f6c</run_address>
         <size>0x7a</size>
         <input_file_ref idref="fl-e1"/>
      </object_component>
      <object_component id="oc-e0">
         <name>.text</name>
         <load_address>0x3fe8</load_address>
         <run_address>0x3fe8</run_address>
         <size>0x78</size>
         <input_file_ref idref="fl-3"/>
      </object_component>
      <object_component id="oc-26a">
         <name>.text:malloc</name>
         <load_address>0x4060</load_address>
         <run_address>0x4060</run_address>
         <size>0x78</size>
         <input_file_ref idref="fl-e5"/>
      </object_component>
      <object_component id="oc-25d">
         <name>.text:__TI_closefile</name>
         <load_address>0x40d8</load_address>
         <run_address>0x40d8</run_address>
         <size>0x74</size>
         <input_file_ref idref="fl-e9"/>
      </object_component>
      <object_component id="oc-3c1">
         <name>.text:_mcpy</name>
         <load_address>0x414c</load_address>
         <run_address>0x414c</run_address>
         <size>0x6e</size>
         <input_file_ref idref="fl-e6"/>
      </object_component>
      <object_component id="oc-32c">
         <name>.text:HOSTlseek</name>
         <load_address>0x41bc</load_address>
         <run_address>0x41bc</run_address>
         <size>0x68</size>
         <input_file_ref idref="fl-f3"/>
      </object_component>
      <object_component id="oc-338">
         <name>.text:HOSTrename</name>
         <load_address>0x4224</load_address>
         <run_address>0x4224</run_address>
         <size>0x68</size>
         <input_file_ref idref="fl-f6"/>
      </object_component>
      <object_component id="oc-14">
         <name>.text:decompress:lzss:__TI_decompress_lzss</name>
         <load_address>0x428c</load_address>
         <run_address>0x428c</run_address>
         <size>0x68</size>
         <input_file_ref idref="fl-d0"/>
      </object_component>
      <object_component id="oc-fc">
         <name>.text:printf</name>
         <load_address>0x42f4</load_address>
         <run_address>0x42f4</run_address>
         <size>0x68</size>
         <input_file_ref idref="fl-da"/>
      </object_component>
      <object_component id="oc-3d6">
         <name>.text:frexp</name>
         <load_address>0x435c</load_address>
         <run_address>0x435c</run_address>
         <size>0x64</size>
         <input_file_ref idref="fl-fc"/>
      </object_component>
      <object_component id="oc-4ae">
         <name>.text:fseek</name>
         <load_address>0x43c0</load_address>
         <run_address>0x43c0</run_address>
         <size>0x64</size>
         <input_file_ref idref="fl-108"/>
      </object_component>
      <object_component id="oc-406">
         <name>.text:__TI_wrt_ok</name>
         <load_address>0x4424</load_address>
         <run_address>0x4424</run_address>
         <size>0x62</size>
         <input_file_ref idref="fl-106"/>
      </object_component>
      <object_component id="oc-314">
         <name>.text:HOSTopen</name>
         <load_address>0x4488</load_address>
         <run_address>0x4488</run_address>
         <size>0x60</size>
         <input_file_ref idref="fl-f4"/>
      </object_component>
      <object_component id="oc-35e">
         <name>.text:close</name>
         <load_address>0x44e8</load_address>
         <run_address>0x44e8</run_address>
         <size>0x5c</size>
         <input_file_ref idref="fl-107"/>
      </object_component>
      <object_component id="oc-320">
         <name>.text:HOSTread</name>
         <load_address>0x4544</load_address>
         <run_address>0x4544</run_address>
         <size>0x58</size>
         <input_file_ref idref="fl-f5"/>
      </object_component>
      <object_component id="oc-326">
         <name>.text:HOSTwrite</name>
         <load_address>0x459c</load_address>
         <run_address>0x459c</run_address>
         <size>0x58</size>
         <input_file_ref idref="fl-f8"/>
      </object_component>
      <object_component id="oc-29e">
         <name>.text:_pconv_f</name>
         <load_address>0x45f4</load_address>
         <run_address>0x45f4</run_address>
         <size>0x56</size>
         <input_file_ref idref="fl-e6"/>
      </object_component>
      <object_component id="oc-3ab">
         <name>.text:ltoa</name>
         <load_address>0x464a</load_address>
         <run_address>0x464a</run_address>
         <size>0x54</size>
         <input_file_ref idref="fl-ed"/>
      </object_component>
      <object_component id="oc-3bb">
         <name>.text:_ecpy</name>
         <load_address>0x469e</load_address>
         <run_address>0x469e</run_address>
         <size>0x52</size>
         <input_file_ref idref="fl-e6"/>
      </object_component>
      <object_component id="oc-358">
         <name>.text:__TI_doflush</name>
         <load_address>0x46f0</load_address>
         <run_address>0x46f0</run_address>
         <size>0x4c</size>
         <input_file_ref idref="fl-ea"/>
      </object_component>
      <object_component id="oc-287">
         <name>.text:atoi</name>
         <load_address>0x473c</load_address>
         <run_address>0x473c</run_address>
         <size>0x4c</size>
         <input_file_ref idref="fl-e7"/>
      </object_component>
      <object_component id="oc-14e">
         <name>.text:exit</name>
         <load_address>0x4788</load_address>
         <run_address>0x4788</run_address>
         <size>0x48</size>
         <input_file_ref idref="fl-d2"/>
      </object_component>
      <object_component id="oc-3a6">
         <name>.text</name>
         <load_address>0x47d0</load_address>
         <run_address>0x47d0</run_address>
         <size>0x48</size>
         <input_file_ref idref="fl-102"/>
      </object_component>
      <object_component id="oc-31a">
         <name>.text:HOSTclose</name>
         <load_address>0x4818</load_address>
         <run_address>0x4818</run_address>
         <size>0x44</size>
         <input_file_ref idref="fl-f2"/>
      </object_component>
      <object_component id="oc-332">
         <name>.text:HOSTunlink</name>
         <load_address>0x485c</load_address>
         <run_address>0x485c</run_address>
         <size>0x44</size>
         <input_file_ref idref="fl-f7"/>
      </object_component>
      <object_component id="oc-154">
         <name>.text:__TI_auto_init_nobinit_nopinit:__TI_auto_init_nobinit_nopinit</name>
         <load_address>0x48a0</load_address>
         <run_address>0x48a0</run_address>
         <size>0x44</size>
         <input_file_ref idref="fl-e2"/>
      </object_component>
      <object_component id="oc-459">
         <name>.text:getdevice</name>
         <load_address>0x48e4</load_address>
         <run_address>0x48e4</run_address>
         <size>0x44</size>
         <input_file_ref idref="fl-d8"/>
      </object_component>
      <object_component id="oc-3ce">
         <name>.text:_fcpy</name>
         <load_address>0x4928</load_address>
         <run_address>0x4928</run_address>
         <size>0x3e</size>
         <input_file_ref idref="fl-e6"/>
      </object_component>
      <object_component id="oc-379">
         <name>.text:minsert</name>
         <load_address>0x4968</load_address>
         <run_address>0x4968</run_address>
         <size>0x3c</size>
         <input_file_ref idref="fl-e5"/>
      </object_component>
      <object_component id="oc-430">
         <name>.text:__TI_writemsg</name>
         <load_address>0x49a4</load_address>
         <run_address>0x49a4</run_address>
         <size>0x38</size>
         <input_file_ref idref="fl-f9"/>
      </object_component>
      <object_component id="oc-55">
         <name>.text:_c_int00_noargs:_c_int00_noargs</name>
         <load_address>0x49dc</load_address>
         <run_address>0x49dc</run_address>
         <size>0x38</size>
         <input_file_ref idref="fl-d1"/>
      </object_component>
      <object_component id="oc-36d">
         <name>.text:minit</name>
         <load_address>0x4a14</load_address>
         <run_address>0x4a14</run_address>
         <size>0x38</size>
         <input_file_ref idref="fl-e5"/>
      </object_component>
      <object_component id="oc-245">
         <name>.text:strncpy</name>
         <load_address>0x4a4c</load_address>
         <run_address>0x4a4c</run_address>
         <size>0x36</size>
         <input_file_ref idref="fl-de"/>
      </object_component>
      <object_component id="oc-270">
         <name>.text:__TI_cleanup</name>
         <load_address>0x4a84</load_address>
         <run_address>0x4a84</run_address>
         <size>0x34</size>
         <input_file_ref idref="fl-d7"/>
      </object_component>
      <object_component id="oc-436">
         <name>.text:__TI_readmsg</name>
         <load_address>0x4ab8</load_address>
         <run_address>0x4ab8</run_address>
         <size>0x34</size>
         <input_file_ref idref="fl-f9"/>
      </object_component>
      <object_component id="oc-1cb">
         <name>.text:freopen</name>
         <load_address>0x4aec</load_address>
         <run_address>0x4aec</run_address>
         <size>0x34</size>
         <input_file_ref idref="fl-d7"/>
      </object_component>
      <object_component id="oc-23f">
         <name>.text:finddevice</name>
         <load_address>0x4b20</load_address>
         <run_address>0x4b20</run_address>
         <size>0x30</size>
         <input_file_ref idref="fl-d8"/>
      </object_component>
      <object_component id="oc-3b1">
         <name>.text</name>
         <load_address>0x4b50</load_address>
         <run_address>0x4b50</run_address>
         <size>0x2e</size>
         <input_file_ref idref="fl-103"/>
      </object_component>
      <object_component id="oc-364">
         <name>.text:unlink</name>
         <load_address>0x4b80</load_address>
         <run_address>0x4b80</run_address>
         <size>0x2c</size>
         <input_file_ref idref="fl-fa"/>
      </object_component>
      <object_component id="oc-4f1">
         <name>.text:lseek</name>
         <load_address>0x4bac</load_address>
         <run_address>0x4bac</run_address>
         <size>0x28</size>
         <input_file_ref idref="fl-109"/>
      </object_component>
      <object_component id="oc-373">
         <name>.text:mremove</name>
         <load_address>0x4bd4</load_address>
         <run_address>0x4bd4</run_address>
         <size>0x28</size>
         <input_file_ref idref="fl-e5"/>
      </object_component>
      <object_component id="oc-412">
         <name>.text:write</name>
         <load_address>0x4bfc</load_address>
         <run_address>0x4bfc</run_address>
         <size>0x28</size>
         <input_file_ref idref="fl-df"/>
      </object_component>
      <object_component id="oc-108">
         <name>.text</name>
         <load_address>0x4c24</load_address>
         <run_address>0x4c24</run_address>
         <size>0x24</size>
         <input_file_ref idref="fl-5"/>
      </object_component>
      <object_component id="oc-40c">
         <name>.text:memchr</name>
         <load_address>0x4c48</load_address>
         <run_address>0x4c48</run_address>
         <size>0x20</size>
         <input_file_ref idref="fl-ef"/>
      </object_component>
      <object_component id="oc-2b0">
         <name>.text:memccpy</name>
         <load_address>0x4c68</load_address>
         <run_address>0x4c68</run_address>
         <size>0x1c</size>
         <input_file_ref idref="fl-ee"/>
      </object_component>
      <object_component id="oc-30a">
         <name>.text:strcmp</name>
         <load_address>0x4c84</load_address>
         <run_address>0x4c84</run_address>
         <size>0x18</size>
         <input_file_ref idref="fl-dd"/>
      </object_component>
      <object_component id="oc-3e2">
         <name>.text:strchr</name>
         <load_address>0x4c9c</load_address>
         <run_address>0x4c9c</run_address>
         <size>0x16</size>
         <input_file_ref idref="fl-dc"/>
      </object_component>
      <object_component id="oc-492">
         <name>.text:copysign</name>
         <load_address>0x4cb2</load_address>
         <run_address>0x4cb2</run_address>
         <size>0x14</size>
         <input_file_ref idref="fl-10b"/>
      </object_component>
      <object_component id="oc-44a">
         <name>.text:strcpy</name>
         <load_address>0x4cc6</load_address>
         <run_address>0x4cc6</run_address>
         <size>0x14</size>
         <input_file_ref idref="fl-10a"/>
      </object_component>
      <object_component id="oc-281">
         <name>.text:strlen</name>
         <load_address>0x4cda</load_address>
         <run_address>0x4cda</run_address>
         <size>0x14</size>
         <input_file_ref idref="fl-f1"/>
      </object_component>
      <object_component id="oc-2b6">
         <name>.text:wcslen</name>
         <load_address>0x4cee</load_address>
         <run_address>0x4cee</run_address>
         <size>0x12</size>
         <input_file_ref idref="fl-fb"/>
      </object_component>
      <object_component id="oc-1a">
         <name>.text:decompress:none:__TI_decompress_none</name>
         <load_address>0x4d00</load_address>
         <run_address>0x4d00</run_address>
         <size>0xe</size>
         <input_file_ref idref="fl-cf"/>
      </object_component>
      <object_component id="oc-67">
         <name>.text</name>
         <load_address>0x4d0e</load_address>
         <run_address>0x4d0e</run_address>
         <size>0xe</size>
         <input_file_ref idref="fl-13"/>
      </object_component>
      <object_component id="oc-49">
         <name>.text:decompress:ZI:__TI_zero_init</name>
         <load_address>0x4d1c</load_address>
         <run_address>0x4d1c</run_address>
         <size>0xc</size>
         <input_file_ref idref="fl-ce"/>
      </object_component>
      <object_component id="oc-2bc">
         <name>.text:__aeabi_errno_addr</name>
         <load_address>0x4d28</load_address>
         <run_address>0x4d28</run_address>
         <size>0x8</size>
         <input_file_ref idref="fl-105"/>
      </object_component>
      <object_component id="oc-1ef">
         <name>.text:_outc</name>
         <load_address>0x4d30</load_address>
         <run_address>0x4d30</run_address>
         <size>0x4</size>
         <input_file_ref idref="fl-da"/>
      </object_component>
      <object_component id="oc-1e9">
         <name>.text:_outs</name>
         <load_address>0x4d34</load_address>
         <run_address>0x4d34</run_address>
         <size>0x4</size>
         <input_file_ref idref="fl-da"/>
      </object_component>
      <object_component id="oc-a3">
         <name>.text:_system_pre_init</name>
         <load_address>0x4d38</load_address>
         <run_address>0x4d38</run_address>
         <size>0x4</size>
         <input_file_ref idref="fl-e3"/>
      </object_component>
      <object_component id="oc-148">
         <name>.text:abort:abort</name>
         <load_address>0x4d3c</load_address>
         <run_address>0x4d3c</run_address>
         <size>0x4</size>
         <input_file_ref idref="fl-d2"/>
      </object_component>
      <object_component id="oc-38b">
         <name>.const:.string:_ctypes_</name>
         <load_address>0x4d40</load_address>
         <run_address>0x4d40</run_address>
         <size>0x101</size>
         <input_file_ref idref="fl-e8"/>
      </object_component>
      <object_component id="oc-538">
         <name>.cinit..data.load</name>
         <load_address>0x4e48</load_address>
         <run_address>0x4e48</run_address>
         <size>0x92</size>
      </object_component>
      <object_component id="oc-536">
         <name>__TI_handler_table</name>
         <load_address>0x4edc</load_address>
         <run_address>0x4edc</run_address>
         <size>0xc</size>
      </object_component>
      <object_component id="oc-539">
         <name>.cinit..bss.load</name>
         <load_address>0x4ee8</load_address>
         <run_address>0x4ee8</run_address>
         <size>0x8</size>
      </object_component>
      <object_component id="oc-537">
         <name>__TI_cinit_table</name>
         <load_address>0x4ef0</load_address>
         <run_address>0x4ef0</run_address>
         <size>0x10</size>
      </object_component>
      <object_component id="oc-50b">
         <name>.binit</name>
         <load_address>0x0</load_address>
         <run_address>0x0</run_address>
         <size>0x0</size>
      </object_component>
      <object_component id="oc-1a2">
         <name>.data</name>
         <load_address>0x20003820</load_address>
         <run_address>0x20003820</run_address>
         <size>0x18</size>
         <input_file_ref idref="fl-4"/>
      </object_component>
      <object_component id="oc-120">
         <name>.data</name>
         <load_address>0x2000388c</load_address>
         <run_address>0x2000388c</run_address>
         <size>0x8</size>
         <input_file_ref idref="fl-e"/>
      </object_component>
      <object_component id="oc-200">
         <name>.data</name>
         <load_address>0x20003878</load_address>
         <run_address>0x20003878</run_address>
         <size>0xa</size>
         <input_file_ref idref="fl-f"/>
      </object_component>
      <object_component id="oc-ef">
         <name>.data</name>
         <load_address>0x20003838</load_address>
         <run_address>0x20003838</run_address>
         <size>0x18</size>
         <input_file_ref idref="fl-12"/>
      </object_component>
      <object_component id="oc-186">
         <name>.data</name>
         <load_address>0x200038a4</load_address>
         <run_address>0x200038a4</run_address>
         <size>0x4</size>
         <input_file_ref idref="fl-14"/>
      </object_component>
      <object_component id="oc-213">
         <name>.data:$O1$$</name>
         <load_address>0x20003860</load_address>
         <run_address>0x20003860</run_address>
         <size>0xc</size>
         <input_file_ref idref="fl-d2"/>
      </object_component>
      <object_component id="oc-1e6">
         <name>.data:$O1$$</name>
         <load_address>0x20003884</load_address>
         <run_address>0x20003884</run_address>
         <size>0x8</size>
         <input_file_ref idref="fl-d3"/>
      </object_component>
      <object_component id="oc-24b">
         <name>.data</name>
         <load_address>0x20003894</load_address>
         <run_address>0x20003894</run_address>
         <size>0x4</size>
         <input_file_ref idref="fl-d4"/>
      </object_component>
      <object_component id="oc-1d7">
         <name>.data:_ftable</name>
         <load_address>0x20003668</load_address>
         <run_address>0x20003668</run_address>
         <size>0xf0</size>
         <input_file_ref idref="fl-d6"/>
      </object_component>
      <object_component id="oc-258">
         <name>.data</name>
         <load_address>0x20003850</load_address>
         <run_address>0x20003850</run_address>
         <size>0x10</size>
         <input_file_ref idref="fl-d6"/>
      </object_component>
      <object_component id="oc-257">
         <name>.data</name>
         <load_address>0x2000389c</load_address>
         <run_address>0x2000389c</run_address>
         <size>0x4</size>
         <input_file_ref idref="fl-d7"/>
      </object_component>
      <object_component id="oc-45f">
         <name>.data</name>
         <load_address>0x200038a0</load_address>
         <run_address>0x200038a0</run_address>
         <size>0x4</size>
         <input_file_ref idref="fl-d9"/>
      </object_component>
      <object_component id="oc-24c">
         <name>.data:_device</name>
         <load_address>0x20003758</load_address>
         <run_address>0x20003758</run_address>
         <size>0x78</size>
         <input_file_ref idref="fl-df"/>
      </object_component>
      <object_component id="oc-460">
         <name>.data:_stream</name>
         <load_address>0x200037d0</load_address>
         <run_address>0x200037d0</run_address>
         <size>0x50</size>
         <input_file_ref idref="fl-df"/>
      </object_component>
      <object_component id="oc-37f">
         <name>.data:$O1$$</name>
         <load_address>0x2000386c</load_address>
         <run_address>0x2000386c</run_address>
         <size>0xc</size>
         <input_file_ref idref="fl-e5"/>
      </object_component>
      <object_component id="oc-3f2">
         <name>.data</name>
         <load_address>0x20003898</load_address>
         <run_address>0x20003898</run_address>
         <size>0x4</size>
         <input_file_ref idref="fl-105"/>
      </object_component>
      <object_component id="oc-4bf">
         <name>.bss:_CIOBUF_</name>
         <uninitialized>true</uninitialized>
         <run_address>0x20003000</run_address>
         <size>0x120</size>
         <input_file_ref idref="fl-f9"/>
      </object_component>
      <object_component id="oc-191">
         <name>.common:Size</name>
         <uninitialized>true</uninitialized>
         <run_address>0x20003238</run_address>
         <size>0x4</size>
      </object_component>
      <object_component id="oc-18f">
         <name>.common:x</name>
         <uninitialized>true</uninitialized>
         <run_address>0x20000000</run_address>
         <size>0x1000</size>
      </object_component>
      <object_component id="oc-18c">
         <name>.common:Pt</name>
         <uninitialized>true</uninitialized>
         <run_address>0x20003224</run_address>
         <size>0x4</size>
      </object_component>
      <object_component id="oc-192">
         <name>.common:I1</name>
         <uninitialized>true</uninitialized>
         <run_address>0x20003208</run_address>
         <size>0x4</size>
      </object_component>
      <object_component id="oc-190">
         <name>.common:LPFSum</name>
         <uninitialized>true</uninitialized>
         <run_address>0x2000320c</run_address>
         <size>0x4</size>
      </object_component>
      <object_component id="oc-194">
         <name>.common:x2</name>
         <uninitialized>true</uninitialized>
         <run_address>0x20001000</run_address>
         <size>0x1000</size>
      </object_component>
      <object_component id="oc-193">
         <name>.common:Pt2</name>
         <uninitialized>true</uninitialized>
         <run_address>0x20003228</run_address>
         <size>0x4</size>
      </object_component>
      <object_component id="oc-195">
         <name>.common:LPFSum2</name>
         <uninitialized>true</uninitialized>
         <run_address>0x20003210</run_address>
         <size>0x4</size>
      </object_component>
      <object_component id="oc-197">
         <name>.common:x3</name>
         <uninitialized>true</uninitialized>
         <run_address>0x20002000</run_address>
         <size>0x1000</size>
      </object_component>
      <object_component id="oc-196">
         <name>.common:Pt3</name>
         <uninitialized>true</uninitialized>
         <run_address>0x2000322c</run_address>
         <size>0x4</size>
      </object_component>
      <object_component id="oc-198">
         <name>.common:LPFSum3</name>
         <uninitialized>true</uninitialized>
         <run_address>0x20003214</run_address>
         <size>0x4</size>
      </object_component>
      <object_component id="oc-1fc">
         <name>.common:Tachometer_FirstRightTime</name>
         <uninitialized>true</uninitialized>
         <run_address>0x2000325a</run_address>
         <size>0x2</size>
      </object_component>
      <object_component id="oc-1ff">
         <name>.common:Tachometer_SecondRightTime</name>
         <uninitialized>true</uninitialized>
         <run_address>0x2000325e</run_address>
         <size>0x2</size>
      </object_component>
      <object_component id="oc-203">
         <name>.common:Tachometer_FirstLeftTime</name>
         <uninitialized>true</uninitialized>
         <run_address>0x20003258</run_address>
         <size>0x2</size>
      </object_component>
      <object_component id="oc-204">
         <name>.common:Tachometer_SecondLeftTime</name>
         <uninitialized>true</uninitialized>
         <run_address>0x2000325c</run_address>
         <size>0x2</size>
      </object_component>
      <object_component id="oc-11c">
         <name>.common:TimerA1Task</name>
         <uninitialized>true</uninitialized>
         <run_address>0x2000323c</run_address>
         <size>0x4</size>
      </object_component>
      <object_component id="oc-1be">
         <name>.common:Messageindexb</name>
         <uninitialized>true</uninitialized>
         <run_address>0x20003220</run_address>
         <size>0x4</size>
      </object_component>
      <object_component id="oc-1bb">
         <name>.common:Messageb</name>
         <uninitialized>true</uninitialized>
         <run_address>0x200031e8</run_address>
         <size>0x8</size>
      </object_component>
      <object_component id="oc-e6">
         <name>.common:nr</name>
         <uninitialized>true</uninitialized>
         <run_address>0x20003250</run_address>
         <size>0x4</size>
      </object_component>
      <object_component id="oc-e9">
         <name>.common:nc</name>
         <uninitialized>true</uninitialized>
         <run_address>0x20003248</run_address>
         <size>0x4</size>
      </object_component>
      <object_component id="oc-ea">
         <name>.common:nl</name>
         <uninitialized>true</uninitialized>
         <run_address>0x2000324c</run_address>
         <size>0x4</size>
      </object_component>
      <object_component id="oc-ee">
         <name>.common:ADCflag</name>
         <uninitialized>true</uninitialized>
         <run_address>0x200031f8</run_address>
         <size>0x4</size>
      </object_component>
      <object_component id="oc-f5">
         <name>.common:ControllerFlag</name>
         <uninitialized>true</uninitialized>
         <run_address>0x20003200</run_address>
         <size>0x4</size>
      </object_component>
      <object_component id="oc-f3">
         <name>.common:UR</name>
         <uninitialized>true</uninitialized>
         <run_address>0x20003244</run_address>
         <size>0x4</size>
      </object_component>
      <object_component id="oc-f4">
         <name>.common:UL</name>
         <uninitialized>true</uninitialized>
         <run_address>0x20003240</run_address>
         <size>0x4</size>
      </object_component>
      <object_component id="oc-eb">
         <name>.common:Left</name>
         <uninitialized>true</uninitialized>
         <run_address>0x20003218</run_address>
         <size>0x4</size>
      </object_component>
      <object_component id="oc-ec">
         <name>.common:Center</name>
         <uninitialized>true</uninitialized>
         <run_address>0x200031fc</run_address>
         <size>0x4</size>
      </object_component>
      <object_component id="oc-ed">
         <name>.common:Right</name>
         <uninitialized>true</uninitialized>
         <run_address>0x20003230</run_address>
         <size>0x4</size>
      </object_component>
      <object_component id="oc-f2">
         <name>.common:Error</name>
         <uninitialized>true</uninitialized>
         <run_address>0x20003204</run_address>
         <size>0x4</size>
      </object_component>
      <object_component id="oc-114">
         <name>.common:ActualL</name>
         <uninitialized>true</uninitialized>
         <run_address>0x20003254</run_address>
         <size>0x2</size>
      </object_component>
      <object_component id="oc-115">
         <name>.common:ActualR</name>
         <uninitialized>true</uninitialized>
         <run_address>0x20003256</run_address>
         <size>0x2</size>
      </object_component>
      <object_component id="oc-10e">
         <name>.common:LeftTach</name>
         <uninitialized>true</uninitialized>
         <run_address>0x200031c0</run_address>
         <size>0x14</size>
      </object_component>
      <object_component id="oc-112">
         <name>.common:LeftDir</name>
         <uninitialized>true</uninitialized>
         <run_address>0x20003260</run_address>
         <size>0x1</size>
      </object_component>
      <object_component id="oc-113">
         <name>.common:LeftSteps</name>
         <uninitialized>true</uninitialized>
         <run_address>0x2000321c</run_address>
         <size>0x4</size>
      </object_component>
      <object_component id="oc-10f">
         <name>.common:RightTach</name>
         <uninitialized>true</uninitialized>
         <run_address>0x200031d4</run_address>
         <size>0x14</size>
      </object_component>
      <object_component id="oc-110">
         <name>.common:RightDir</name>
         <uninitialized>true</uninitialized>
         <run_address>0x20003261</run_address>
         <size>0x1</size>
      </object_component>
      <object_component id="oc-111">
         <name>.common:RightSteps</name>
         <uninitialized>true</uninitialized>
         <run_address>0x20003234</run_address>
         <size>0x4</size>
      </object_component>
      <object_component id="oc-36a">
         <name>.common:__TI_tmpnams</name>
         <uninitialized>true</uninitialized>
         <run_address>0x20003120</run_address>
         <size>0xa0</size>
      </object_component>
      <object_component id="oc-43c">
         <name>.common:parmbuf</name>
         <uninitialized>true</uninitialized>
         <run_address>0x200031f0</run_address>
         <size>0x8</size>
      </object_component>
      <object_component id="oc-29">
         <name>.sysmem</name>
         <uninitialized>true</uninitialized>
         <run_address>0x20003268</run_address>
         <size>0x8</size>
         <input_file_ref idref="fl-e5"/>
      </object_component>
      <object_component id="oc-53b">
         <name>.sysmem</name>
         <uninitialized>true</uninitialized>
         <run_address>0x20003268</run_address>
         <size>0x0</size>
      </object_component>
      <object_component id="oc-26">
         <name>.stack</name>
         <uninitialized>true</uninitialized>
         <run_address>0x2000fe00</run_address>
         <size>0x4</size>
         <input_file_ref idref="fl-d1"/>
      </object_component>
      <object_component id="oc-53a">
         <name>.stack</name>
         <uninitialized>true</uninitialized>
         <run_address>0x2000fe00</run_address>
         <size>0x0</size>
      </object_component>
      <object_component id="oc-18b">
         <name>.debug_info</name>
         <load_address>0x0</load_address>
         <run_address>0x0</run_address>
         <size>0x53c</size>
         <input_file_ref idref="fl-2"/>
      </object_component>
      <object_component id="oc-be">
         <name>.debug_info</name>
         <load_address>0x53c</load_address>
         <run_address>0x53c</run_address>
         <size>0x4d5</size>
         <input_file_ref idref="fl-2"/>
      </object_component>
      <object_component id="oc-1aa">
         <name>.debug_info</name>
         <load_address>0xa11</load_address>
         <run_address>0xa11</run_address>
         <size>0x37e2</size>
         <input_file_ref idref="fl-2"/>
      </object_component>
      <object_component id="oc-127">
         <name>.debug_info</name>
         <load_address>0x41f3</load_address>
         <run_address>0x41f3</run_address>
         <size>0x26b</size>
         <input_file_ref idref="fl-2"/>
      </object_component>
      <object_component id="oc-1af">
         <name>.debug_info</name>
         <load_address>0x445e</load_address>
         <run_address>0x445e</run_address>
         <size>0x1055</size>
         <input_file_ref idref="fl-2"/>
      </object_component>
      <object_component id="oc-32">
         <name>.debug_info</name>
         <load_address>0x54b3</load_address>
         <run_address>0x54b3</run_address>
         <size>0x84</size>
         <input_file_ref idref="fl-2"/>
      </object_component>
      <object_component id="oc-207">
         <name>.debug_info</name>
         <load_address>0x5537</load_address>
         <run_address>0x5537</run_address>
         <size>0x297</size>
         <input_file_ref idref="fl-2"/>
      </object_component>
      <object_component id="oc-117">
         <name>.debug_info</name>
         <load_address>0x57ce</load_address>
         <run_address>0x57ce</run_address>
         <size>0xbb</size>
         <input_file_ref idref="fl-2"/>
      </object_component>
      <object_component id="oc-e1">
         <name>.debug_info</name>
         <load_address>0x5889</load_address>
         <run_address>0x5889</run_address>
         <size>0x161</size>
         <input_file_ref idref="fl-3"/>
      </object_component>
      <object_component id="oc-1a3">
         <name>.debug_info</name>
         <load_address>0x59ea</load_address>
         <run_address>0x59ea</run_address>
         <size>0x192</size>
         <input_file_ref idref="fl-4"/>
      </object_component>
      <object_component id="oc-d6">
         <name>.debug_info</name>
         <load_address>0x5b7c</load_address>
         <run_address>0x5b7c</run_address>
         <size>0x2b6</size>
         <input_file_ref idref="fl-4"/>
      </object_component>
      <object_component id="oc-10a">
         <name>.debug_info</name>
         <load_address>0x5e32</load_address>
         <run_address>0x5e32</run_address>
         <size>0x277</size>
         <input_file_ref idref="fl-5"/>
      </object_component>
      <object_component id="oc-c9">
         <name>.debug_info</name>
         <load_address>0x60a9</load_address>
         <run_address>0x60a9</run_address>
         <size>0x22d</size>
         <input_file_ref idref="fl-6"/>
      </object_component>
      <object_component id="oc-18d">
         <name>.debug_info</name>
         <load_address>0x62d6</load_address>
         <run_address>0x62d6</run_address>
         <size>0x653</size>
         <input_file_ref idref="fl-7"/>
      </object_component>
      <object_component id="oc-c5">
         <name>.debug_info</name>
         <load_address>0x6929</load_address>
         <run_address>0x6929</run_address>
         <size>0x528</size>
         <input_file_ref idref="fl-7"/>
      </object_component>
      <object_component id="oc-db">
         <name>.debug_info</name>
         <load_address>0x6e51</load_address>
         <run_address>0x6e51</run_address>
         <size>0x27c</size>
         <input_file_ref idref="fl-8"/>
      </object_component>
      <object_component id="oc-d0">
         <name>.debug_info</name>
         <load_address>0x70cd</load_address>
         <run_address>0x70cd</run_address>
         <size>0x56a</size>
         <input_file_ref idref="fl-9"/>
      </object_component>
      <object_component id="oc-308">
         <name>.debug_info</name>
         <load_address>0x7637</load_address>
         <run_address>0x7637</run_address>
         <size>0x5bf</size>
         <input_file_ref idref="fl-a"/>
      </object_component>
      <object_component id="oc-23a">
         <name>.debug_info</name>
         <load_address>0x7bf6</load_address>
         <run_address>0x7bf6</run_address>
         <size>0xcc</size>
         <input_file_ref idref="fl-a"/>
      </object_component>
      <object_component id="oc-1f7">
         <name>.debug_info</name>
         <load_address>0x7cc2</load_address>
         <run_address>0x7cc2</run_address>
         <size>0x2c</size>
         <input_file_ref idref="fl-a"/>
      </object_component>
      <object_component id="oc-19d">
         <name>.debug_info</name>
         <load_address>0x7cee</load_address>
         <run_address>0x7cee</run_address>
         <size>0x479</size>
         <input_file_ref idref="fl-b"/>
      </object_component>
      <object_component id="oc-124">
         <name>.debug_info</name>
         <load_address>0x8167</load_address>
         <run_address>0x8167</run_address>
         <size>0x552</size>
         <input_file_ref idref="fl-e"/>
      </object_component>
      <object_component id="oc-121">
         <name>.debug_info</name>
         <load_address>0x86b9</load_address>
         <run_address>0x86b9</run_address>
         <size>0x11a</size>
         <input_file_ref idref="fl-e"/>
      </object_component>
      <object_component id="oc-7b">
         <name>.debug_info</name>
         <load_address>0x87d3</load_address>
         <run_address>0x87d3</run_address>
         <size>0x2dd</size>
         <input_file_ref idref="fl-e"/>
      </object_component>
      <object_component id="oc-1fd">
         <name>.debug_info</name>
         <load_address>0x8ab0</load_address>
         <run_address>0x8ab0</run_address>
         <size>0x6a8</size>
         <input_file_ref idref="fl-f"/>
      </object_component>
      <object_component id="oc-201">
         <name>.debug_info</name>
         <load_address>0x9158</load_address>
         <run_address>0x9158</run_address>
         <size>0x1a3</size>
         <input_file_ref idref="fl-f"/>
      </object_component>
      <object_component id="oc-104">
         <name>.debug_info</name>
         <load_address>0x92fb</load_address>
         <run_address>0x92fb</run_address>
         <size>0x3e7</size>
         <input_file_ref idref="fl-f"/>
      </object_component>
      <object_component id="oc-1b4">
         <name>.debug_info</name>
         <load_address>0x96e2</load_address>
         <run_address>0x96e2</run_address>
         <size>0x48</size>
         <input_file_ref idref="fl-f"/>
      </object_component>
      <object_component id="oc-11d">
         <name>.debug_info</name>
         <load_address>0x972a</load_address>
         <run_address>0x972a</run_address>
         <size>0x567</size>
         <input_file_ref idref="fl-10"/>
      </object_component>
      <object_component id="oc-75">
         <name>.debug_info</name>
         <load_address>0x9c91</load_address>
         <run_address>0x9c91</run_address>
         <size>0x218</size>
         <input_file_ref idref="fl-10"/>
      </object_component>
      <object_component id="oc-1bc">
         <name>.debug_info</name>
         <load_address>0x9ea9</load_address>
         <run_address>0x9ea9</run_address>
         <size>0x783</size>
         <input_file_ref idref="fl-11"/>
      </object_component>
      <object_component id="oc-f8">
         <name>.debug_info</name>
         <load_address>0xa62c</load_address>
         <run_address>0xa62c</run_address>
         <size>0x12ee</size>
         <input_file_ref idref="fl-11"/>
      </object_component>
      <object_component id="oc-1db">
         <name>.debug_info</name>
         <load_address>0xb91a</load_address>
         <run_address>0xb91a</run_address>
         <size>0x2c</size>
         <input_file_ref idref="fl-11"/>
      </object_component>
      <object_component id="oc-e7">
         <name>.debug_info</name>
         <load_address>0xb946</load_address>
         <run_address>0xb946</run_address>
         <size>0xb29</size>
         <input_file_ref idref="fl-12"/>
      </object_component>
      <object_component id="oc-f0">
         <name>.debug_info</name>
         <load_address>0xc46f</load_address>
         <run_address>0xc46f</run_address>
         <size>0x1a7</size>
         <input_file_ref idref="fl-12"/>
      </object_component>
      <object_component id="oc-6f">
         <name>.debug_info</name>
         <load_address>0xc616</load_address>
         <run_address>0xc616</run_address>
         <size>0x758</size>
         <input_file_ref idref="fl-12"/>
      </object_component>
      <object_component id="oc-81">
         <name>.debug_info</name>
         <load_address>0xcd6e</load_address>
         <run_address>0xcd6e</run_address>
         <size>0x2d5</size>
         <input_file_ref idref="fl-13"/>
      </object_component>
      <object_component id="oc-24">
         <name>.debug_info</name>
         <load_address>0xd043</load_address>
         <run_address>0xd043</run_address>
         <size>0x101</size>
         <input_file_ref idref="fl-13"/>
      </object_component>
      <object_component id="oc-68">
         <name>.debug_info</name>
         <load_address>0xd144</load_address>
         <run_address>0xd144</run_address>
         <size>0x1c8</size>
         <input_file_ref idref="fl-13"/>
      </object_component>
      <object_component id="oc-187">
         <name>.debug_info</name>
         <load_address>0xd30c</load_address>
         <run_address>0xd30c</run_address>
         <size>0xfa</size>
         <input_file_ref idref="fl-14"/>
      </object_component>
      <object_component id="oc-b6">
         <name>.debug_info</name>
         <load_address>0xd406</load_address>
         <run_address>0xd406</run_address>
         <size>0x26c</size>
         <input_file_ref idref="fl-14"/>
      </object_component>
      <object_component id="oc-9c">
         <name>.debug_info</name>
         <load_address>0xd672</load_address>
         <run_address>0xd672</run_address>
         <size>0x31e</size>
         <input_file_ref idref="fl-ce"/>
      </object_component>
      <object_component id="oc-4c">
         <name>.debug_info</name>
         <load_address>0xd990</load_address>
         <run_address>0xd990</run_address>
         <size>0x1b5</size>
         <input_file_ref idref="fl-ce"/>
      </object_component>
      <object_component id="oc-97">
         <name>.debug_info</name>
         <load_address>0xdb45</load_address>
         <run_address>0xdb45</run_address>
         <size>0x46</size>
         <input_file_ref idref="fl-ce"/>
      </object_component>
      <object_component id="oc-13f">
         <name>.debug_info</name>
         <load_address>0xdb8b</load_address>
         <run_address>0xdb8b</run_address>
         <size>0x2c</size>
         <input_file_ref idref="fl-ce"/>
      </object_component>
      <object_component id="oc-42">
         <name>.debug_info</name>
         <load_address>0xdbb7</load_address>
         <run_address>0xdbb7</run_address>
         <size>0x2a8</size>
         <input_file_ref idref="fl-cf"/>
      </object_component>
      <object_component id="oc-1b">
         <name>.debug_info</name>
         <load_address>0xde5f</load_address>
         <run_address>0xde5f</run_address>
         <size>0x1ea</size>
         <input_file_ref idref="fl-cf"/>
      </object_component>
      <object_component id="oc-3d">
         <name>.debug_info</name>
         <load_address>0xe049</load_address>
         <run_address>0xe049</run_address>
         <size>0x46</size>
         <input_file_ref idref="fl-cf"/>
      </object_component>
      <object_component id="oc-8f">
         <name>.debug_info</name>
         <load_address>0xe08f</load_address>
         <run_address>0xe08f</run_address>
         <size>0x2c</size>
         <input_file_ref idref="fl-cf"/>
      </object_component>
      <object_component id="oc-8d">
         <name>.debug_info</name>
         <load_address>0xe0bb</load_address>
         <run_address>0xe0bb</run_address>
         <size>0x29e</size>
         <input_file_ref idref="fl-d0"/>
      </object_component>
      <object_component id="oc-17">
         <name>.debug_info</name>
         <load_address>0xe359</load_address>
         <run_address>0xe359</run_address>
         <size>0x250</size>
         <input_file_ref idref="fl-d0"/>
      </object_component>
      <object_component id="oc-2d">
         <name>.debug_info</name>
         <load_address>0xe5a9</load_address>
         <run_address>0xe5a9</run_address>
         <size>0x60</size>
         <input_file_ref idref="fl-d0"/>
      </object_component>
      <object_component id="oc-138">
         <name>.debug_info</name>
         <load_address>0xe609</load_address>
         <run_address>0xe609</run_address>
         <size>0x46</size>
         <input_file_ref idref="fl-d0"/>
      </object_component>
      <object_component id="oc-88">
         <name>.debug_info</name>
         <load_address>0xe64f</load_address>
         <run_address>0xe64f</run_address>
         <size>0x39</size>
         <input_file_ref idref="fl-d0"/>
      </object_component>
      <object_component id="oc-27">
         <name>.debug_info</name>
         <load_address>0xe688</load_address>
         <run_address>0xe688</run_address>
         <size>0x10b</size>
         <input_file_ref idref="fl-d1"/>
      </object_component>
      <object_component id="oc-57">
         <name>.debug_info</name>
         <load_address>0xe793</load_address>
         <run_address>0xe793</run_address>
         <size>0x1af</size>
         <input_file_ref idref="fl-d1"/>
      </object_component>
      <object_component id="oc-217">
         <name>.debug_info</name>
         <load_address>0xe942</load_address>
         <run_address>0xe942</run_address>
         <size>0x3ad</size>
         <input_file_ref idref="fl-d2"/>
      </object_component>
      <object_component id="oc-214">
         <name>.debug_info</name>
         <load_address>0xecef</load_address>
         <run_address>0xecef</run_address>
         <size>0x190</size>
         <input_file_ref idref="fl-d2"/>
      </object_component>
      <object_component id="oc-14b">
         <name>.debug_info</name>
         <load_address>0xee7f</load_address>
         <run_address>0xee7f</run_address>
         <size>0x122</size>
         <input_file_ref idref="fl-d2"/>
      </object_component>
      <object_component id="oc-150">
         <name>.debug_info</name>
         <load_address>0xefa1</load_address>
         <run_address>0xefa1</run_address>
         <size>0x184</size>
         <input_file_ref idref="fl-d2"/>
      </object_component>
      <object_component id="oc-2d6">
         <name>.debug_info</name>
         <load_address>0xf125</load_address>
         <run_address>0xf125</run_address>
         <size>0x2c9</size>
         <input_file_ref idref="fl-d3"/>
      </object_component>
      <object_component id="oc-1e7">
         <name>.debug_info</name>
         <load_address>0xf3ee</load_address>
         <run_address>0xf3ee</run_address>
         <size>0x11e</size>
         <input_file_ref idref="fl-d3"/>
      </object_component>
      <object_component id="oc-2d0">
         <name>.debug_info</name>
         <load_address>0xf50c</load_address>
         <run_address>0xf50c</run_address>
         <size>0x12e</size>
         <input_file_ref idref="fl-d3"/>
      </object_component>
      <object_component id="oc-250">
         <name>.debug_info</name>
         <load_address>0xf63a</load_address>
         <run_address>0xf63a</run_address>
         <size>0x445</size>
         <input_file_ref idref="fl-d4"/>
      </object_component>
      <object_component id="oc-1c0">
         <name>.debug_info</name>
         <load_address>0xfa7f</load_address>
         <run_address>0xfa7f</run_address>
         <size>0x2db</size>
         <input_file_ref idref="fl-d4"/>
      </object_component>
      <object_component id="oc-348">
         <name>.debug_info</name>
         <load_address>0xfd5a</load_address>
         <run_address>0xfd5a</run_address>
         <size>0xea</size>
         <input_file_ref idref="fl-d4"/>
      </object_component>
      <object_component id="oc-343">
         <name>.debug_info</name>
         <load_address>0xfe44</load_address>
         <run_address>0xfe44</run_address>
         <size>0x2c</size>
         <input_file_ref idref="fl-d4"/>
      </object_component>
      <object_component id="oc-27f">
         <name>.debug_info</name>
         <load_address>0xfe70</load_address>
         <run_address>0xfe70</run_address>
         <size>0x144</size>
         <input_file_ref idref="fl-d6"/>
      </object_component>
      <object_component id="oc-1d8">
         <name>.debug_info</name>
         <load_address>0xffb4</load_address>
         <run_address>0xffb4</run_address>
         <size>0x102</size>
         <input_file_ref idref="fl-d6"/>
      </object_component>
      <object_component id="oc-259">
         <name>.debug_info</name>
         <load_address>0x100b6</load_address>
         <run_address>0x100b6</run_address>
         <size>0x18f</size>
         <input_file_ref idref="fl-d6"/>
      </object_component>
      <object_component id="oc-2e8">
         <name>.debug_info</name>
         <load_address>0x10245</load_address>
         <run_address>0x10245</run_address>
         <size>0xb2</size>
         <input_file_ref idref="fl-d6"/>
      </object_component>
      <object_component id="oc-25c">
         <name>.debug_info</name>
         <load_address>0x102f7</load_address>
         <run_address>0x102f7</run_address>
         <size>0x415</size>
         <input_file_ref idref="fl-d7"/>
      </object_component>
      <object_component id="oc-254">
         <name>.debug_info</name>
         <load_address>0x1070c</load_address>
         <run_address>0x1070c</run_address>
         <size>0x1fd</size>
         <input_file_ref idref="fl-d7"/>
      </object_component>
      <object_component id="oc-273">
         <name>.debug_info</name>
         <load_address>0x10909</load_address>
         <run_address>0x10909</run_address>
         <size>0x176</size>
         <input_file_ref idref="fl-d7"/>
      </object_component>
      <object_component id="oc-1ce">
         <name>.debug_info</name>
         <load_address>0x10a7f</load_address>
         <run_address>0x10a7f</run_address>
         <size>0x1e4</size>
         <input_file_ref idref="fl-d7"/>
      </object_component>
      <object_component id="oc-1c8">
         <name>.debug_info</name>
         <load_address>0x10c63</load_address>
         <run_address>0x10c63</run_address>
         <size>0x1cd</size>
         <input_file_ref idref="fl-d7"/>
      </object_component>
      <object_component id="oc-12e">
         <name>.debug_info</name>
         <load_address>0x10e30</load_address>
         <run_address>0x10e30</run_address>
         <size>0x2c</size>
         <input_file_ref idref="fl-d7"/>
      </object_component>
      <object_component id="oc-311">
         <name>.debug_info</name>
         <load_address>0x10e5c</load_address>
         <run_address>0x10e5c</run_address>
         <size>0x42c</size>
         <input_file_ref idref="fl-d8"/>
      </object_component>
      <object_component id="oc-240">
         <name>.debug_info</name>
         <load_address>0x11288</load_address>
         <run_address>0x11288</run_address>
         <size>0x192</size>
         <input_file_ref idref="fl-d8"/>
      </object_component>
      <object_component id="oc-45a">
         <name>.debug_info</name>
         <load_address>0x1141a</load_address>
         <run_address>0x1141a</run_address>
         <size>0x1eb</size>
         <input_file_ref idref="fl-d8"/>
      </object_component>
      <object_component id="oc-464">
         <name>.debug_info</name>
         <load_address>0x11605</load_address>
         <run_address>0x11605</run_address>
         <size>0x402</size>
         <input_file_ref idref="fl-d9"/>
      </object_component>
      <object_component id="oc-34e">
         <name>.debug_info</name>
         <load_address>0x11a07</load_address>
         <run_address>0x11a07</run_address>
[...]
         <name>__TI_tmpnams</name>
         <value>0x20003120</value>
      </symbol>
      <symbol id="sm-4cb">
         <name>__aeabi_stdout</name>
         <value>0x20003858</value>
         <object_component_ref idref="oc-258"/>
      </symbol>
      <symbol id="sm-4cc">
         <name>__aeabi_stderr</name>
         <value>0x2000385c</value>
         <object_component_ref idref="oc-258"/>
      </symbol>
      <symbol id="sm-4cd">
         <name>__aeabi_stdin</name>
         <value>0x20003854</value>
         <object_component_ref idref="oc-258"/>
      </symbol>
      <symbol id="sm-4ce">
         <name>_ftable</name>
         <value>0x20003668</value>
         <object_component_ref idref="oc-1d7"/>
      </symbol>
      <symbol id="sm-4cf">
         <name>__TI_ft_end</name>
         <value>0x20003850</value>
         <object_component_ref idref="oc-258"/>
      </symbol>
      <symbol id="sm-522">
         <name>__TI_cleanup</name>
         <value>0x4a85</value>
         <object_component_ref idref="oc-270"/>
      </symbol>
      <symbol id="sm-523">
         <name>freopen</name>
         <value>0x4aed</value>
         <object_component_ref idref="oc-1cb"/>
      </symbol>
      <symbol id="sm-524">
         <name>fopen</name>
         <value>0x3b89</value>
         <object_component_ref idref="oc-1c5"/>
      </symbol>
      <symbol id="sm-542">
         <name>finddevice</name>
         <value>0x4b21</value>
         <object_component_ref idref="oc-23f"/>
      </symbol>
      <symbol id="sm-543">
         <name>getdevice</name>
         <value>0x48e5</value>
         <object_component_ref idref="oc-459"/>
      </symbol>
      <symbol id="sm-565">
         <name>open</name>
         <value>0x38b9</value>
         <object_component_ref idref="oc-34d"/>
      </symbol>
      <symbol id="sm-58c">
         <name>printf</name>
         <value>0x42f5</value>
         <object_component_ref idref="oc-fc"/>
      </symbol>
      <symbol id="sm-5ad">
         <name>setvbuf</name>
         <value>0x3635</value>
         <object_component_ref idref="oc-1d1"/>
      </symbol>
      <symbol id="sm-5bd">
         <name>strchr</name>
         <value>0x4c9d</value>
         <object_component_ref idref="oc-3e2"/>
      </symbol>
      <symbol id="sm-5cc">
         <name>strcmp</name>
         <value>0x4c85</value>
         <object_component_ref idref="oc-30a"/>
      </symbol>
      <symbol id="sm-5dc">
         <name>strncpy</name>
         <value>0x4a4d</value>
         <object_component_ref idref="oc-245"/>
      </symbol>
      <symbol id="sm-5f8">
         <name>_stream</name>
         <value>0x200037d0</value>
         <object_component_ref idref="oc-460"/>
      </symbol>
      <symbol id="sm-5f9">
         <name>_device</name>
         <value>0x20003758</value>
         <object_component_ref idref="oc-24c"/>
      </symbol>
      <symbol id="sm-5fa">
         <name>write</name>
         <value>0x4bfd</value>
         <object_component_ref idref="oc-412"/>
      </symbol>
      <symbol id="sm-615">
         <name>memcpy</name>
         <value>0x3c25</value>
         <object_component_ref idref="oc-37"/>
      </symbol>
      <symbol id="sm-616">
         <name>__aeabi_memcpy</name>
         <value>0x3c25</value>
         <object_component_ref idref="oc-37"/>
      </symbol>
      <symbol id="sm-617">
         <name>__aeabi_memcpy8</name>
         <value>0x3c25</value>
         <object_component_ref idref="oc-37"/>
      </symbol>
      <symbol id="sm-618">
         <name>__aeabi_memcpy4</name>
         <value>0x3c25</value>
         <object_component_ref idref="oc-37"/>
      </symbol>
      <symbol id="sm-627">
         <name>__aeabi_memset</name>
         <value>0x3f6f</value>
         <object_component_ref idref="oc-9d"/>
      </symbol>
      <symbol id="sm-628">
         <name>memset</name>
         <value>0x3f75</value>
         <object_component_ref idref="oc-9d"/>
      </symbol>
      <symbol id="sm-629">
         <name>__aeabi_memset8</name>
         <value>0x3f6f</value>
         <object_component_ref idref="oc-9d"/>
      </symbol>
      <symbol id="sm-62a">
         <name>__aeabi_memset4</name>
         <value>0x3f6f</value>
         <object_component_ref idref="oc-9d"/>
      </symbol>
      <symbol id="sm-62b">
         <name>__aeabi_memclr8</name>
         <value>0x3f6d</value>
         <object_component_ref idref="oc-9d"/>
      </symbol>
      <symbol id="sm-62c">
         <name>__aeabi_memclr4</name>
         <value>0x3f6d</value>
         <object_component_ref idref="oc-9d"/>
      </symbol>
      <symbol id="sm-62d">
         <name>__aeabi_memclr</name>
         <value>0x3f6d</value>
         <object_component_ref idref="oc-9d"/>
      </symbol>
      <symbol id="sm-655">
         <name>__TI_auto_init_nobinit_nopinit</name>
         <value>0x48a1</value>
         <object_component_ref idref="oc-154"/>
      </symbol>
      <symbol id="sm-65f">
         <name>_system_pre_init</name>
         <value>0x4d39</value>
         <object_component_ref idref="oc-a3"/>
      </symbol>
      <symbol id="sm-6d6">
         <name>_sys_memory</name>
         <value>0x20003268</value>
         <object_component_ref idref="oc-29"/>
      </symbol>
      <symbol id="sm-6d7">
         <name>free</name>
         <value>0x3711</value>
         <object_component_ref idref="oc-264"/>
      </symbol>
      <symbol id="sm-6d8">
         <name>malloc</name>
         <value>0x4061</value>
         <object_component_ref idref="oc-26a"/>
      </symbol>
      <symbol id="sm-6d9">
         <name>minit</name>
         <value>0x4a15</value>
         <object_component_ref idref="oc-36d"/>
      </symbol>
      <symbol id="sm-83e">
         <name>__TI_printfi</name>
         <value>0xe5</value>
         <object_component_ref idref="oc-1e0"/>
      </symbol>
      <symbol id="sm-854">
         <name>atoi</name>
         <value>0x473d</value>
         <object_component_ref idref="oc-287"/>
      </symbol>
      <symbol id="sm-85f">
         <name>_ctypes_</name>
         <value>0x4d40</value>
         <object_component_ref idref="oc-38b"/>
      </symbol>
      <symbol id="sm-874">
         <name>__TI_closefile</name>
         <value>0x40d9</value>
         <object_component_ref idref="oc-25d"/>
      </symbol>
      <symbol id="sm-884">
         <name>__TI_doflush</name>
         <value>0x46f1</value>
         <object_component_ref idref="oc-358"/>
      </symbol>
      <symbol id="sm-899">
         <name>putc</name>
         <value>0x3d59</value>
         <object_component_ref idref="oc-2df"/>
      </symbol>
      <symbol id="sm-89a">
         <name>fputc</name>
         <value>0x3d59</value>
         <object_component_ref idref="oc-2df"/>
      </symbol>
      <symbol id="sm-8b8">
         <name>fputs</name>
         <value>0x3221</value>
         <object_component_ref idref="oc-2d8"/>
      </symbol>
      <symbol id="sm-8c7">
         <name>ltoa</name>
         <value>0x464b</value>
         <object_component_ref idref="oc-3ab"/>
      </symbol>
      <symbol id="sm-8d7">
         <name>memccpy</name>
         <value>0x4c69</value>
         <object_component_ref idref="oc-2b0"/>
      </symbol>
      <symbol id="sm-8e7">
         <name>memchr</name>
         <value>0x4c49</value>
         <object_component_ref idref="oc-40c"/>
      </symbol>
      <symbol id="sm-8f6">
         <name>strlen</name>
         <value>0x4cdb</value>
         <object_component_ref idref="oc-281"/>
      </symbol>
      <symbol id="sm-907">
         <name>HOSTclose</name>
         <value>0x4819</value>
         <object_component_ref idref="oc-31a"/>
      </symbol>
      <symbol id="sm-918">
         <name>HOSTlseek</name>
         <value>0x41bd</value>
         <object_component_ref idref="oc-32c"/>
      </symbol>
      <symbol id="sm-92a">
         <name>parmbuf</name>
         <value>0x200031f0</value>
      </symbol>
      <symbol id="sm-92b">
         <name>HOSTopen</name>
         <value>0x4489</value>
         <object_component_ref idref="oc-314"/>
      </symbol>
      <symbol id="sm-93c">
         <name>HOSTread</name>
         <value>0x4545</value>
         <object_component_ref idref="oc-320"/>
      </symbol>
      <symbol id="sm-94d">
         <name>HOSTrename</name>
         <value>0x4225</value>
         <object_component_ref idref="oc-338"/>
      </symbol>
      <symbol id="sm-95e">
         <name>HOSTunlink</name>
         <value>0x485d</value>
         <object_component_ref idref="oc-332"/>
      </symbol>
      <symbol id="sm-96f">
         <name>HOSTwrite</name>
         <value>0x459d</value>
         <object_component_ref idref="oc-326"/>
      </symbol>
      <symbol id="sm-993">
         <name>__TI_readmsg</name>
         <value>0x4ab9</value>
         <object_component_ref idref="oc-436"/>
      </symbol>
      <symbol id="sm-994">
         <name>C$$IO$$</name>
         <value>0x49d3</value>
         <object_component_ref idref="oc-430"/>
      </symbol>
      <symbol id="sm-995">
         <name>__CIOBUF_</name>
         <value>0x20003000</value>
         <object_component_ref idref="oc-4bf"/>
      </symbol>
      <symbol id="sm-996">
         <name>__TI_writemsg</name>
         <value>0x49a5</value>
         <object_component_ref idref="oc-430"/>
      </symbol>
      <symbol id="sm-9a6">
         <name>unlink</name>
         <value>0x4b81</value>
         <object_component_ref idref="oc-364"/>
      </symbol>
      <symbol id="sm-9bf">
         <name>wcslen</name>
         <value>0x4cef</value>
         <object_component_ref idref="oc-2b6"/>
      </symbol>
      <symbol id="sm-9df">
         <name>frexpl</name>
         <value>0x435d</value>
         <object_component_ref idref="oc-3d6"/>
      </symbol>
      <symbol id="sm-9e0">
         <name>frexp</name>
         <value>0x435d</value>
         <object_component_ref idref="oc-3d6"/>
      </symbol>
      <symbol id="sm-9fd">
         <name>scalbn</name>
         <value>0x3335</value>
         <object_component_ref idref="oc-3dc"/>
      </symbol>
      <symbol id="sm-9fe">
         <name>scalbnl</name>
         <value>0x3335</value>
         <object_component_ref idref="oc-3dc"/>
      </symbol>
      <symbol id="sm-9ff">
         <name>ldexpl</name>
         <value>0x3335</value>
         <object_component_ref idref="oc-3dc"/>
      </symbol>
      <symbol id="sm-a00">
         <name>ldexp</name>
         <value>0x3335</value>
         <object_component_ref idref="oc-3dc"/>
      </symbol>
      <symbol id="sm-a17">
         <name>__aeabi_dsub</name>
         <value>0x28a9</value>
         <object_component_ref idref="oc-3b6"/>
      </symbol>
      <symbol id="sm-a18">
         <name>__aeabi_dadd</name>
         <value>0x28b3</value>
         <object_component_ref idref="oc-3b6"/>
      </symbol>
      <symbol id="sm-a3a">
         <name>__aeabi_cdcmpeq</name>
         <value>0x3de5</value>
         <object_component_ref idref="oc-293"/>
      </symbol>
      <symbol id="sm-a3b">
         <name>__aeabi_cdcmple</name>
         <value>0x3de5</value>
         <object_component_ref idref="oc-293"/>
      </symbol>
      <symbol id="sm-a3c">
         <name>__aeabi_cdrcmple</name>
         <value>0x3e6b</value>
         <object_component_ref idref="oc-3a1"/>
      </symbol>
      <symbol id="sm-a50">
         <name>__aeabi_ddiv</name>
         <value>0x2e91</value>
         <object_component_ref idref="oc-39c"/>
      </symbol>
      <symbol id="sm-a5b">
         <name>__aeabi_dmul</name>
         <value>0x3445</value>
         <object_component_ref idref="oc-397"/>
      </symbol>
      <symbol id="sm-a65">
         <name>__aeabi_d2iz</name>
         <value>0x47d1</value>
         <object_component_ref idref="oc-3a6"/>
      </symbol>
      <symbol id="sm-a6f">
         <name>__aeabi_i2d</name>
         <value>0x4b51</value>
         <object_component_ref idref="oc-3b1"/>
      </symbol>
      <symbol id="sm-a7c">
         <name>__aeabi_uldivmod</name>
         <value>0x3cc1</value>
         <object_component_ref idref="oc-390"/>
      </symbol>
      <symbol id="sm-a92">
         <name>__aeabi_errno_addr</name>
         <value>0x4d29</value>
         <object_component_ref idref="oc-2bc"/>
      </symbol>
      <symbol id="sm-a93">
         <name>errno</name>
         <value>0x20003898</value>
         <object_component_ref idref="oc-3f2"/>
      </symbol>
      <symbol id="sm-aa6">
         <name>__TI_wrt_ok</name>
         <value>0x4425</value>
         <object_component_ref idref="oc-406"/>
      </symbol>
      <symbol id="sm-aba">
         <name>close</name>
         <value>0x44e9</value>
         <object_component_ref idref="oc-35e"/>
      </symbol>
      <symbol id="sm-acc">
         <name>fseek</name>
         <value>0x43c1</value>
         <object_component_ref idref="oc-4ae"/>
      </symbol>
      <symbol id="sm-adc">
         <name>lseek</name>
         <value>0x4bad</value>
         <object_component_ref idref="oc-4f1"/>
      </symbol>
      <symbol id="sm-aea">
         <name>strcpy</name>
         <value>0x4cc7</value>
         <object_component_ref idref="oc-44a"/>
      </symbol>
      <symbol id="sm-af4">
         <name>copysign</name>
         <value>0x4cb3</value>
         <object_component_ref idref="oc-492"/>
      </symbol>
      <symbol id="sm-af5">
         <name>copysignl</name>
         <value>0x4cb3</value>
         <object_component_ref idref="oc-492"/>
      </symbol>
      <symbol id="sm-aff">
         <name>__aeabi_idiv0</name>
         <value>0x2a5f</value>
         <object_component_ref idref="oc-479"/>
      </symbol>
      <symbol id="sm-b00">
         <name>__aeabi_ldiv0</name>
         <value>0x2a5f</value>
         <object_component_ref idref="oc-479"/>
      </symbol>
      <symbol id="sm-b01">
         <name>__TI_static_base__</name>
         <value>0x0</value>
      </symbol>
      <symbol id="sm-b04">
         <name>__mpu_init</name>
         <value>0x0</value>
      </symbol>
      <symbol id="sm-b05">
         <name>_system_post_cinit</name>
         <value>0x0</value>
      </symbol>
      <symbol id="sm-b06">
         <name>NMI_Handler</name>
         <value>0x4d1b</value>
      </symbol>
      <symbol id="sm-b07">
         <name>HardFault_Handler</name>
         <value>0x4d1b</value>
      </symbol>
      <symbol id="sm-b08">
         <name>MemManage_Handler</name>
         <value>0x4d1b</value>
      </symbol>
      <symbol id="sm-b09">
         <name>BusFault_Handler</name>
         <value>0x4d1b</value>
      </symbol>
      <symbol id="sm-b0a">
         <name>UsageFault_Handler</name>
         <value>0x4d1b</value>
      </symbol>
      <symbol id="sm-b0b">
         <name>SVC_Handler</name>
         <value>0x4d1b</value>
      </symbol>
      <symbol id="sm-b0c">
         <name>DebugMon_Handler</name>
         <value>0x4d1b</value>
      </symbol>
      <symbol id="sm-b0d">
         <name>PendSV_Handler</name>
         <value>0x4d1b</value>
      </symbol>
      <symbol id="sm-b0e">
         <name>SysTick_Handler</name>
         <value>0x1257</value>
      </symbol>
      <symbol id="sm-b0f">
         <name>PSS_IRQHandler</name>
         <value>0x4d1b</value>
      </symbol>
      <symbol id="sm-b10">
         <name>CS_IRQHandler</name>
         <value>0x4d1b</value>
      </symbol>
      <symbol id="sm-b11">
         <name>PCM_IRQHandler</name>
         <value>0x4d1b</value>
      </symbol>
      <symbol id="sm-b12">
         <name>WDT_A_IRQHandler</name>
         <value>0x4d1b</value>
      </symbol>
      <symbol id="sm-b13">
         <name>FPU_IRQHandler</name>
         <value>0x4d1b</value>
      </symbol>
      <symbol id="sm-b14">
         <name>FLCTL_IRQHandler</name>
         <value>0x4d1b</value>
      </symbol>
      <symbol id="sm-b15">
         <name>COMP_E0_IRQHandler</name>
         <value>0x4d1b</value>
      </symbol>
      <symbol id="sm-b16">
         <name>COMP_E1_IRQHandler</name>
         <value>0x4d1b</value>
      </symbol>
      <symbol id="sm-b17">
         <name>TA0_0_IRQHandler</name>
         <value>0x4d1b</value>
      </symbol>
      <symbol id="sm-b18">
         <name>TA0_N_IRQHandler</name>
         <value>0x4d1b</value>
      </symbol>
      <symbol id="sm-b19">
         <name>TA1_0_IRQHandler</name>
         <value>0x3b53</value>
      </symbol>
      <symbol id="sm-b1a">
         <name>TA1_N_IRQHandler</name>
         <value>0x4d1b</value>
      </symbol>
      <symbol id="sm-b1b">
         <name>TA2_0_IRQHandler</name>
         <value>0x4d1b</value>
      </symbol>
      <symbol id="sm-b1c">
         <name>TA2_N_IRQHandler</name>
         <value>0x4d1b</value>
      </symbol>
      <symbol id="sm-b1d">
         <name>TA3_0_IRQHandler</name>
         <value>0x3087</value>
      </symbol>
      <symbol id="sm-b1e">
         <name>TA3_N_IRQHandler</name>
         <value>0x30a1</value>
      </symbol>
      <symbol id="sm-b1f">
         <name>EUSCIA0_IRQHandler</name>
         <value>0x4d1b</value>
      </symbol>
      <symbol id="sm-b20">
         <name>EUSCIA1_IRQHandler</name>
         <value>0x4d1b</value>
      </symbol>
      <symbol id="sm-b21">
         <name>EUSCIA2_IRQHandler</name>
         <value>0x4d1b</value>
      </symbol>
      <symbol id="sm-b22">
         <name>EUSCIA3_IRQHandler</name>
         <value>0x4d1b</value>
      </symbol>
      <symbol id="sm-b23">
         <name>EUSCIB0_IRQHandler</name>
         <value>0x4d1b</value>
      </symbol>
      <symbol id="sm-b24">
         <name>EUSCIB1_IRQHandler</name>
         <value>0x4d1b</value>
      </symbol>
      <symbol id="sm-b25">
         <name>EUSCIB2_IRQHandler</name>
         <value>0x4d1b</value>
      </symbol>
      <symbol id="sm-b26">
         <name>EUSCIB3_IRQHandler</name>
         <value>0x4d1b</value>
      </symbol>
      <symbol id="sm-b27">
         <name>ADC14_IRQHandler</name>
         <value>0x4d1b</value>
      </symbol>
      <symbol id="sm-b28">
         <name>T32_INT1_IRQHandler</name>
         <value>0x4d1b</value>
      </symbol>
      <symbol id="sm-b29">
         <name>T32_INT2_IRQHandler</name>
         <value>0x4d1b</value>
      </symbol>
      <symbol id="sm-b2a">
         <name>T32_INTC_IRQHandler</name>
         <value>0x4d1b</value>
      </symbol>
      <symbol id="sm-b2b">
         <name>AES256_IRQHandler</name>
         <value>0x4d1b</value>
      </symbol>
      <symbol id="sm-b2c">
         <name>RTC_C_IRQHandler</name>
         <value>0x4d1b</value>
      </symbol>
      <symbol id="sm-b2d">
         <name>DMA_ERR_IRQHandler</name>
         <value>0x4d1b</value>
      </symbol>
      <symbol id="sm-b2e">
         <name>DMA_INT3_IRQHandler</name>
         <value>0x4d1b</value>
      </symbol>
      <symbol id="sm-b2f">
         <name>DMA_INT2_IRQHandler</name>
         <value>0x4d1b</value>
      </symbol>
      <symbol id="sm-b30">
         <name>DMA_INT1_IRQHandler</name>
         <value>0x4d1b</value>
      </symbol>
      <symbol id="sm-b31">
         <name>DMA_INT0_IRQHandler</name>
         <value>0x4d1b</value>
      </symbol>
      <symbol id="sm-b32">
         <name>PORT1_IRQHandler</name>
         <value>0x4d1b</value>
      </symbol>
      <symbol id="sm-b33">
         <name>PORT2_IRQHandler</name>
         <value>0x4d1b</value>
      </symbol>
      <symbol id="sm-b34">
         <name>PORT3_IRQHandler</name>
         <value>0x4d1b</value>
      </symbol>
      <symbol id="sm-b35">
         <name>PORT4_IRQHandler</name>
         <value>0x4d1b</value>
      </symbol>
      <symbol id="sm-b36">
         <name>PORT5_IRQHandler</name>
         <value>0x4d1b</value>
      </symbol>
      <symbol id="sm-b37">
         <name>PORT6_IRQHandler</name>
         <value>0x4d1b</value>
      </symbol>
      <symbol id="sm-b38">
         <name>remove</name>
         <value>0x4b81</value>
      </symbol>
   </symbol_table>
   <title>Link successful</title>
</link_info>
