******************************************************************************
                  TI ARM Linker PC v18.1.4                     
******************************************************************************
>> Linked Tue Dec 18 18:36:14 2018

OUTPUT FILE NAME:   <front_switch.out>
ENTRY POINT SYMBOL: "_c_int00_noargs"  address: 00000979


MEMORY CONFIGURATION

         name            origin    length      used     unused   attr    fill
----------------------  --------  ---------  --------  --------  ----  --------
  MAIN                  00000000   00040000  000009f4  0003f60c  R  X
  INFO                  00200000   00004000  00000000  00004000  R  X
  SRAM_CODE             01000000   00010000  0000021c  0000fde4  RW X
  SRAM_DATA             20000000   00010000  0000021c  0000fde4  RW  


SEGMENT ALLOCATION MAP

run origin  load origin   length   init length attrs members
----------  ----------- ---------- ----------- ----- -------
00000000    00000000    000009f8   000009f8    r-x
  00000000    00000000    000000e4   000000e4    r-- .intvecs
  000000e4    000000e4    000008f0   000008f0    r-x .text
  000009d8    000009d8    00000020   00000020    r-- .cinit
20000000    20000000    0000001c   00000000    rw-
  20000000    20000000    0000001c   00000000    rw- .data
2000fe00    2000fe00    00000200   00000000    rw-
  2000fe00    2000fe00    00000200   00000000    rw- .stack


SECTION ALLOCATION MAP

 output                                  attributes/
section   page    origin      length       input sections
--------  ----  ----------  ----------   ----------------
.intvecs   0    00000000    000000e4     
                  00000000    000000e4     startup_msp432p401r_ccs.obj (.intvecs:retain)

.text      0    000000e4    000008f0     
                  000000e4    00000334     system_msp432p401r.obj (.text)
                  00000418    00000238     main.obj (.text)
                  00000650    000001e0     Clock.obj (.text)
                  00000830    0000009c     rtsv7M4_T_le_v4SPD16_eabi.lib : memcpy_t2.asm.obj (.text)
                  000008cc    00000068                                   : copy_decompress_lzss.c.obj (.text:decompress:lzss:__TI_decompress_lzss)
                  00000934    00000044                                   : autoinit.c.obj (.text:__TI_auto_init_nobinit_nopinit:__TI_auto_init_nobinit_nopinit)
                  00000978    00000038                                   : boot_cortex_m.c.obj (.text:_c_int00_noargs:_c_int00_noargs)
                  000009b0    0000000e                                   : copy_decompress_none.c.obj (.text:decompress:none:__TI_decompress_none)
                  000009be    0000000e     startup_msp432p401r_ccs.obj (.text)
                  000009cc    00000004     rtsv7M4_T_le_v4SPD16_eabi.lib : pre_init.c.obj (.text:_system_pre_init)
                  000009d0    00000004                                   : exit.c.obj (.text:abort:abort)

.cinit     0    000009d8    00000020     
                  000009d8    0000000d     (.cinit..data.load) [load image, compression = lzss]
                  000009e5    00000003     --HOLE-- [fill = 0]
                  000009e8    00000008     (__TI_handler_table)
                  000009f0    00000008     (__TI_cinit_table)

.init_array 
*          0    00000000    00000000     UNINITIALIZED

.binit     0    00000000    00000000     

.data      0    20000000    0000001c     UNINITIALIZED
                  20000000    00000018     Clock.obj (.data)
                  20000018    00000004     system_msp432p401r.obj (.data)

.stack     0    2000fe00    00000200     UNINITIALIZED
                  2000fe00    00000004     rtsv7M4_T_le_v4SPD16_eabi.lib : boot_cortex_m.c.obj (.stack)
                  2000fe04    000001fc     --HOLE--

MODULE SUMMARY

       Module                        code   ro data   rw data
       ------                        ----   -------   -------
    .\
       system_msp432p401r.obj        820    0         8      
       main.obj                      568    0         0      
       Clock.obj                     480    0         48     
       startup_msp432p401r_ccs.obj   14     228       0      
    +--+-----------------------------+------+---------+---------+
       Total:                        1882   228       56     
                                                             
    C:\ti\ccsv8\tools\compiler\ti-cgt-arm_18.1.4.LTS\lib\rtsv7M4_T_le_v4SPD16_eabi.lib
       memcpy_t2.asm.obj             156    0         0      
       copy_decompress_lzss.c.obj    104    0         0      
       autoinit.c.obj                68     0         0      
       boot_cortex_m.c.obj           56     0         0      
       copy_decompress_none.c.obj    14     0         0      
       exit.c.obj                    4      0         0      
       pre_init.c.obj                4      0         0      
    +--+-----------------------------+------+---------+---------+
       Total:                        406    0         0      
                                                             
       Stack:                        0      0         1024   
       Linker Generated:             0      29        0      
    +--+-----------------------------+------+---------+---------+
       Grand Total:                  2288   257       1080   


LINKER GENERATED COPY TABLES

__TI_cinit_table @ 000009f0 records: 1, size/record: 8, table size: 8
	.data: load addr=000009d8, load size=0000000d bytes, run addr=20000000, run size=0000001c bytes, compression=lzss


LINKER GENERATED HANDLER TABLE

__TI_handler_table @ 000009e8 records: 2, size/record: 4, table size: 8
	index: 0, handler: __TI_decompress_lzss
	index: 1, handler: __TI_decompress_none


GLOBAL SYMBOLS: SORTED ALPHABETICALLY BY Name 

address   name                           
-------   ----                           
000009cb  ADC14_IRQHandler               
000009cb  AES256_IRQHandler              
000004f1  BumpSwitch_Init                
00000525  BumpSwitch_Read                
000009cb  BusFault_Handler               
000009d1  C$$EXIT                        
000009cb  COMP_E0_IRQHandler             
000009cb  COMP_E1_IRQHandler             
20000008  CPMwait                        
000009cb  CS_IRQHandler                  
20000000  ClockFrequency                 
000007a5  Clock_Delay1ms                 
0000077b  Clock_Delay1us                 
00000767  Clock_GetFreq                  
00000651  Clock_Init48MHz                
20000014  Crystalstable                  
000009cb  DMA_ERR_IRQHandler             
000009cb  DMA_INT0_IRQHandler            
000009cb  DMA_INT1_IRQHandler            
000009cb  DMA_INT2_IRQHandler            
000009cb  DMA_INT3_IRQHandler            
000009cb  DebugMon_Handler               
000009cb  Default_Handler                
000009cb  EUSCIA0_IRQHandler             
000009cb  EUSCIA1_IRQHandler             
000009cb  EUSCIA2_IRQHandler             
000009cb  EUSCIA3_IRQHandler             
000009cb  EUSCIB0_IRQHandler             
000009cb  EUSCIB1_IRQHandler             
000009cb  EUSCIB2_IRQHandler             
000009cb  EUSCIB3_IRQHandler             
000009cb  FLCTL_IRQHandler               
000009cb  FPU_IRQHandler                 
000009cb  HardFault_Handler              
20000010  IFlags                         
00000419  MSP432_Launchpad_ColorLED_Init 
0000044d  MSP432_Launchpad_ColorLED_Write
0000046b  MSP432_Launchpad_RedLED_Init   
00000495  MSP432_Launchpad_RedLED_Write  
000004b3  MSP432_Launchpad_SW_Init       
000004e7  MSP432_Launchpad_SW_Read       
000009cb  MemManage_Handler              
000009cb  NMI_Handler                    
000009cb  PCM_IRQHandler                 
000009cb  PORT1_IRQHandler               
000009cb  PORT2_IRQHandler               
000009cb  PORT3_IRQHandler               
000009cb  PORT4_IRQHandler               
000009cb  PORT5_IRQHandler               
000009cb  PORT6_IRQHandler               
000009cb  PSS_IRQHandler                 
000009cb  PendSV_Handler                 
2000000c  Postwait                       
20000004  Prewait                        
000009cb  RTC_C_IRQHandler               
000009bf  Reset_Handler                  
000009cb  SVC_Handler                    
000009cb  SysTick_Handler                
20000018  SystemCoreClock                
000000e5  SystemCoreClockUpdate          
0000035d  SystemInit                     
000009cb  T32_INT1_IRQHandler            
000009cb  T32_INT2_IRQHandler            
000009cb  T32_INTC_IRQHandler            
000009cb  TA0_0_IRQHandler               
000009cb  TA0_N_IRQHandler               
000009cb  TA1_0_IRQHandler               
000009cb  TA1_N_IRQHandler               
000009cb  TA2_0_IRQHandler               
000009cb  TA2_N_IRQHandler               
000009cb  TA3_0_IRQHandler               
000009cb  TA3_N_IRQHandler               
000009cb  UsageFault_Handler             
4000480c  WDTCTL_SYM                     
000009cb  WDT_A_IRQHandler               
20010000  __STACK_END                    
00000200  __STACK_SIZE                   
000009f0  __TI_CINIT_Base                
000009f8  __TI_CINIT_Limit               
000009e8  __TI_Handler_Table_Base        
000009f0  __TI_Handler_Table_Limit       
00000935  __TI_auto_init_nobinit_nopinit 
000008cd  __TI_decompress_lzss           
000009b1  __TI_decompress_none           
ffffffff  __TI_pprof_out_hndl            
ffffffff  __TI_prof_data_size            
ffffffff  __TI_prof_data_start           
00000000  __TI_static_base__             
00000831  __aeabi_memcpy                 
00000831  __aeabi_memcpy4                
00000831  __aeabi_memcpy8                
ffffffff  __binit__                      
ffffffff  __c_args__                     
UNDEFED   __mpu_init                     
2000fe00  __stack                        
00000979  _c_int00_noargs                
UNDEFED   _system_post_cinit             
000009cd  _system_pre_init               
000009d1  abort                          
ffffffff  binit                          
0000076d  delay                          
00000000  interruptVectors               
0000052f  main                           
00000831  memcpy                         


GLOBAL SYMBOLS: SORTED BY Symbol Address 

address   name                           
-------   ----                           
00000000  __TI_static_base__             
00000000  interruptVectors               
000000e5  SystemCoreClockUpdate          
00000200  __STACK_SIZE                   
0000035d  SystemInit                     
00000419  MSP432_Launchpad_ColorLED_Init 
0000044d  MSP432_Launchpad_ColorLED_Write
0000046b  MSP432_Launchpad_RedLED_Init   
00000495  MSP432_Launchpad_RedLED_Write  
000004b3  MSP432_Launchpad_SW_Init       
000004e7  MSP432_Launchpad_SW_Read       
000004f1  BumpSwitch_Init                
00000525  BumpSwitch_Read                
0000052f  main                           
00000651  Clock_Init48MHz                
00000767  Clock_GetFreq                  
0000076d  delay                          
0000077b  Clock_Delay1us                 
000007a5  Clock_Delay1ms                 
00000831  __aeabi_memcpy                 
00000831  __aeabi_memcpy4                
00000831  __aeabi_memcpy8                
00000831  memcpy                         
000008cd  __TI_decompress_lzss           
00000935  __TI_auto_init_nobinit_nopinit 
00000979  _c_int00_noargs                
000009b1  __TI_decompress_none           
000009bf  Reset_Handler                  
000009cb  ADC14_IRQHandler               
000009cb  AES256_IRQHandler              
000009cb  BusFault_Handler               
000009cb  COMP_E0_IRQHandler             
000009cb  COMP_E1_IRQHandler             
000009cb  CS_IRQHandler                  
000009cb  DMA_ERR_IRQHandler             
000009cb  DMA_INT0_IRQHandler            
000009cb  DMA_INT1_IRQHandler            
000009cb  DMA_INT2_IRQHandler            
000009cb  DMA_INT3_IRQHandler            
000009cb  DebugMon_Handler               
000009cb  Default_Handler                
000009cb  EUSCIA0_IRQHandler             
000009cb  EUSCIA1_IRQHandler             
000009cb  EUSCIA2_IRQHandler             
000009cb  EUSCIA3_IRQHandler             
000009cb  EUSCIB0_IRQHandler             
000009cb  EUSCIB1_IRQHandler             
000009cb  EUSCIB2_IRQHandler             
000009cb  EUSCIB3_IRQHandler             
000009cb  FLCTL_IRQHandler               
000009cb  FPU_IRQHandler                 
000009cb  HardFault_Handler              
000009cb  MemManage_Handler              
000009cb  NMI_Handler                    
000009cb  PCM_IRQHandler                 
000009cb  PORT1_IRQHandler               
000009cb  PORT2_IRQHandler               
000009cb  PORT3_IRQHandler               
000009cb  PORT4_IRQHandler               
000009cb  PORT5_IRQHandler               
000009cb  PORT6_IRQHandler               
000009cb  PSS_IRQHandler                 
000009cb  PendSV_Handler                 
000009cb  RTC_C_IRQHandler               
000009cb  SVC_Handler                    
000009cb  SysTick_Handler                
000009cb  T32_INT1_IRQHandler            
000009cb  T32_INT2_IRQHandler            
000009cb  T32_INTC_IRQHandler            
000009cb  TA0_0_IRQHandler               
000009cb  TA0_N_IRQHandler               
000009cb  TA1_0_IRQHandler               
000009cb  TA1_N_IRQHandler               
000009cb  TA2_0_IRQHandler               
000009cb  TA2_N_IRQHandler               
000009cb  TA3_0_IRQHandler               
000009cb  TA3_N_IRQHandler               
000009cb  UsageFault_Handler             
000009cb  WDT_A_IRQHandler               
000009cd  _system_pre_init               
000009d1  C$$EXIT                        
000009d1  abort                          
000009e8  __TI_Handler_Table_Base        
000009f0  __TI_CINIT_Base                
000009f0  __TI_Handler_Table_Limit       
000009f8  __TI_CINIT_Limit               
20000000  ClockFrequency                 
20000004  Prewait                        
20000008  CPMwait                        
2000000c  Postwait                       
20000010  IFlags                         
20000014  Crystalstable                  
20000018  SystemCoreClock                
2000fe00  __stack                        
20010000  __STACK_END                    
4000480c  WDTCTL_SYM                     
ffffffff  __TI_pprof_out_hndl            
ffffffff  __TI_prof_data_size            
ffffffff  __TI_prof_data_start           
ffffffff  __binit__                      
ffffffff  __c_args__                     
ffffffff  binit                          
UNDEFED   __mpu_init                     
UNDEFED   _system_post_cinit             

[104 symbols]
